border_size=1
usage=map

Gg          , Gg          , Gs          , Gg          , Gg          , Gg^Vh       , Rb          , Gg          , Gg          , Gs^Fp       , Gs^Fp       , Gs^Fp       , Gs^Fp       , Gs^Fp       , Gs^Fp       , Gs^Fp       , Gs^Fp       , Gs^Fp       , Gg          , Gg          , Gg          , Gg          , Gg          , Gg          , Gg          , Gg          , Gg          , Gg          , Rb          , Rb          , Gg          , Gg          , Gg          , Gg          , Gg          , Gg          , Gg          , Gg          , Gg          , Gg          , Hh          , Mm          , Hh          , Hh^Fms      , Hh          , Mm          
Gg          , Gg          , Gs          , Gs          , Gg          , Gg          , Rb          , Gg          , Gg          , Gg          , Gg          , Gg          , Gg          , Gg          , Gg          , Gg          , Gg          , Gg          , Gg          , Gg          , Gg          , Gg          , Gg          , Gg          , Gg          , Gg          , Gg          , Rb          , Gg          , Gg          , Gg          , Gg          , Gg          , Gg          , Gg          , Gg          , Gg          , Gg          , Gg          , Gg          , Hh^Fms      , Hh^Fms      , Hh^Fms      , Hh^Fms      , Mm          , Hh          
Gg          , Gg          , Gs          , Gs          , Gg          , Gg          , Rb          , Gg          , Gg          , Gg          , Gg          , Gg          , Re^Gvs      , Re^Gvs      , Re^Gvs      , Re^Gvs      , Re^Gvs      , Re^Gvs      , Gg^Wm       , Gg          , Gg          , Gg          , Gg          , Gg          , Gg          , Gg          , Gg          , Rb          , Gg          , Gg          , Gg          , Gg          , Gg          , Gg          , Gg          , Gg          , Gg          , Gg          , Gg          , Gg          , Gg          , Hh^Fms      , Gg          , Gg          , Gg          , Gg          
Gg          , Gg          , Gs          , Gs          , Gg          , Gg          , Rb          , Gg          , Gg          , Gg          , Gg          , Gg          , Re^Gvs      , Re^Gvs      , Re^Gvs      , Re^Gvs      , Re^Gvs      , Re^Gvs      , Gg          , Gg          , Gg          , Gg          , Gg          , Gg          , Gg          , Gg          , Rb          , Rb          , Rb          , Gg          , Gg          , Gg          , Gg          , Gg          , Gg          , Gg          , Gg          , Gg          , Gg          , Gg          , Gg          , Gg          , Gg          , Gg          , Gg          , Gg          
Gg          , Gg          , Gg          , Gg          , Gg          , Gg          , Rb          , Gg          , Gg          , Gg          , Gg          , Gg          , Gg          , Gg          , Gg          , Gg          , Gg          , Gg          , Gg          , Gg          , Gg          , Gg          , Gg          , Gg          , Gg          , Rb          , Rb          , Rb          , Rb          , Rb          , Rb          , Gg          , Rb          , Gg          , Rb          , Gg          , Rb          , Gg          , Rb          , Gg          , Rb          , Gg          , Rb          , Gg          , Rb          , Gg          
Ss          , Ss          , Gg          , Gg          , Gg          , Gg          , Rb          , Gg          , Gg          , Gg          , Gg          , Gg^Vc       , Gg          , Gg          , Gg          , Gg          , Gg          , Gg^Vc       , Gg          , Gg          , Gg          , Gg          , Gg          , Gg          , Rb          , Rb          , Rb          , Rb          , Rb          , Rb          , Gg^Vh       , Rb          , Gg          , Rb          , Gg          , Rb          , Gg          , Rb          , Gg          , Rb          , Gg          , Rb          , Gg^Vh       , Rb          , Gg          , Rb          
Ss          , Ss          , Wo          , Gg          , Gg          , Gg          , Gg          , Rb          , Gg          , Gg          , Gg          , Gg          , Gg          , Gg          , Gg          , Gg          , Gg          , Gg          , Gg          , Gg          , Gg          , Gg          , Rb          , Rb          , Gg          , Gg          , Gg          , Rb          , Gg          , Gg          , Gg          , Gg          , Gg          , Gg          , Gg          , Gg          , Gg          , Gg          , Gg          , Gg          , Gg          , Gg          , Gg          , Gg          , Gg          , Gg          
Wo          , Wo          , Wo          , Ww          , Gg          , Gg          , Gg          , Rb          , Rb          , Gg          , Gg          , Gg          , Gg          , Gg          , Gg          , Gg          , Ce          , Gg          , Gg          , Gg          , Gg          , Rb          , Gg          , Gg          , Gg          , Gg          , Gg          , Gg          , Gg          , Gg          , Gg          , Gg          , Gg          , Gg^Gvs      , Gg^Gvs      , Gg^Gvs      , Gg^Gvs      , Gg^Gvs      , Gg^Gvs      , Gg^Gvs      , Gg^Gvs      , Gg^Gvs      , Gg^Gvs      , Gg          , Gg          , Gg          
Wo          , Wo          , Wo          , Ww          , Gg          , Gg          , Gg          , Gg          , Gg          , Rb          , Rb          , Gg          , Gg          , Gg          , Gg          , Ce          , 5 Ke        , Ce          , Gg          , Gg          , Rb          , Rb          , Gg          , Gg          , Gg          , Gg          , Gg          , Gg          , Gg          , Gg          , Gg          , Gg          , Gg^Gvs      , Gg^Gvs      , Gg^Gvs      , Gg^Gvs      , Gg^Gvs      , Gg^Gvs      , Gg^Gvs      , Gg^Gvs      , Gg^Gvs      , Gg^Gvs      , Gg^Gvs      , Gg          , Gg          , Gg          
Wo          , Wo          , Wo          , Ww          , Gg          , Gg          , Gg          , Gg          , Gg          , Gg          , Gg          , Rb          , Rb          , Gg          , Gg          , Ce          , Ce          , Ce          , Rb          , Rb          , Gg          , Gg          , Ce          , Ce          , Ce          , Gg          , Gg          , Gg          , Gg          , Gg          , Gg          , Gg          , Gg          , Gg^Gvs      , Gg          , Gg^Gvs      , Gg          , Gg^Gvs      , Gg^Gvs      , Gg^Gvs      , Gg^Gvs      , Gg^Gvs      , Gg          , Gg          , Gg          , Gg          
Wo          , Wo          , Wo          , Ww          , Gg          , Gg          , Gg          , Gg          , Gg          , Gg          , Gg          , Gg^Vh       , Gg          , Rb          , Rb          , Gg          , Gg          , Rb          , Gg          , Gg          , Gg          , Gg          , Ce          , 4 Ke        , Ce          , Gg          , Gg          , Gg          , Gll         , Gll         , Gll         , Gg          , Gg          , Gg          , Gg          , Gg          , Gg          , Gg          , Ww          , Ww          , Ww          , Gg          , Gg          , Gg          , Gg          , Gg          
Wo          , Wo          , Ww          , Ww          , Gg          , Gg          , Gg          , Gg          , Gg          , Gg          , Gg          , Gg          , Gg          , Gg          , Rb          , Rb          , Rb          , Rb          , Gg          , Gg          , Gg          , Gg          , Gg          , Ce          , Gg          , Gg          , Gg          , Gg          , Gll         , Gll         , Hh^Fds      , Gll         , Gll         , Gg          , Gg          , Gg          , Ww^Bw\      , Ww          , Ww          , Wo          , Wo          , Ww          , Gg          , Gg          , Gg          , Gg          
Wo          , Wo          , Ww          , Gg          , Gg          , Gg          , Gg          , Gg          , Gg          , Gg          , Gg          , Gg          , Rb          , Rb          , Gg          , Gg          , Rb          , Gg          , Gg          , Gg          , Gg          , Gg          , Gg          , Gg          , Gg          , Gg          , Gg          , Gg          , Gll         , Hh^Fds      , Hh^Fds      , Gs^Fms      , Gll         , Gll         , Gg          , Gg          , Ww          , Ww^Bw\      , Wo          , Wo          , Wo          , Ww          , Ww          , Gg          , Gg          , Gg          
Wo          , Ww          , Ww          , Wo          , Ww          , Gg          , Gg          , Gg          , Gg          , Gg^Vh       , Rb          , Rb          , Gg          , Gg          , Gg          , Gg          , Ch          , Gg          , Gg          , Gg          , Gg          , Gg          , Gg          , Gg          , Ce          , Ce          , Ce          , Gg          , Gll         , Hh^Fms      , Hh^Fds      , Gs^Fms      , Gs^Fms      , Gll         , Gg          , Gg          , Ww          , Wo          , Wo^Bw/      , Khw         , Wo          , Wo          , Ww          , Gg          , Gg          , Gg          
Wo          , Wo          , Wo          , Ww          , Ww          , Gs          , Gs          , Gg          , Gg          , Gg          , Gg          , Gg          , Gg          , Gg          , Gg          , Ch          , Ch          , Ch          , Gg          , Gg          , Gg          , Gg          , Gg          , Gg          , Ce          , 6 Ke        , Ce          , Gll         , Gll         , Gs^Fms      , Gs^Fms      , Gs^Fms      , Gs^Fms      , Gll         , Gll         , Gg          , Ww          , Wo          , Wo          , Wo          , Wo          , Ww          , Gg          , Gg          , Gg          , Gg          
Wo          , Wo          , Wo          , Ww          , Gg          , Gs          , Gs          , Gg          , Ss          , Ss          , Gs          , Gg          , Ce          , Ce          , Ce          , Gg          , Rb          , Gg          , Gg          , Gg          , Gg          , Gg          , Gg          , Gg          , Gs^Fp       , Ce          , Gg          , Gg          , Gll         , Hh^Fds      , Hh^Fms      , Gs^Fms      , Gs^Fms      , Gll         , Gll         , Gll         , Gg          , Ww          , Ww          , Ww          , Ww          , Ww          , Gg          , Gg          , Gll         , Gg          
Wo          , Wo          , Wo          , Ww          , Gg          , Gs          , Ss          , Gs          , Ss          , Ss          , Ss          , Gs          , Ce          , 3 Ke        , Ce          , Gg          , Rb          , Gg          , Gg          , Gg          , Gg          , Gg          , Gg          , Gs^Fp       , Gs^Fp       , Gs^Fp       , Gg          , Gg          , Gll         , Hh^Fds      , Hh^Fms      , Hh^Fms      , Gg          , Gs^Fms      , Gll         , Gll         , Gll         , Gg          , Gg          , Gg          , Gg          , Gg          , Gll         , Gs^Fms      , Gs^Fms      , Gll         
Wo          , Wo          , Wo          , Ww          , Gs          , Ss          , Ss          , Gs          , Gs          , Ss          , Gs          , Gs          , Gg          , Ce          , Gg          , Gg          , Rb          , Gg          , Gg          , Gg          , Gg          , Gg          , Gs^Fp       , Gs^Fp       , Gs^Fp       , Gg          , Gg          , Gg          , Gll         , Hh^Fms      , Hh^Fms      , Hh^Fms      , Hh^Fms      , Gs^Fms      , Gll         , Gll         , Gll         , Gg          , Gll         , Gll         , Hh^Fp       , Gll         , Gs^Fms      , Gs^Fms      , Gs^Fms      , Gll         
Wo          , Wo          , Wo          , Ww          , Gs          , Ss          , Ss          , Gg          , Gg          , Gs          , Gg          , Gs          , Gg          , Gg          , Gg          , Gg          , Gg          , Rb          , Rb          , Gg          , Gg          , Gg          , Gs^Fp       , Gs^Fp       , Gs^Fp       , Gg          , Gg          , Gll         , Gll         , Hh^Fms      , Hh          , Hhd^Fmf     , Hhd^Fmf     , Hh^Fms      , Hh^Fms      , Gll         , Gll         , Gll         , Hh^Fp       , Hh^Fp       , Gs^Fms      , Gs^Fms      , Gs^Fds      , Gs^Fms      , Gs^Fp       , Gs^Fms      
Wo          , Wo          , Wo          , Ww          , Ww          , Ss          , Ss          , Gg          , Gg          , Gs^Fds      , Gg          , Gs          , Gg          , Gg          , Gg          , Gs          , Gs          , Gg^Vh       , Rb          , Gg          , Gg          , Gg          , Gg          , Gs^Fp       , Gg          , Gg          , Gg          , Gg          , Gg          , Gll         , Hh          , Hh          , Hh          , Hhd^Fmf     , Hh^Fms      , Gs^Fms      , Hhd^Fmf     , Gll         , Gs^Fms      , Gs^Fms      , Gs^Fds      , Gs^Fds      , Gs^Fp       , Gs^Fds      , Gs^Fms      , Gs^Fms      
Wo          , Wo          , Wo          , Ww          , Ww          , Ww          , Ww          , Gs          , Gs^Fds      , Gs^Fds      , Gs          , Gs          , Gg          , Gg          , Gg          , Gs          , Gg          , Gg          , Rb          , Gg          , Gg          , Gg          , Gg          , Gg          , Gg          , Gg          , Gg          , Gg          , Gll         , Gll         , Gll         , Hh          , Hh          , Hh          , Mm          , Hh          , Mm          , Hh^Fp       , Gs^Fms      , Gs^Fds      , Gs^Fms      , Gs^Fp       , Gs^Fds      , Gs^Fds      , Gs^Fms      , Gg          
Wo          , Wo          , Wo          , Ww          , Ww          , Ww          , Ww          , Ww          , Gg          , Gs          , Gg          , Gg          , Gg          , Gg          , Gg          , Gg          , Gg          , Gg          , Rb          , Gg          , Gg          , Gg          , Gg          , Gg          , Gg          , Gg          , Gg          , Gg          , Gg          , Gll         , Gll         , Gll         , Gg          , Hh          , Mm          , Mm          , Mm          , Gg          , Gs^Fms      , Gs^Fds      , Gs^Fds      , Gs^Fds      , Gs^Fp       , Gs^Fp       , Gs^Fms      , Gg          
Wo          , Wo          , Wo          , Wo          , Ww          , Ww          , Gs          , Gs          , Gs          , Gs          , Ww          , Ww          , Ww          , Ww          , Ww          , Gg          , Gg          , Gg          , Rb          , Gg          , Ww          , Ww          , Ww          , Gg          , Gg          , Hh          , Hh          , Gg          , Hh          , Gg          , Gg          , Gg          , Gg          , Gg          , Gg          , Mm          , Gg          , Gg          , Hh^Fp       , Gs^Fms      , Gs^Fms      , Gs^Fds      , Gs^Fds      , Gs^Fms      , Gs^Fms      , Gg          
Wo          , Wo          , Ww          , Ww          , Gg          , Gg          , Gg          , Gg          , Gs          , Gg          , Ww          , Ww          , Wo          , Ww          , Wo          , Ww          , Ww          , Ww          , Ww^Bsb|     , Ww          , Ww          , Wo          , Wo          , Ww          , Ww          , Hh          , Hh          , Hh          , Hh          , Hh          , Gg          , Gg          , Gg          , Gll         , Gg          , Gg          , Ce          , Gg          , Gg          , Gg          , Gs^Fms      , Gs^Fms      , Gs^Fms      , Gg          , Gs^Fms      , Gg          
Wo          , Wo          , Ww          , Ds          , Gg          , Gg          , Gg          , Gs          , Ww          , Ww          , Wo          , Wo          , Wo          , Wo          , Ww          , Ww          , Ww          , Ww          , Rr          , Ww          , Ww          , Ww          , Ww          , Ww          , Wo          , Ww          , Ww          , Ww          , Hh          , Gg          , Gg          , Gg          , Gg          , Gll         , Gg          , Ce          , 2 Ke        , Ce          , Gg          , Gg          , Gs^Fds      , Gs^Fds      , Gs^Fms      , Gs^Fms      , Gs^Fms      , Gg          
Wo          , Wo          , Ww          , Ds          , Ds          , Gs          , Ww          , Ww          , Wo          , Ww          , Ww          , Wo          , Ww^Bw\      , Ww          , Ch          , Ch          , Ch          , Gg          , Rr          , Gg          , Ch          , Ch          , Ch          , Ww          , Ww          , Wo          , Wo          , Ww          , Ww          , Ww          , Ww^Bsb/     , Rb          , Rb          , Gg          , Gg          , Ce          , Ce          , Ce          , Gs^Fms      , Gs^Fds      , Gs^Fms      , Hh^Fp       , Gs^Fms      , Hh^Fp       , Gs^Fms      , Hh^Fp       
Wo          , Wo          , Ww          , Ww          , Ww^Bw|      , Ww          , Ww          , Wo          , Wo          , Wo          , Ww          , Wo          , Ww          , Ds          , Gg          , Ch          , Gg          , Gg          , Rr          , Gg^Vh       , Gg          , Ch          , Gg          , Gg          , Gg          , Ww          , Ww          , Ww          , Gg          , Ww^Bsb/     , Ww          , Ww          , Ww          , Rb          , Rb          , Gg          , Gg          , Gs^Fms      , Gs^Fms      , Hh^Fp       , Gs^Fms      , Gs^Fms      , Gs^Fms      , Gs^Fms      , Gll         , Gll         
Wo          , Wo          , Ww          , Ww          , Ds          , Ww          , Ww          , Wo          , Ww          , Ww          , Ww          , Ww          , Gg          , Ds          , Gg          , Gg          , Gg          , Gg          , Rr          , Gg          , Gg          , Gg          , Gs^Fp       , Gg          , Gg          , Gg          , Gs^Fms      , Gg          , Gs^Fms      , Gg          , Gg          , Ww          , Wo          , Ww          , Rb          , Gll         , Gll         , Gs^Fms      , Hh^Fp       , Gll         , Gll         , Gs^Fms      , Gll         , Gll         , Gll         , Gll         
Wo          , Wo          , Ww          , Ds          , Ww          , Ds          , Ww          , Wo          , Ww          , Ww^Bw\      , Ds          , Ds          , Gg          , Gg          , Gg^Wm       , Gg          , Gg          , Gg^Vh       , Rr          , Gg          , Gg          , Gs^Fp       , Gg          , Gs^Fp       , Gg          , Gg          , Gs^Fms      , Gs^Fms      , Gs^Fms      , Gg          , Gg          , Ww          , Wo          , Ww          , Rb          , Gg          , Gll         , Gll         , Gll         , Gll         , Gg          , Gll         , Gg          , Gll         , Gg          , Gg          
Wo          , Wo          , Ww          , Ds          , Ds          , Ds          , Ww          , Wo          , Ww          , Gg          , Rr          , Rr          , Rr          , Gg          , Re^Gvs      , Re^Gvs      , Re^Gvs      , Gg          , Rr          , Gg          , Gg          , Gs^Fp       , Gg          , Gs^Fp       , Gg          , Gg          , Gg          , Gs^Fms      , Gg          , Gg          , Gg          , Ww          , Ww          , Ww          , Rb          , Gg          , Gg          , Gg          , Gg          , Gg          , Gg          , Gg          , Gg          , Gg          , Gg          , Gg          
Wo          , Wo          , Wo          , Ww          , Ww          , Ww          , Wo          , Wo          , Ww          , Gg          , Rr          , Rr          , Rr          , Gg          , Re^Gvs      , Re^Gvs      , Re^Gvs      , Gg          , Rr          , Gg          , Gg          , Gg          , Gg          , Gg          , Rr          , Rr          , Rr          , Gg^Vh       , Rr          , Gg          , Rr          , Ww          , Ww          , Ww          , Ww          , Rb          , Rb          , Gg          , Gg          , Gg          , Gg          , Gg          , Gg          , Gg          , Gg          , Gg          
Wo          , Wo          , Wo          , Wo          , Ww          , Ww          , Wo          , Wo          , Ww^Bw\      , Ds          , Gg          , Rr          , Rr          , Gg          , Gg          , Gg          , Gg          , Gg          , Ch          , Gg          , Gg          , Gg          , Rr          , Rr          , Gg          , Gg          , Gg          , Rr          , Gg          , Rr          , Gg          , Rr          , Ww          , Ww          , Ww          , Rb          , Rb          , Rb          , Rb          , Rb          , Rb          , Rb          , Rb          , Rb          , Rb          , Rb          
Wo          , Wo          , Wo          , Wo          , Ww          , Wo          , Wo          , Wo          , Ww          , Ds          , Gg          , Rr          , Gg          , Rr          , Rr          , Rr          , Rr          , Ch          , Ch          , Ch          , Ch          , Rr          , Gg          , Gg          , Gg^Vh       , Gg          , Gg          , Gg          , Gg          , Gg          , Gg          , Ww          , Ww          , Ww          , Wo          , Ww          , Rb          , Gg          , Gg          , Gg          , Gg          , Gg          , Gg          , Gg          , Gg          , Gg          
Wo          , Wo          , Wo          , Wo          , Ww          , Wo          , Wo          , Ww          , Ww          , Gg          , Gg          , Rr          , Gg          , Gg^Vh       , Gg          , Gg          , Ch          , Ch          , 1 Kh        , Ch          , Ch          , Rr          , Rr          , Gg          , Rr          , Rr          , Rr          , Gg          , Rp^Vhc      , Gg          , Ww          , Ww          , Wo          , Wo          , Wo          , Ww          , Rb          , Gg          , Gg          , Gg          , Gg          , Gg          , Gg          , Gg          , Gg          , Gg          
Wo          , Wo          , Wo          , Wo          , Wo          , Wo          , Ww          , Ww          , Ww          , Ds          , Rr          , Rr          , Gs^Fp       , Gs^Fp       , Gg          , Gg          , Ch          , Ch          , Kh          , Ch          , Rr          , Gg          , Gg^Wm       , Rr          , Gg^Fet      , Gg          , Gg          , Rr          , Gg          , Gg          , Gg          , Ww          , Wo          , Wo          , Ww          , Ww          , Gg          , Rb          , Rb          , Gg          , Gg          , Gg          , Gg          , Gg          , Gg          , Gg          
Wo          , Wo          , Wo          , Wo          , Wo          , Ww          , Ww          , Ww^Bw\      , Ds          , Ds          , Rr          , Rb          , Gs^Fp       , Gs^Fp       , Gg          , Rr          , Gg          , Ch          , Ch          , Ch          , Gg          , Rr          , Rr          , Gg          , Gg^Fet      , Gg^Fet      , Gg^Fet      , Rr          , Gg          , Gg          , Ww          , Ww          , Ww          , Ww          , Ww          , Gg          , Gg          , Gg          , Gg          , Rb          , Gg          , Gg          , Gg          , Gg          , Gg          , Gg          
Wo          , Wo          , Wo          , Wo          , Wo          , Ww          , Ww          , Ww          , Gg          , Rr          , Rb          , Rb          , Gs^Fp       , Gs^Fp       , Rr          , Rr          , Gg          , Gg          , Rr          , Gg          , Gg          , Gg          , Gg          , Rr          , Gg          , Gg^Fet      , Gg          , Rr          , Gg          , Gg          , Ww          , Ww          , Ww          , Gs          , Gg          , Gg          , Gg          , Gg          , Gg          , Rb          , Rb          , Gg          , Gg          , Gg          , Gg          , Gg          
Wo          , Wo          , Wo          , Wo          , Ww          , Ww          , Ww          , Gg          , Gg          , Rb          , Rb          , Gg          , Rr          , Rr          , Gs^Fds      , Gs^Fds      , Gs^Fds      , Gg          , Rr          , Gg          , Gg          , Gg          , Gg          , Rr          , Rr          , Rr          , Rr          , Rp          , Rp^Vhc      , Gg          , Ww          , Ww          , Ww          , Gs          , Gs          , Gg          , Gg          , Gg          , Gg          , Gg          , Gg          , Rb          , Gg          , Gg          , Gg          , Gg          
Wo          , Wo          , Wo          , Wo          , Ww          , Ww          , Ww^Bw\      , Ds          , Gg          , Rb          , Rb          , Gg          , Rr          , Gg^Vh       , Gs^Fds      , Gg^Fet      , Gs^Fds      , Gg          , Rr          , Gg          , Gg          , Gg          , Gg          , Rp^Vhc      , Gg          , Gg          , Gg          , Gg          , Gg          , Gg          , Ww          , Ww          , Gs          , Gs          , Gg          , Gg          , Gg          , Gg          , Gg          , Gg          , Gg          , Rb          , Rb          , Gg          , Gg          , Gg          
Wo          , Wo          , Wo          , Wo          , Wo          , Ww          , Ww          , Ds          , Rr          , Rr          , Rb          , Gg^Vh       , Gg          , Gg          , Gs^Fds      , Gg^Fet      , Gs^Fds      , Gg          , Gg          , Rr          , Gg          , Gg          , Gg          , Gg          , Gg          , Gg          , Gg          , Gg          , Gg          , Gg          , Ww          , Ww          , Gs          , Gs          , Gs          , Gg          , Gg          , Gg          , Gg          , Gg          , Gg          , Gg          , Gg          , Rb          , Rb          , Gg          
Wo          , Wo          , Wo          , Wo          , Wo          , Ww          , Ww          , Ds          , Rr          , Rr          , Rr          , Rb          , Rb          , Gg          , Gs^Fds      , Gs^Fds      , Gs^Fds      , Gg          , Gg^Wm       , Rr          , Gg          , Gg          , Gg          , Gg          , Gg          , Gs^Fds      , Gs^Fds      , Gg          , Gg          , Gg          , Ww          , Ww          , Gs          , Gs          , Gg          , Gs          , Gg          , Gg          , Gg          , Gg          , Gg          , Gg          , Gg          , Gg          , Gg          , Rb          
Wo          , Wo          , Wo          , Wo          , Wo          , Ww          , Ww          , Ww^Bw/      , Ww          , Rr          , Gg          , Rb          , Gg          , Rb          , Rb          , Gg          , Gg          , Gg          , Gg          , Rr          , Gg          , Gg          , Gg          , Gg          , Gs^Fds      , Gs^Fds      , Gs^Fds      , Gs^Fds      , Gg          , Ww          , Ww          , Ww          , Gs          , Gs          , Gg          , Gg          , Gg          , Gg          , Gg          , Gg          , Gg          , Gg          , Gg          , Gg          , Gg          , Gg          
Wo          , Wo          , Wo          , Wo          , Wo          , Ww          , Ww          , Ww          , Ww          , Ww          , Ww          , Gg          , Ww          , Gg          , Rb          , Rb          , Gg          , Gg          , Gg          , Rr          , Gg          , Gg          , Gg          , Gg          , Gg          , Gs^Fds      , Gg          , Gg          , Gg          , Ww          , Ww          , Ww          , Gs          , Gg          , Gg          , Gg          , Gg          , Gg          , Gg          , Gg          , Gs^Fp       , Gs^Fp       , Gs^Fp       , Gg          , Gg          , Gg          
Wo          , Wo          , Wo          , Wo          , Ww          , Ww          , Gg          , Ww          , Gg          , Ww          , Ww          , Ww          , Ww          , Ww          , Wwf         , Ww          , Ww          , Gg          , Wwf         , Rr          , Wwf         , Gg          , Gg          , Gg          , Gg          , Gg          , Gg          , Gg          , Gg          , Ww          , Ww          , Gg          , Gg          , Gs          , Gg          , Gg          , Gg          , Gg          , Gs^Fp       , Gs^Fp       , Gg^Fet      , Gs^Fp       , Gs^Fp       , Gg          , Gg          , Gg          
Wo          , Wo          , Wo          , Ww^Bw\      , Gg          , Gg          , Gg          , Gg          , Gg          , Gg          , Gg          , Ww          , Ww          , Ww          , Ww          , Ww          , Ww          , Ww          , Ww          , Ww^Bsb|     , Ww          , Ww          , Ww          , Ww          , Ww          , Gg          , Ww          , Ww          , Ww          , Ww          , Ww          , Gg          , Gg          , Gg          , Gg          , Gg          , Gg          , Gg          , Gs^Fp       , Gs^Fp       , Gg^Fet      , Gs^Fp       , Gs^Fp       , Gg          , Gg          , Gg          
Wo          , Wo          , Wo          , Ww          , Gg          , Gg          , Gg          , Gg          , Gg          , Gg          , Gs^Fms      , Gg          , Gg          , Gg          , Gg          , Gg          , Gs^Fds      , Gs^Fds      , Gg          , Ww^Bsb|     , Gg          , Ww          , Gs          , Ww          , Ww          , Ww          , Ww          , Ww          , Gg          , Ww          , Gg          , Gg          , Gg          , Gg          , Gg          , Gg          , Gg          , Gg          , Gg          , Gs^Fp       , Gs^Fp       , Gs^Fp       , Gg          , Gg          , Gg          , Gg          
Wo          , Wo          , Wo          , Ww          , Ww          , Gg          , Gg          , Gg          , Gg          , Gs^Fms      , Gs^Fms      , Gg          , Gg          , Gg          , Gs^Fms      , Gs^Fds      , Gs^Fds      , Gs^Fds      , Rb          , Rb          , Gg          , Gg          , Gg          , Gs          , Gg          , Gg          , Re^Gvs      , Gg          , Gg^Wm       , Gg          , Gs^Fp       , Gs^Fp       , Gs^Fp       , Gg          , Gg          , Gg          , Gg          , Gg          , Gg          , Gg          , Gg          , Gg          , Gg          , Gg          , Gg          , Gg          
Wo          , Wo          , Wo          , Wo          , Ww          , Ww          , Gg          , Gg          , Gg          , Gs^Fms      , Gg          , Gg          , Gg          , Gs^Fms      , Gs^Fms      , Gg          , Gg          , Gg          , Rb          , Gg          , Gg          , Gg          , Gg          , Gg          , Re^Gvs      , Re^Gvs      , Re^Gvs      , Re^Gvs      , Re^Gvs      , Gs^Fp       , Gs^Fp       , Gs^Fp       , Gg          , Gg          , Gg          , Gg          , Gg          , Gg          , Gg          , Gg          , Gg          , Gg          , Gg          , Gg          , Gg          , Gg          
Wo          , Wo          , Wo          , Wo          , Ww^Bw\      , Ww          , Gg          , Gg          , Gg          , Gg          , Gg          , Gg          , Gg          , Gg          , Gg          , Gg          , Rb          , Rb          , Gg          , Gg          , Gg          , Gg          , Gg          , Gs^Fms      , Re^Gvs      , Re^Gvs      , Re^Gvs      , Re^Gvs      , Re^Gvs      , Gg          , Gg          , Gg          , Gg          , Gg          , Gg          , Gg          , Gg          , Gg          , Gg          , Gg          , Gg          , Gg          , Gg          , Gg          , Gg          , Gg          
Wo          , Wo          , Wo          , Wo          , Ww          , Gg          , Gg          , Gg          , Gg          , Gg          , Gg          , Gg          , Gg          , Gg          , Rb          , Rb          , Gg          , Gg          , Gg          , Gg          , Gg          , Gg          , Gs^Fms      , Gs^Fms      , Gs^Fms      , Re^Gvs      , Re^Gvs      , Re^Gvs      , Gg          , Gg          , Gg          , Gg          , Gg          , Gg          , Gg          , Gg          , Gg          , Gg          , Gg          , Gg          , Gg          , Gg          , Gg          , Gg          , Gg          , Gg          
Wo          , Wo          , Wo          , Wo          , Ww          , Gg          , Gg          , Gg          , Gg          , Gg          , Gg          , Gg          , Rb          , Rb          , Gg          , Gg          , Gg          , Gg          , Gg          , Gg          , Gg          , Gg          , Gg          , Gs^Fms      , Gg          , Gg          , Gg          , Gg          , Gg          , Gg          , Gg          , Gg          , Gg          , Gg          , Gg          , Gg          , Gg          , Gg          , Gg          , Gg          , Gg          , Gg          , Gg          , Gg          , Gg          , Gg          
