border_size=1
usage=map

Wo          , Wo          , Wo          , Wo          , Wo          , Wo          , Wo          , Wo          , Wo          , Wo          , Wo          , Wo          , Wo          , Wo          , Ww          , Ww          , Ww          , Wwf         , Wwf         , Wwf         , Ww          , Wo          , Ww          , Wo          , Wo          , Wo          , Wo          , Wo          , Wo          , Wo          , Wo          , Wo          , Wo          , Wo          , Wo          , Wo          , Wo          , Wo          , Wo          , Wo          , Wo          , Wo          , Wo          , Wo          , Wo          , Wo          , Wo          , Wo          , Wo          , Wo          , Wo          , Wo          , Wo          , Wo          , Wo          , Wo          , Wo          , Wo          , Wo          , Wo          , Wo          , Wo          , Wo          
Wo          , Wo          , Wo          , Wo          , Wo          , Wo          , Wo          , Wo          , Wo          , Wo          , Wo          , Wo          , Wo          , Ww          , Ww          , Ww          , Wwf         , Wwf         , Wwf         , Ww          , Ww          , Ww          , Ww          , Wo          , Wo          , Wo          , Wo          , Wo          , Wo          , Wo          , Wo          , Wo          , Wo          , Wo          , Wo          , Wo          , Wo          , Wo          , Wo          , Wo          , Wo          , Wo          , Wo          , Wo          , Wo          , Wo          , Wo          , Wo          , Wo          , Wo          , Wo          , Wo          , Wo          , Wo          , Wo          , Wo          , Wo          , Wo          , Wo          , Wo          , Wo          , Wo          , Wo          
Wo          , Wo          , Wo          , Wo          , Wo          , Wo          , Wo          , Wo          , Wo          , Wo          , Wo          , Wo          , Wo          , Wo          , Ww          , Ww          , Wwf         , Wwf         , Wwf         , Wwf         , Ww          , Ww          , Ww          , Ww          , Ww          , Wo          , Wo          , Wo          , Wo          , Wo          , Wo          , Wo          , Wo          , Wo          , Wo          , Wo          , Wo          , Wo          , Wo          , Wo          , Wo          , Wo          , Wo          , Wo          , Wo          , Wo          , Wo          , Wo          , Wo          , Wo          , Wo          , Wo          , Wo          , Wo          , Wo          , Wo          , Wo          , Wo          , Wo          , Wo          , Wo          , Wo          , Wo          
Ww          , Wo          , Wo          , Wo          , Wo          , Wo          , Wo          , Wo          , Wo          , Wo          , Wo          , Wo          , Wo          , Wo          , Ww          , Ww          , Ww          , Wwf         , Ww          , Wwf         , Ww          , Ww          , Ww          , Ww          , Ww          , Ww          , Wo          , Wo          , Wo          , Wo          , Wo          , Wo          , Wo          , Wo          , Wo          , Wo          , Wo          , Wo          , Wo          , Wo          , Wo          , Wo          , Wo          , Wo          , Wo          , Wo          , Wo          , Wo          , Wo          , Wo          , Ww          , Wo          , Wo          , Wo          , Wo          , Wo          , Wo          , Wo          , Wo          , Ww          , Ww          , Wo          , Wo          
Ww          , Wo          , Wo          , Wo          , Wo          , Wo          , Wo          , Wo          , Wo          , Wo          , Wo          , Wo          , Wo          , Wo          , Ww          , Ww          , Ww          , Ww          , Wwf         , Wwf         , Ww          , Ww          , Ww          , Ww          , Wo          , Ww          , Wo          , Wo          , Wo          , Wo          , Wo          , Wo          , Wo          , Wo          , Wo          , Wo          , Wo          , Wo          , Wo          , Wo          , Wo          , Wo          , Wo          , Wo          , Wo          , Wo          , Wo          , Wo          , Wo          , Ww          , Ww          , Ww          , Wo          , Wo          , Wo          , Wo          , Wo          , Wo          , Ww          , Ww          , Ww          , Ww          , Ww          
Wwf         , Ww          , Ww          , Wo          , Wo          , Wo          , Wo          , Wo          , Wo          , Wo          , Ww          , Wo          , Ww          , Wo          , Ww          , Ww          , Ww          , Ww          , Ww          , Wwf         , Ww          , Ww          , Ww          , Ww          , Ww          , Wo          , Wo          , Wo          , Wo          , Wo          , Wo          , Wo          , Ww          , Wo          , Ww          , Ww          , Ww          , Wo          , Ww          , Wo          , Wo          , Wo          , Wo          , Wo          , Wo          , Wo          , Wo          , Wo          , Wo          , Ww          , Ww          , Wo          , Wo          , Wo          , Wo          , Wo          , Wo          , Wo          , Ww          , Ww          , Ww          , Ww          , Wo          
Wwf         , Ww          , Ww          , Ww          , Ww          , Ww          , Ww          , Wo          , Ww          , Ww          , Ww          , Ww          , Ww          , Ww          , Ww          , Ww          , Ww          , Ww          , Wwf         , Wwf         , Ww          , Ww          , Ww          , Ww          , Ww          , Ww          , Ww          , Wo          , Ww          , Wo          , Ww          , Ww          , Ww          , Ww          , Ww          , Ww          , Ww          , Ww          , Ww          , Ww          , Ww          , Ww          , Ww          , Wo          , Ww          , Wo          , Ww          , Wo          , Ww          , Ww          , Ww          , Ww          , Ww          , Ww          , Ww          , Ww          , Ww          , Wo          , Ww          , Ww          , Ww          , Ww          , Ww          
Wwf         , Ww          , Ww          , Ww          , Wwf         , Ww          , Wwf         , Ww          , Ww          , Ww          , Wwf         , Wwf         , Wwf         , Ww          , Ww          , Ww          , Ww          , Ww          , Wwf         , Wwf         , Wwf         , Ww          , Ww          , Ww          , Wwf         , Ww          , Ww          , Ww          , Ww          , Ww          , Ww          , Ww          , Ww          , Ww          , Ww          , Ww          , Ww          , Ww          , Wwf         , Ww          , Ww          , Ww          , Ww          , Ww          , Ww          , Ww          , Ww          , Ww          , Ww          , Ww          , Ww          , Ww          , Ww          , Ww          , Ww          , Ww          , Gs^Fmf      , Ww          , Ww          , Ww          , Ww          , Ww          , Ww          
Wwf         , Wwf         , Ww          , Ww          , Ww          , Wwf         , Ww          , Ww          , Ww          , Ww          , Ww          , Wwf         , Wwf         , Ww          , Ww          , Ww          , Ww          , Wwf         , Wwf         , Wwf         , Wwf         , Wwf         , Ww          , Ww          , Wwf         , Wwf         , Ww          , Ww          , Ww          , Ww          , Ww          , Ww          , Ww          , Ww          , Ww          , Ww          , Wwf         , Wwf         , Wwf         , Ww          , Ww          , Ww          , Ww          , Ww          , Ww          , Ww          , Ww          , Ww          , Ww          , Wwf         , Ww          , Ww          , Gs^Fmf      , Ww          , Gs^Fmf      , Gs^Fmf      , Gs^Fmf      , Gs^Fmf      , Gs^Fmf      , Ww          , Gs^Fmf      , Gs^Fmf      , Hh^Fmf      
Gg          , Gg          , Gg          , Gg          , Gg          , Gg          , Gg          , Gg          , Gg          , Gg^Vl       , Rb          , Gg^Vc       , Rb          , Gg          , Gg^Vh       , Gg          , Gg          , Gg          , Gg          , Gg          , Gg          , Gg          , Gg          , Gg          , Gg          , Gg          , Gg          , Ww          , Gg          , Ww          , Gg          , Gg          , Gg          , Gg          , Gg          , Gg          , Gg          , Gg          , Gg          , Gg          , Gg          , Gg          , Gg          , Gg          , Rb          , Gg^Vh       , Gg          , Gg          , Gg          , Gg          , Gs^Fmf      , Gs^Fmf      , Gs^Fmf      , Gs^Fmf      , Gs^Fmf      , Gs^Fmf      , Gs^Fmf      , Gs^Fmf      , Gs^Fmf      , Gs^Fmf      , Gs^Fmf      , Gs^Fmf      , Hh^Fmf      
Gg          , Gg          , Gg          , Gg^Efm      , Gg^Efm      , Gg          , Gg          , Gg          , Gg          , Rb          , Gg          , Rb          , Gg^Dr       , Rb          , Rb          , Rb          , Rb          , Rb          , Rb          , Rb          , Rb          , Gg^Vl       , Rb          , Rb          , Rb          , Gg          , Gg          , Gg^Vh       , Rb          , Gg          , Gg          , Gg          , Gg          , Gg          , Rb          , Rb          , Rb          , Rb          , Rb          , Gg          , Gg          , Gg          , Rb          , Rb          , Rb          , Gg          , Gg^Dr       , Gg          , Gg          , Gg          , Gs^Fmf      , Gs^Fmf      , Gs^Fmf      , Gs^Fmf      , Gs^Fmf      , Gs^Fmf      , Gs^Fmf      , Gs^Fmf      , Gs^Fmf      , Gs^Fmf      , Gs^Fmf      , Hh^Fmf      , Hh^Fmf      
Gg          , Gg          , Gg^Efm      , Gg^Efm      , Gg^Efm      , Gg^Efm      , Gg^Efm      , Gg          , Gg^Vc       , Rb          , Gg          , Gg^Dr       , Gg^Dr       , Gg          , Rb          , Gg          , Gg          , Rb          , Gg          , Gg          , Gg          , Rb          , Gg^Dr       , Gg          , Gg^Dr       , Rb          , Rb          , Rb          , Gg^Dr       , Rb          , Rb          , Gg^Vh       , Rb          , Rb          , Rb          , Rb          , Rb          , Rb          , Rb          , Rb          , Rb          , Rb          , Gg^Vl       , Gg          , Rb          , Gg          , Gg          , Gg          , Gg^Vl       , Gg          , Hh^Fds      , Gs^Fmf      , Gs^Fmf      , Gs^Fmf      , Gs^Fmf      , Gs^Fmf      , Gs^Fmf      , Gs^Fmf      , Hh^Fmf      , Gs^Fmf      , Gs^Fmf      , Hh^Fmf      , Hh^Fmf      
Gg          , Gg          , Gg^Efm      , Gg^Efm      , Gg^Efm      , Gg^Efm      , Gg^Efm      , Gg          , Gg          , Rb          , Rb          , Rb          , Rb          , Rb          , Gs^Fmf      , Gs^Fmf      , Gs^Fmf      , Gg          , Gg          , Gg          , Gs^Fmf      , Gg          , Gg          , Gg^Dr       , Rb          , Rb          , Gg          , Gg^Dr       , Gg^Dr       , Gg          , Gs^Fmf      , Rb          , Gs^Fmf      , Rb          , Rb          , Rb          , Rb          , Rb          , Rb          , Rb          , Gs^Fmf      , Gs^Fmf      , Gs^Fmf      , Rb          , Rb          , Rb          , Rb          , Rb          , Gg          , Gg          , Ww          , Hh^Fds      , Gs^Fmf      , Gs^Fmf      , Gs^Fmf      , Gs^Fmf      , Gs^Fmf      , Hh^Fmf      , Gs^Fmf      , Gs^Fmf      , Gs^Fmf      , Hh^Fmf      , Hh^Fmf      
Gg          , Gg          , Gg          , Gg^Efm      , Gg          , Gg^Efm      , Gg^Efm      , Gg^Efm      , Gg          , Gg          , Gs^Fmf      , Gg^Vl       , Gg          , Gs^Fmf      , Gs^Fmf      , Gs^Fmf      , Gs^Fms      , Gs^Fmf      , Gs^Fmf      , Gs^Fmf      , Gs^Fmf      , Gs^Fmf      , Gs^Fmf      , Gg          , Rb          , Gg^Vc       , Gg          , Gg          , Gg          , Gg          , Gs^Fmf      , Gg^Vl       , Gs^Fmf      , Rb          , Rb          , Rb          , Rb          , Rb          , Rb          , Gs^Fmf      , Gs^Fmf      , Gs^Fmf      , Gs^Fmf      , Gs^Fmf      , Gs^Fmf      , Gg^Vc       , Gg          , Gg          , Ww          , Ww          , Hh^Fds      , Hh^Fds      , Gs^Fmf      , Gs^Fmf      , Gs^Fmf      , Gs^Fmf      , Gs^Fp       , Gs^Fmf      , Gs^Fmf      , Gs^Fmf      , Gs^Fp       , Gs^Fp       , Hh^Fmf      
Gg          , Gg          , Hh^Fmf      , Hh^Fmf      , Hh^Fmf      , Gg          , Hh^Fmf      , Hh^Fmf      , Gs^Fmf      , Gs^Fmf      , Gs^Fmf      , Gs^Fmf      , Gs^Fmf      , Gs^Fmf      , Gs^Fmf      , Gs^Fmf      , Gs^Fms      , Gs^Fmf      , Gs^Fmf      , Gs^Fmf      , Gs^Fms      , Gs^Fms      , Gs^Fmf      , Gs^Fmf      , Gs^Fmf      , Gg^Vl       , Gg          , Gg          , 1 Gs^Fmf    , Gg          , Gs^Fmf      , Gs^Fmf      , Gs^Fmf      , Rb          , Re          , Rb          , Rb          , Rb          , Re          , Gs^Fmf      , Gs^Fmf      , Gs^Fmf      , Gs^Fmf      , Gs^Fmf      , Hh          , Gs^Fmf      , Ww          , Ww          , Ww          , Ww          , Hh^Fds      , Gs^Fmf      , Gs^Fmf      , Gs^Fmf      , Gs^Fmf      , Gs^Fmf      , Gs^Fmf      , Gs^Fmf      , Gs^Fmf      , Gs^Fmf      , Gs^Fp       , Gs^Fp       , Gs^Fmf      
Gs^Fmf      , Hh^Fmf      , Gs^Fmf      , Gs^Fmf      , Gs^Fmf      , Hh^Fmf      , Gs^Fms      , Gs^Fmf      , Gs^Fmf      , Gs^Fmf      , Gs^Fmf      , Gs^Fmf      , Gs^Fms      , Gs^Fmf      , Gs^Fms      , Gs^Fmf      , Gs^Fms      , Gs^Fmf      , Gs^Fmf      , Gs^Fmf      , Gs^Fmf      , Gs^Fmf      , Gs^Fms      , Gs^Fmf      , Gs^Fmf      , Gs^Fmf      , Gs^Fmf      , Gs^Fmf      , Gs^Fmf      , Gs^Fmf      , Gs^Fmf      , Gs^Fmf      , Gs^Fmf      , Re          , Re          , Re          , Gll         , Re          , Re          , Gs^Fmf      , Gs^Fmf      , Gs^Fmf      , Hh          , Hh          , Ww          , Ww          , Hh^Fds      , Hh^Fds      , Hh^Fds      , Ww          , Hh^Fds      , Gs^Fmf      , Gs^Fmf      , Gs^Fmf      , Gs^Fmf      , Gs^Fmf      , Gs^Fmf      , Gs^Fmf      , Gs^Fmf      , Gs^Fmf      , Gs^Fmf      , Gs^Fmf      , Gs^Fmf      
Gs^Fmf      , Gs^Fmf      , Gs^Fmf      , Gs^Fmf      , Gs^Fmf      , Gs^Fms      , Hh^Fmf      , Gs^Fmf      , Gs^Fmf      , Gs^Fmf      , Gs^Fmf      , Gs^Fmf      , Gs^Fmf      , Gs^Fmf      , Gs^Fmf      , Gs^Fms      , Gs^Fmf      , Gs^Fmf      , Gs^Fmf      , Gs^Fmf      , Gs^Fmf      , Gs^Fmf      , Gs^Fms      , Gs^Fmf      , Gs^Fms      , Gs^Fmf      , Gs^Fmf      , Gs^Fmf      , Gs^Fmf      , Gs^Fmf      , Gs^Fmf      , Gs^Fmf      , Gs^Fmf      , Re          , Gll         , Gll         , Gll         , Re          , Rb          , Gs^Fmf      , Gs^Fmf      , Gs^Fmf      , Hh          , Ww          , Hh^Fms      , Ww          , Hh^Fmf      , Gs^Fmf      , Gs^Fmf      , Hh^Fds      , Gs^Fmf      , Gs^Fmf      , Gs^Fmf      , Gs^Fmf      , Gs^Fmf      , Gs^Fmf      , Gs^Fmf      , Gs^Fmf      , Gs^Fmf      , Gs^Fmf      , Gs^Fmf      , Gs^Fmf      , Gs^Fmf      
Gs^Fmf      , Gs^Fmf      , Gs^Fmf      , Gs^Fmf      , Gs^Fmf      , Hh^Fmf      , Hh^Fmf      , Hh^Fmf      , Gs^Fmf      , Gs^Fmf      , Gs^Fmf      , Gs^Fmf      , Ww          , Gs^Fmf      , Gs^Fmf      , Gs^Fms      , Ww          , Gs^Fmf      , Ww          , Ww          , Ww          , Gs^Fmf      , Gs^Fms      , Gs^Fmf      , Gs^Fmf      , Gs^Fmf      , Gs^Fmf      , Gs^Fmf      , Gs^Fms      , Gs^Fms      , Gs^Fms      , Gs^Fmf      , Gs^Fmf      , Gll         , Gll         , Gll         , Re          , Re          , Gs^Fmf      , Gs^Fmf      , Gs^Fmf      , Hh^Fds      , Gs^Fmf      , Ww          , Ww          , Ww          , Hh^Fmf      , Gs^Fmf      , Gs^Fmf      , Gs^Fmf      , Hh          , Gs^Fmf      , Gs^Fmf      , Gs^Fmf      , Gs^Fmf      , Gs^Fmf      , Gs^Fmf      , Gs^Fmf      , Ww          , Ww          , Gs^Fmf      , Gs^Fmf      , Gs^Fmf      
Gs^Fmf      , Gs^Fmf      , Gs^Fmf      , Gs^Fmf      , Hh^Fmf      , Hh^Fmf      , Hh^Fmf      , Hh^Fmf      , Gs^Fmf      , Gs^Fmf      , Gs^Fmf      , Ww          , Ww          , Ww          , Ww          , Ww          , Gs^Fms      , Ww          , Gs^Fmf      , Ww          , Ww          , Gs^Fmf      , Gs^Fmf      , Gs^Fms      , Gs^Fmf      , Gs^Fmf      , Gs^Fmf      , Gs^Fms      , Gs^Fmf      , Gs^Fmf      , Gs^Fmf      , Gs^Fms      , Gs^Fmf      , Re          , Gll         , Re          , Gs^Fmf      , Gs^Fmf      , Gs^Fmf      , Gs^Fmf      , Gs^Fmf      , Hh^Fds      , Gs^Fmf      , Gs^Fmf      , Ww          , Hh^Fmf      , Hh^Fmf      , Hh^Fmf      , Hh^Fmf      , Hh          , Ww          , Hh          , Gs^Fmf      , Gs^Fmf      , Gs^Fmf      , Gs^Fp       , Gs^Fmf      , Gs^Fmf      , Ww          , Ww          , Ww          , Gs^Fmf      , Gs^Fmf      
Gs^Fmf      , Gs^Fmf      , Gs^Fmf      , Gs^Fmf      , Gs^Fmf      , Hh^Fmf      , Gs^Fmf      , Gs^Fmf      , Ww          , Gs^Fmf      , Ww          , Ww          , Ww          , Ww          , Gs^Fmf      , Gs^Fmf      , Hh^Fms      , Gs^Fmf      , Gs^Fmf      , Ww          , Ww          , Ww          , Ww          , Gs^Fmf      , Gs^Fmf      , Gs^Fmf      , Gs^Fmf      , Gs^Fmf      , Gs^Fmf      , Gs^Fms      , Gs^Fmf      , Gs^Fms      , Gs^Fmf      , Gll         , Gll         , Gll         , Gs^Fmf      , Gs^Fmf      , Hh^Fds      , Gs^Fmf      , Gs^Fmf      , Hh^Fds      , Ww          , Ww          , Hh^Fmf      , Ww          , Ww          , Ww          , Ww          , Ww          , Hh          , Hh          , Gs^Fmf      , Gs^Fmf      , Gs^Fmf      , Gs^Fmf      , Gs^Fmf      , Ww          , Gs^Fmf      , Ww          , Ww          , Gs^Fmf      , Gs^Fmf      
Gs^Fmf      , Gs^Fmf      , Gs^Fmf      , Ww          , Ww          , Gs^Fmf      , Ww          , Ww          , Gs^Fmf      , Ww          , Gs^Fmf      , Gs^Fmf      , Gs^Fmf      , Gs^Fmf      , Gs^Fmf      , Hh^Fms      , Gs^Fmf      , Hh^Fms      , Ww          , Ww          , Gs^Fmf      , Ww          , Ww          , Gs^Fmf      , Ww          , Ww          , Ww          , Gs^Fmf      , Gs^Fmf      , Gs^Fmf      , Gs^Fmf      , Gs^Fmf      , Gs^Fmf      , Gll         , Gll         , Gll         , Gs^Fmf      , Hh^Fds      , Gs^Fmf      , Gs^Fmf      , Gs^Fmf      , Hh^Fds      , Ww          , Ww          , Hh^Fds      , Hh^Fds      , Hh^Fds      , Hh^Fds      , Hh^Fds      , Hh          , Hh^Fmf      , Gs^Fmf      , Gs^Fmf      , Gs^Fmf      , Gs^Fmf      , Gs^Fmf      , Gs^Fmf      , Gs^Fmf      , Gs^Fmf      , Gs^Fmf      , Ww          , Gs^Fmf      , Gs^Fmf      
Gs^Fmf      , Gs^Fmf      , Gs^Fmf      , Ww          , Ww          , Ww          , Hh^Fmf      , Gs^Fmf      , Gs^Fmf      , Gs^Fmf      , Hh^Fmf      , Gs^Fmf      , Hh^Fmf      , Hh^Fms      , Gs^Fmf      , Gs^Fmf      , Hh^Fms      , Gs^Fms      , Ww          , Ww          , Gs^Fmf      , Gs^Fmf      , Gs^Fmf      , Ww          , Ww          , Ww          , Ww          , Gs^Fmf      , Gs^Fmf      , Gs^Fmf      , Gg^Vl       , Gs^Fmf      , Gll         , Gll         , Gll         , Gll         , Gs^Fmf      , Gs^Fmf      , Gs^Fmf      , Hh^Fds      , Gs^Fmf      , Gs^Fmf      , Gs^Fmf      , Ww          , Ww          , Hh^Fds      , Hh^Fmf      , Hh^Fmf      , Gs^Fmf      , Gs^Fmf      , Gs^Fmf      , Gs^Fmf      , Gs^Fmf      , Gs^Fmf      , Gs^Fmf      , Gs^Fp       , Gs^Fmf      , Gs^Fmf      , Gs^Fmf      , Ww          , Gs^Fmf      , Gs^Fmf      , Gs^Fmf      
Gs^Fmf      , Gs^Fmf      , Gs^Fmf      , Ww          , Ww          , Ww          , Gs^Fmf      , Gs^Fmf      , Gs^Fms      , Gs^Fmf      , Gs^Fms      , Gs^Fms      , Gs^Fmf      , Gs^Fmf      , Hh^Fms      , Hh^Fms      , Gs^Fmf      , Gs^Fmf      , Ww          , Gs^Fmf      , Gs^Fmf      , Hh^Fms      , Hh^Fmf      , Ww          , Ww          , Ww          , Gs^Fmf      , Gs^Fmf      , Gs^Fmf      , Gs^Fmf      , Gs^Fmf      , Gll         , Gs^Fmf      , Gll         , Gll         , Gll         , Gll         , Gs^Fmf      , Hh^Fds      , Hh^Fds      , Hh^Fds      , Hh^Fds      , Hh^Fds      , Hh^Fmf      , Gs^Fmf      , Ww          , Ww          , Hh^Fmf      , Ww          , Gs^Fmf      , Hh^Fmf      , Hh^Fmf      , Ww          , Gs^Fmf      , Ww          , Gs^Fmf      , Ww          , Gs^Fmf      , Ww          , Ww          , Gs^Fmf      , Hh^Fms      , Gg          
Gs^Fmf      , Gs^Fmf      , Gs^Fmf      , Gs^Fmf      , Ww          , Hh^Fmf      , Hh^Fmf      , Gs^Fmf      , Hh^Fmf      , Gs^Fmf      , Gs^Fmf      , Hh^Fms      , Gs^Fmf      , Gs^Fmf      , Gs^Fmf      , Gs^Fmf      , Gs^Fmf      , Ww          , Gs^Fmf      , Hh^Fms      , Gs^Fmf      , Hh^Fmf      , Ww          , Ww          , Gs^Fmf      , Gs^Fmf      , Hh^Fmf      , Gs^Fmf      , Gs^Fms      , Gs^Fmf      , Gs^Fmf      , Gs^Fmf      , Gs^Fmf      , Gll         , Gll         , Gll         , Gs^Fmf      , Gs^Fmf      , Gs^Fmf      , Gs^Fmf      , Gs^Fmf      , Gs^Fmf      , Gs^Fmf      , Gs^Fmf      , Hh^Fds      , Gs^Fmf      , Gs^Fmf      , Ww          , Ww          , Ww          , Ww          , Ww          , Ww          , Ww          , Ww          , Ww          , Ww          , Ww          , Gs^Fp       , Hh^Fms      , Hh          , Hh          , Hh          
Gs^Fmf      , Gs^Fmf      , Gs^Fmf      , Gs^Fmf      , Gs^Fmf      , Ww          , Hh^Fmf      , Gs^Fms      , Gs^Fmf      , Gs^Fmf      , Gs^Fmf      , Gs^Fmf      , Gs^Fmf      , Gs^Fmf      , Ww          , Gs^Fmf      , Ww          , Ww          , Ww          , Ww          , Ww          , Ww          , Gs^Fmf      , Gs^Fmf      , Gs^Fmf      , Gs^Fms      , Hh^Fmf      , Hh^Fmf      , Gs^Fms      , Hh^Fmf      , Gs^Fmf      , Gs^Fmf      , Gs^Fmf      , Gll         , Gll         , Gll         , Gll         , Gs^Fmf      , Gs^Fmf      , Gs^Fmf      , Gs^Fmf      , Gs^Fmf      , Gs          , Gs^Fmf      , Hh^Fmf      , Gs^Fmf      , Hh^Fds      , Hh^Fmf      , Hh^Fds      , Hh^Fmf      , Gs^Fmf      , Ww          , Gs^Fmf      , Ww          , Ww          , Ww          , Gs^Fmf      , Hh^Fms      , Hh          , Hh          , Hh          , Mm          , Mm          
Gs^Fmf      , Gs^Fmf      , Gs^Fms      , Gs^Fmf      , Gs^Fmf      , Ww          , Hh^Fmf      , Gs^Fmf      , Gs^Fmf      , Gs^Fmf      , Ww          , Ww          , Ww          , Ww          , Gs^Fmf      , Ww          , Gs^Fmf      , Ww          , Gs^Fmf      , Gs^Fmf      , Gs^Fmf      , Gs^Fms      , Hh^Fmf      , Gs^Fmf      , Gs^Fmf      , Gs^Fmf      , Gs^Fmf      , Gs^Fms      , Hh^Fmf      , Gs^Fms      , Gs^Fms      , Gs^Fmf      , Gs^Fmf      , Gll         , Gll         , Gll         , Gll         , Gs^Fmf      , Gs^Fmf      , Gs^Fmf      , Gs^Fmf      , Gs^Fmf      , Gs          , Gs^Fmf      , Gs^Fmf      , Gs^Fmf      , Gs^Fmf      , Gs^Fmf      , Gs^Fmf      , Hh^Fmf      , Ww          , Ww          , Gs^Fmf      , Gs^Fmf      , Gs^Fmf      , Gs^Fmf      , Gs^Fmf      , Hh^Fms      , Ww          , Hh          , Mm          , Mm          , Mm          
Gs^Fmf      , Gs^Fmf      , Gs^Fms      , Gs^Fms      , Gs^Fmf      , Ww          , Hh^Fmf      , Hh^Fmf      , Ww          , Ww          , Gs^Fmf      , Gs^Fmf      , Gs^Fmf      , Gs^Fms      , Gs^Fms      , Gs^Fmf      , Gs^Fmf      , Gs^Fmf      , Gs^Fmf      , Hh^Fmf      , Gs^Fmf      , Gs^Fms      , Gs^Fmf      , Gs^Fmf      , Gs^Fmf      , Gs^Fmf      , Gs^Fmf      , Gs^Fmf      , Gs^Fmf      , Gs^Fmf      , Gs^Fmf      , Gs^Fmf      , Gs^Fmf      , Gll         , Gll         , Gll         , Gll         , Gs^Fmf      , Gs^Fmf      , Gs^Fmf      , Gs^Fmf      , Gs^Fmf      , Gs^Fmf      , Gs          , Gs^Fmf      , Hh^Fmf      , Gs^Fmf      , Gs^Fmf      , Gs^Fmf      , Gs^Fmf      , Gs^Fmf      , Ww          , Ww          , Gs^Fmf      , Gs^Fmf      , Hh^Fms      , Ww          , Ww          , Ww          , Hh          , Mm          , Mm          , Mm          
Gs^Fmf      , Gs^Fmf      , Gs^Fmf      , Gs^Fmf      , Gs^Fmf      , Ww          , Ww          , Ww          , Gs^Fmf      , Gs^Fmf      , Gs^Fmf      , Gs^Fmf      , Gs^Fmf      , Gs^Fmf      , Gs^Fmf      , Gs^Fmf      , Gs^Fms      , Hh^Fmf      , Gs^Fmf      , Gs^Fmf      , Gs^Fms      , Gs^Fms      , Gs^Fmf      , Gs^Fmf      , Gll         , Gll         , Gll         , Gs^Fmf      , Gll         , Gs^Fmf      , Gll         , Gs^Fmf      , Gll         , Gll         , Gll         , Gll         , Gs^Fmf      , Gs^Fmf      , Gs^Fmf      , Gs^Fmf      , Gs^Fmf      , Gs^Fmf      , Gs^Fmf      , Gs          , Gs^Fmf      , Gs^Fmf      , Hh^Fmf      , Hh^Fmf      , Gs^Fmf      , Gs^Fmf      , Hh^Fmf      , Gs^Fmf      , Gs^Fmf      , Ww          , Ww          , Ww          , Gs^Fp       , Hh          , Mm          , Ww          , Ww          , Hh^Fms      , Hh^Fms      
Gs^Fmf      , Gs^Fmf      , Gs^Fms      , Gs^Fms      , Gs^Fmf      , Gs^Fmf      , Ww          , Ww          , Ww          , Gs^Fmf      , Gs^Fmf      , Gs^Fmf      , Gs^Fmf      , Gs^Fmf      , Gs^Fmf      , Gs^Fmf      , Gs^Fmf      , Gs^Fmf      , Gs^Fmf      , Gs^Fmf      , Gs^Fmf      , Gs^Fmf      , Gll         , Gll         , Gll         , Gll         , Gll         , Gll         , Gll         , Gll         , Gll         , Gll         , Gll         , Gll         , Gll         , Gll         , Gs^Fmf      , Gs^Fmf      , Gs^Fmf      , Gs^Fmf      , Gs^Fmf      , Gs^Fmf      , Gs^Fmf      , Gs^Fmf      , Gs^Fmf      , Gs^Fmf      , Gs^Fmf      , Hh^Fmf      , Gs^Fmf      , Gs^Fmf      , Gs^Fmf      , Hh^Fmf      , Gs^Fmf      , Gs^Fmf      , Ww          , Gs^Fmf      , Hh          , Hh          , Mm          , Mm          , Hh^Fms      , Ww          , Ww          
Gs^Fmf      , Gs^Fmf      , Gs^Fms      , Gs^Fms      , Gs^Fmf      , Gs^Fmf      , Gs^Fmf      , Ww          , Gs^Fmf      , Gs^Fmf      , Gs^Fmf      , Gs^Fmf      , Gll         , Gll         , Gll         , Gs^Fmf      , Gll         , Gs^Fmf      , Gll         , Gll         , Gll         , Gll         , Gll         , Gll         , Gll         , Gll         , Gll         , Gll         , Gll         , Gll         , Gll         , Gll         , Gll         , Gll         , Gll         , Gll         , Gs^Fmf      , Gs^Fmf      , Gs^Fmf      , Gs^Fmf      , Gs^Fmf      , Gs^Fmf      , Gs^Fmf      , Gs^Fmf      , Hh^Fmf      , Gs^Fmf      , Gs^Fmf      , Gs^Fmf      , Gs^Fmf      , Gs^Fmf      , Hh^Fmf      , Hh^Fmf      , Gs^Fmf      , Ww          , Hh          , Hh          , Hh          , Mm          , Mm          , Mm          , Hh^Fms      , Ww          , Ww          
Gs^Fmf      , Gs^Fmf      , Gs^Fms      , Gs^Fmf      , Gs^Fmf      , Gs^Fmf      , Gs^Fmf      , Ww          , Gs^Fmf      , Gs^Fmf      , Gs^Fmf      , Gs^Fmf      , Gll         , Gll         , Gll         , Gll         , Gll         , Gll         , Gll         , Gll         , Gll         , Gll         , Gll         , Gll         , Gll         , Gll         , Gs^Fmf      , Gll         , Gs^Fmf      , Gll         , Gll         , Gll         , Gs^Fmf      , Gll         , Gs^Fmf      , Gs^Fmf      , Gs^Fmf      , Gs^Fmf      , Gs^Fmf      , Gs^Fmf      , Gs^Fmf      , Gs^Fmf      , Gs^Fmf      , Gs^Fmf      , Gs^Fmf      , Hh^Fmf      , Hh^Fmf      , Gs^Fmf      , Gg          , Gg          , Gg          , Gs^Fmf      , Gs^Fmf      , Ww          , Hh          , Mm          , Mm          , Mm          , Mm          , Mm          , Hh^Fms      , Hh^Fmf      , Hh^Fms      
Gs^Fmf      , Gs^Fmf      , Gs^Fmf      , Gs^Fmf      , Gs^Fmf      , Gs^Fmf      , Ww          , Ww          , Gs^Fmf      , Gs^Fmf      , Gs^Fmf      , Gs^Fmf      , Gs^Fmf      , Gll         , Gll         , Gll         , Gll         , Gll         , Gll         , Gll         , Gll         , Gll         , Gs^Fmf      , Gll         , Gs^Fmf      , Gs^Fmf      , Gs^Fmf      , Gs^Fmf      , Gs^Fmf      , Gs^Fmf      , Gs^Fms      , Gs^Fmf      , Gs^Fmf      , Gs^Fms      , Gs^Fms      , Gs^Fmf      , Gs^Fmf      , Gs^Fmf      , Gs^Fmf      , Gs^Fmf      , Gs          , Gs          , Gs^Fmf      , Gs^Fmf      , Gs          , Gs          , Hh^Fmf      , Hh^Fmf      , Hh^Fmf      , Gg          , Gs^Fmf      , Gs^Fmf      , Gs^Fmf      , Ww          , Hh          , Mm          , Mm          , Mm          , Mm          , Mm          , Mm          , Hh^Fms      , Hh^Fms      
Gs^Fmf      , Gs^Fmf      , Gs^Fmf      , Gs^Fmf      , Gs^Fmf      , Gs^Fms      , Ww          , Gs^Fmf      , Gs^Fmf      , Gs^Fmf      , Gs^Fmf      , Gg^Vl       , Gs^Fmf      , Gs^Fmf      , Gll         , Gll         , Gs^Fmf      , Gll         , Gs^Fmf      , Gs^Fmf      , Gs^Fmf      , Gs^Fmf      , Gs^Fmf      , Gs^Fmf      , Gs^Fmf      , Gs^Fmf      , Gs^Fmf      , Gs^Fmf      , Gs^Fms      , Gs^Fms      , Gs^Fmf      , Gs^Fms      , Gs^Fmf      , Gs^Fms      , Gs^Fmf      , Gs^Fmf      , Gs^Fmf      , Gs^Fms      , Gs^Fmf      , Gs^Fmf      , Gs          , Gs^Fmf      , Gs          , Gs          , Gs^Fmf      , Gs^Fmf      , Gs^Fmf      , Gs^Fmf      , Gs^Fmf      , Gs^Fmf      , Gs^Fmf      , Gs^Fmf      , Ww          , Ww          , Gs^Fmf      , Hh          , Hh          , Mm          , Hh^Fmf      , Hh^Fmf      , Mm          , Mm          , Gs^Fmf      
Gs^Fp       , Gs^Fmf      , Gs^Fmf      , Gs^Fmf      , Gs^Fmf      , Gs^Fmf      , Ww          , Gs^Fmf      , Gs^Fmf      , Gs^Fmf      , Gs^Fmf      , Gs^Fmf      , Gll         , Gll         , Gll         , Gll         , Gs^Fmf      , Gs^Fmf      , Gs^Fmf      , Gs^Fmf      , Gs^Fmf      , Gs^Fmf      , Gs^Fms      , Gs^Fmf      , Gs^Fmf      , Gs^Fmf      , Gs^Fmf      , Gs^Fmf      , Gs^Fmf      , Gs^Fmf      , Gs^Fmf      , Gs^Fmf      , Gs^Fmf      , Gs^Fmf      , Gs^Fmf      , Gs^Fms      , Gs^Fmf      , Gs^Fmf      , Gs^Fmf      , Gs^Fmf      , Gs^Fmf      , Gs          , Gs^Fmf      , Gs^Fmf      , Gs^Fmf      , Gs^Fmf      , Gs^Fmf      , Gs^Fmf      , Gs^Fmf      , Hh^Fmf      , Gs^Fmf      , Gs^Fmf      , Ww          , Ww          , Gs^Fmf      , Ww          , Ww          , Hh          , Hh          , Hh^Fp       , Hh^Fmf      , Mm          , Gs^Fmf      
Gs^Fp       , Gs^Fmf      , Gs^Fmf      , Ww          , Ww          , Ww          , Ww          , Gs^Fmf      , Gs^Fmf      , Gs^Fmf      , Gs^Fmf      , Gs^Fmf      , Gll         , Gll         , Gll         , Gs^Fmf      , Gs^Fmf      , Gs^Fmf      , Gs^Fmf      , Gs^Fms      , Gs^Fms      , Gs^Fms      , Gs^Fmf      , Gs^Fms      , Gs^Fmf      , Gs^Fmf      , Gs^Fmf      , Gs^Fmf      , Gs^Fmf      , Gs^Fmf      , Gs^Fmf      , Gs^Fms      , Gs^Fmf      , Gs^Fmf      , Gs^Fms      , Gs^Fmf      , Gs^Fms      , Gs^Fmf      , Gs^Fmf      , Gs^Fmf      , Gs^Fmf      , Gs^Fmf      , Gs^Fmf      , Gs^Fmf      , Gs^Fmf      , Gs          , Gs^Fmf      , Gs^Fmf      , Gs^Fmf      , Gs^Fmf      , Gs^Fmf      , Gs^Fmf      , Gs^Fmf      , Ww          , Ww          , Ww          , Ww          , Ww          , Ww          , Hh          , Hh          , Hh^Fmf      , Hh^Fmf      
Gs^Fp       , Gs^Fmf      , Gs^Fmf      , Ww          , Ww          , Ww          , Ww          , Gs^Fmf      , Ww          , Gs^Fmf      , Gs^Fmf      , Gs^Fmf      , Gll         , Gll         , Gll         , Gs^Fmf      , Gs^Fmf      , Gs^Fmf      , Gs^Fmf      , Gs^Fmf      , Gs^Fmf      , Gs^Fmf      , Gs^Fmf      , Gs^Fmf      , Gs^Fms      , Gs^Fmf      , Gs^Fmf      , Gs^Fmf      , Gs^Fmf      , Gs^Fmf      , Gs^Fms      , Gs^Fms      , Gs^Fmf      , Gs^Fms      , Gs^Fmf      , Gs^Fmf      , Gs^Fms      , Gs^Fmf      , Gs^Fmf      , Gs^Fmf      , Gs^Fmf      , Gs^Fmf      , Gs          , Gs^Fmf      , Gs          , Gs          , Gs          , Gs^Fmf      , Gs^Fmf      , Gs^Fmf      , Gs^Fmf      , Gs^Fmf      , Gs^Fmf      , Gs^Fmf      , Gs^Fmf      , Gs^Fmf      , Gs^Fmf      , Ww          , Ww          , Ww          , Ww          , Hh          , Hh^Fmf      
Gs^Fmf      , Gs^Fmf      , Gs^Fmf      , Hh^Fmf      , Ww          , Ww          , Hh^Fmf      , Ww          , Gs^Fmf      , Gs^Fmf      , Gs^Fmf      , Gs^Fmf      , Gs^Fmf      , Gll         , Gll         , Gll         , Gs^Fmf      , Gs^Fmf      , Gs^Fmf      , Gs^Fmf      , Gs^Fmf      , Gs^Fmf      , Gs^Fmf      , Gs^Fmf      , Gs^Fmf      , Gs^Fmf      , Gs^Fmf      , Gs^Fmf      , Gs^Fmf      , Gs^Fms      , Gs^Fmf      , Gs^Fmf      , Gs^Fmf      , Gs^Fmf      , Gs^Fmf      , Gs^Fmf      , Gs^Fmf      , Gs^Fmf      , Gs^Fmf      , Gs^Fmf      , Gs^Fmf      , Gs          , Gs^Fmf      , Gs          , Gs^Fmf      , Gs^Fmf      , Gs^Fmf      , Gs^Fmf      , Gs^Fmf      , Gs^Fmf      , Gs^Fmf      , Gs^Fmf      , Gs^Fmf      , Gs^Fmf      , Gs^Fms      , Gs^Fmf      , Gs^Fmf      , Gs^Fmf      , Gs^Fp       , Ww          , Ww          , Ww          , Gs^Fmf      
Gs^Fmf      , Gs^Fmf      , Gs^Fmf      , Hh^Fmf      , Hh^Fmf      , Ww          , Hh^Fmf      , Hh^Fmf      , Hh^Fmf      , Gs^Fmf      , Gs^Fmf      , Gs^Fmf      , Gs^Fmf      , Gll         , Gll         , Gll         , Gll         , Gs^Fmf      , Gll         , Gs^Fmf      , Gs^Fmf      , Gs^Fmf      , Gs^Fmf      , Gs^Fmf      , Gs^Fms      , Gs^Fmf      , Gs^Fmf      , Gs^Fmf      , Gs^Fmf      , Gs^Fmf      , Gs^Fmf      , Gs^Fmf      , Gs^Fms      , Gs^Fms      , Gs^Fms      , Gs^Fmf      , Gs^Fmf      , Gs^Fmf      , Gs^Fmf      , Gs^Fmf      , Gs^Fmf      , Gs^Fmf      , Gs^Fmf      , Gs^Fmf      , Gs^Fmf      , Gs^Fmf      , Gs^Fmf      , Gs^Fmf      , Gs          , Gs^Efm      , Gs^Efm      , Gs^Fmf      , Gs^Fmf      , Gs^Fms      , Gs^Fmf      , Gs^Fmf      , Gs^Fmf      , Gs^Fmf      , Gs^Fp       , Gs^Fp       , Gs^Fp       , Gs^Fmf      , Gs^Fmf      
Gs^Fmf      , Gs^Fmf      , Gs^Fmf      , Hh^Fmf      , Hh^Fmf      , Ww          , Ww          , Hh^Fmf      , Gs^Fmf      , Gs^Fmf      , Gs^Fmf      , Gs^Fmf      , Gs^Fmf      , Gll         , Gll         , Gll         , Gll         , Gll         , Gll         , Gll         , Gll         , Gs^Fmf      , Gs^Fmf      , Gs^Fmf      , Gs^Fmf      , Gs^Fmf      , Gs^Fmf      , Gs^Fmf      , Gs^Fmf      , Gs^Fmf      , Gs^Fmf      , Gs^Fmf      , Gs^Fmf      , Gs^Fmf      , Gs^Fmf      , Gs^Fmf      , Gs^Fms      , Gs^Fmf      , Gs^Fmf      , Gs^Fmf      , Gs^Fmf      , Gs^Fmf      , Gs^Fmf      , Gs^Fmf      , Gs^Fmf      , Gs^Fmf      , Gs^Fmf      , Gs^Fmf      , Gs^Efm      , Gs^Fmf      , Gs^Efm      , Gs^Fmf      , Gs^Fmf      , Gs^Fmf      , Gs^Fmf      , Gs^Fms      , Gs^Fmf      , Gs^Fmf      , Gs^Fp       , Gs^Fp       , Gs^Fp       , Gs^Fmf      , Gs^Fmf      
Gs^Fms      , Gs^Fms      , Gs^Fmf      , Gs^Fmf      , Ww          , Ww          , Ww          , Gs^Fmf      , Gs^Fmf      , Gs^Fmf      , Gs^Fmf      , Gs^Fmf      , Gs^Fmf      , Gs^Fmf      , Gll         , Gll         , Gll         , Gll         , Gll         , Gll         , Gll         , Gs^Fmf      , Gs^Fmf      , Gs^Fmf      , Gs^Fmf      , Gs^Fmf      , Gs^Fmf      , Gs^Fmf      , Gs^Fmf      , Gs^Fmf      , Gs^Fms      , Gs^Fmf      , Gs^Fmf      , Gs^Fmf      , Gs^Fmf      , Gs^Fmf      , Gs^Fmf      , Gs^Fmf      , Gs^Fmf      , Gs^Fmf      , Gs^Fmf      , Gs^Fmf      , Gs^Fmf      , Gs^Fmf      , Gs^Fms      , Gs^Fmf      , Gs^Fmf      , Gs^Fmf      , Gs^Fmf      , Gs^Efm      , Gs^Fmf      , Gs^Fmf      , Gs^Fmf      , Gs^Fmf      , Gs^Fmf      , Gs^Fms      , Gs^Fms      , Gs^Fmf      , Gs^Fp       , Gs^Fp       , Gs^Fp       , Gs^Fmf      , Gs^Fmf      
Gs^Fp       , Gs^Fmf      , Ww          , Ww          , Ww          , Ww          , Gs^Fms      , Gs^Fms      , Gs^Fmf      , Gs^Fms      , Gs^Fmf      , Gs^Fmf      , Gs^Fmf      , Gs^Fmf      , Gs^Fmf      , Gll         , Gs^Fmf      , Gll         , Gll         , Gll         , Gll         , Gll         , Gll         , Gll         , Gll         , Gs^Fmf      , Gs^Fmf      , Gs^Fmf      , Gs^Fms      , Gs^Fmf      , Gs^Fmf      , Gs^Fmf      , Gs^Fmf      , Gs^Fmf      , Gs^Fms      , Gs^Fmf      , Gs^Fms      , Gs^Fms      , Gs^Fmf      , Gs^Fmf      , Hh^Fmf      , Gs^Fmf      , Gs^Fmf      , Gs^Fms      , Gs^Fmf      , Gs^Fms      , Gs^Fmf      , Gs^Fmf      , Gs^Fmf      , Gs^Fmf      , Hh^Fmf      , Gs^Fmf      , Gs^Fmf      , Gs^Fms      , Gs^Fmf      , Gs^Fms      , Gs^Fmf      , Gs^Fmf      , Gs^Fp       , Gs^Fms      , Gs^Fp       , Gs^Fmf      , Gs^Fmf      
Gs^Fp       , Gs^Fmf      , Ww          , Ww          , Gs^Fmf      , Ww          , Gs^Fmf      , Gs^Fmf      , Gs^Fms      , Gs^Fmf      , Gs^Fmf      , Gs^Fmf      , Gs^Fmf      , Gs^Fmf      , Gs^Fp       , Gs^Fmf      , Gs^Fmf      , Gs^Fmf      , Gll         , Gll         , Hh^Fmf      , Hh^Fmf      , Gll         , Gll         , Gll         , Gll         , Gs^Fmf      , Gs^Fmf      , Gs^Fmf      , Gs^Fmf      , Gs^Fmf      , Gs^Fms      , Gs^Fmf      , Gs^Fmf      , Gs^Fmf      , Gs^Fmf      , Gs^Fmf      , Gs^Fms      , Gs^Fms      , Gs^Fms      , Gs^Fms      , Gs^Fms      , Gs^Fms      , Gs^Fmf      , Gs^Fmf      , Gs^Fmf      , Gs^Fmf      , Gs^Fmf      , Gs^Fmf      , Gs^Fmf      , Hh^Fmf      , Gs^Fmf      , Gs^Fmf      , Gs^Fms      , Gs^Fmf      , Gs^Fmf      , Gs^Fmf      , Gs^Fmf      , Gs^Fms      , Gs^Fp       , Gs^Fp       , Gs^Fmf      , Gs^Fmf      
Gs^Fmf      , Gs^Fmf      , Ww          , Ww          , Ww          , Ww          , Gs^Fmf      , Gs^Fms      , Gs^Fmf      , Gs^Fmf      , Gs^Fmf      , Gs^Fms      , Gs^Fmf      , Gs^Fmf      , Gs^Fmf      , Gs^Fp       , Gs^Fmf      , Gs^Fmf      , Gll         , Gll         , Gll         , Hh^Fmf      , Gll         , Gll         , Gll         , Gll         , Gs^Fmf      , Gs^Fmf      , Gs^Fmf      , Gs^Fmf      , Gs^Fmf      , Gs^Fmf      , Gs^Fmf      , Gs^Fms      , Gs^Fmf      , Gs^Fmf      , Gs^Fmf      , Gs^Fmf      , Gs^Fmf      , Gs^Fmf      , Gs^Fmf      , Hh^Fmf      , Gs^Fmf      , Gs^Fms      , Gs^Fmf      , Gs^Fmf      , Gs^Fmf      , Gs^Fmf      , Gs^Fmf      , Gs^Fmf      , Gs^Fmf      , Gs^Fmf      , Hh^Fmf      , Gs^Fmf      , Gs^Fmf      , Gs^Fmf      , Gs^Fmf      , Gs^Fmf      , Gs^Fmf      , Gs^Fms      , Gs^Fp       , Gs^Fmf      , Gs^Fmf      
Gs^Fmf      , Gs^Fmf      , Ww          , Gs^Fmf      , Gs^Fmf      , Gs^Fmf      , Gs^Fmf      , Gs^Fmf      , Gs^Fmf      , Gs^Fmf      , Gs^Fmf      , Gs^Fmf      , Gs^Fmf      , Gs^Fmf      , Gs^Fmf      , Gs^Fmf      , Gs^Fmf      , Gs^Fmf      , Gg^Vc       , Gll         , Gll         , Gll         , Gs^Fmf      , Gll         , Gll         , Gll         , Gll         , Gs^Fmf      , Gs^Fmf      , Gs^Fmf      , Gs^Fmf      , Gs^Fmf      , Gs^Fmf      , Gs^Fmf      , Gs^Fmf      , Gs^Fmf      , Gs^Fmf      , Gs^Fmf      , Gs^Fmf      , Gs^Fmf      , Gs^Fms      , Gs^Fmf      , Gs^Fmf      , Gs^Fmf      , Gs^Fmf      , Gs^Fms      , Gs^Fmf      , Gs^Fmf      , Gs^Fmf      , Gs^Fmf      , Gs^Fmf      , Gs^Fmf      , Gs^Fms      , Gs^Fmf      , Gs^Fmf      , Gs^Fmf      , Gs^Fmf      , Gs^Fms      , Gs^Fmf      , Gs^Fp       , Gs^Fms      , Gs^Fmf      , Gs^Fmf      
Gs^Fmf      , Gs^Fmf      , Gs^Fmf      , Ww          , Hh^Fmf      , Gs^Fmf      , Gs^Fms      , Gs^Fmf      , Gs^Fmf      , Gs^Fms      , Gs^Fmf      , Gs^Fmf      , Gs^Fmf      , Gs^Fmf      , Gs^Fmf      , Gs^Fmf      , Gs^Fmf      , Gs^Fmf      , Gs^Fmf      , Gs^Fmf      , Gs^Fmf      , Gs^Fmf      , Gs^Fmf      , Gll         , Gll         , Gll         , Gll         , Gll         , Gll         , Gll         , Gll         , Gs^Fmf      , Gs^Fmf      , Gs^Fmf      , Gs^Fmf      , Gs^Fmf      , Gs^Fmf      , Gs^Fmf      , Gs^Fmf      , Gs^Fms      , Gs^Fmf      , Gs^Fmf      , Gs^Fmf      , Gs^Fmf      , Gs^Fmf      , Gs^Fms      , Gs^Fmf      , Gs^Fmf      , Gs^Fmf      , Gs^Fmf      , Gs^Fmf      , Rp          , Rp          , Gs^Fms      , Gs^Fmf      , Gs^Fmf      , Gs^Fmf      , Gs^Fmf      , Gs^Fmf      , Gs^Fp       , Gs^Fms      , Gs^Fmf      , Gs^Fmf      
Hh^Fmf      , Gs^Fmf      , Gs^Fmf      , Ww          , Ww          , Hh^Fmf      , Gs^Fmf      , Hh^Fmf      , Hh^Fmf      , Gs^Fmf      , Hh^Fmf      , Gs^Fmf      , Hh^Fmf      , Gs^Fmf      , Hh^Fmf      , Gs^Fmf      , Gs^Fmf      , Gs^Fmf      , Gs^Fmf      , Gs^Fmf      , Gs^Fmf      , Gs^Fmf      , Gs^Fmf      , Gs^Fmf      , Gs^Fmf      , Gll         , Gs^Fmf      , Gll         , Gll         , Hhd^Fmf     , Gll         , Gll         , Gll         , Gs^Fmf      , Gs^Fmf      , Gs^Fmf      , Gs^Fmf      , Gs^Fmf      , Gs^Fms      , Gs^Fms      , Gs^Fmf      , Gs^Fmf      , Gs^Fmf      , Hh^Fmf      , Hh^Fmf      , Gs^Fmf      , Gs^Fmf      , Gs^Fmf      , Gs^Fmf      , Gs^Fmf      , Gs^Fmf      , Gg^Fet      , Gs^Fms      , Gs^Fmf      , Rp          , Gs^Fmf      , Gs^Fmf      , Gs^Fmf      , Gs^Fmf      , Gs^Fp       , Gs^Fp       , Gs^Fms      , Gs^Fmf      
Gs^Fmf      , Hh^Fmf      , Gs^Fmf      , Gs^Fmf      , Gs^Fmf      , Ww          , Ww          , Hh^Fmf      , Ww          , Ww          , Ww          , Gs^Fmf      , Ww          , Hh^Fmf      , Hh^Fmf      , Gs^Fmf      , Gs^Fmf      , Gs^Fmf      , Gs^Fmf      , Gs^Fmf      , Gs^Fmf      , Gs^Fmf      , Gs^Fmf      , Gs^Fmf      , Gs^Fmf      , Gs^Fmf      , Gs^Fmf      , Hh^Fmf      , Hh^Vhh      , Gll         , Gll         , Gll         , Gs^Fmf      , Gll         , Gll         , Gs^Fmf      , Gs^Fmf      , Gs^Fmf      , Gs^Fmf      , Gs^Fms      , Gs^Fmf      , Gs^Fmf      , Gs^Fmf      , Gs^Fmf      , Gs^Fmf      , Hh^Fmf      , Gs^Fmf      , Gs^Fmf      , Gs^Fmf      , Gs^Fmf      , Gs^Fmf      , Gs^Fmf      , Hh^Fmf      , Gs^Fmf      , Gs^Fmf      , Gs^Fmf      , Rp          , Mm          , Mm          , Gs^Fp       , Mm          , Gs^Fp       , Gs^Fmf      
Gs^Fmf      , Gs^Fmf      , Gs^Fmf      , Gs^Fmf      , Gs^Fmf      , Gs^Fmf      , Gs^Fmf      , Ww          , Gs^Fmf      , Gs^Fmf      , Gs^Fmf      , Ww          , Ww          , Gs^Fmf      , Gs^Fmf      , Gs^Fmf      , Gs^Fmf      , Gs^Fmf      , Gs^Fms      , Gs^Fms      , Gs^Fms      , Gs^Fmf      , Gs^Fmf      , Gs^Fmf      , Gs^Fmf      , Gs^Fmf      , Gs^Fmf      , Hh^Fmf      , Hh^Fmf      , Hh^Fmf      , Gs^Fmf      , Gs^Fmf      , Gs^Fmf      , Gs^Fmf      , Gs^Fmf      , Gll         , Gs^Fmf      , Gs^Fmf      , Gs^Fmf      , Gs^Fms      , Gs^Fms      , Gs^Fmf      , Gs^Fmf      , Gs^Fmf      , Gs^Fmf      , Hh^Fmf      , Hh^Fmf      , Gs^Fmf      , Gs^Fmf      , Gs^Fmf      , Gs^Fmf      , Gs^Fmf      , Gs^Fmf      , Gs^Fmf      , Gs^Fmf      , Gs^Fmf      , Mm          , Rp          , Gs^Fmf      , Mm          , Mm          , Mm          , Gs^Fmf      
Gs^Fmf      , Gs^Fmf      , Gs^Fmf      , Gs^Fmf      , Gs^Fms      , Gs^Fmf      , Gs^Fmf      , Gs^Fmf      , Gs^Fms      , Gs^Fmf      , Gs^Fmf      , Ww          , Gs^Fmf      , Gs^Fmf      , Gs^Fmf      , Gs^Fmf      , Gs^Fmf      , Gs^Fmf      , Gs^Fms      , Gs^Fmf      , Gs^Fmf      , Gs^Fms      , Gs^Fms      , Gs^Fmf      , Gs^Fms      , Gs^Fmf      , Gs^Fmf      , Gs^Fmf      , Gs^Fmf      , Gs^Fmf      , Gs^Fms      , Gs^Fmf      , Gs^Fmf      , Gs^Fmf      , Gs^Fmf      , Gll         , Gll         , Gs^Fmf      , Gs^Fmf      , Gs^Fmf      , Gs^Fms      , Gs^Fms      , Gs^Fms      , Gs^Fmf      , Gs^Fmf      , Gs^Fmf      , Gs^Fms      , Hh^Fmf      , Gs^Efm      , Gg          , Gg          , Hh^Fmf      , Gs^Fmf      , Gs^Fmf      , Gs^Fmf      , Gs^Fmf      , Mm          , Mm          , Rp          , Gs^Fms      , Gs^Fmf      , Mm          , Mm          
Gs^Fp       , Gs^Fmf      , Gs^Fmf      , Gs^Fmf      , Gs^Fms      , Gs^Fmf      , Gs^Fmf      , Gs^Fmf      , Gs^Fmf      , Gs^Fmf      , Ww          , Ww          , Gs^Fmf      , Gs^Fmf      , Gs^Fmf      , Gs^Fmf      , Gs^Fmf      , Gs^Fmf      , Gs^Fmf      , Gs^Fmf      , Gs^Fmf      , Gs^Fmf      , Gs^Fmf      , Gs^Fmf      , Gs^Fms      , Gs^Fmf      , Gs^Fmf      , Gs^Fmf      , Gs^Fmf      , Gs^Fms      , Gs^Fmf      , Gs^Fms      , Gs^Fmf      , Gs^Fmf      , Gs^Fmf      , Gll         , Gll         , Gs^Fmf      , Gs^Fmf      , Gs^Fmf      , Gs^Fmf      , Gs^Fmf      , Gs^Fmf      , Gs^Fms      , Gs^Fmf      , Gs^Fms      , Gs^Fms      , Gs^Fmf      , Gg          , Gs^Efm      , Gs^Fmf      , Gg          , Hh^Fmf      , Gs^Fmf      , Gs^Fmf      , Gs^Fmf      , Gs^Fmf      , Mm          , Mm          , Rp          , Gs^Fms      , Gs^Fms      , Mm^Vc       
Gs^Fp       , Gs^Fmf      , Gs^Fmf      , Gs^Fmf      , Gs^Fmf      , Hh^Fmf      , Gs^Fms      , Gs^Fmf      , Gs^Fmf      , Hh^Fmf      , Ww          , Ww          , Ww          , Gs^Fmf      , Gs^Fmf      , Gs^Fmf      , Gs^Fmf      , Gs^Fmf      , Gs^Fmf      , Gs^Fms      , Gs^Fmf      , Gs^Fmf      , Gs^Fmf      , Gs^Fmf      , Gs^Fmf      , Gs^Fmf      , Gs^Fms      , Gs^Fmf      , Gs^Fmf      , Gs^Fmf      , Gs^Fmf      , Gs^Fmf      , Gs^Fmf      , Gs^Fmf      , Gs^Fmf      , Gs^Fmf      , Gs^Fmf      , Gll         , Gll         , Gs^Fmf      , Gs^Fmf      , Gs^Fmf      , Gs^Fmf      , Gs^Fmf      , Gs^Fms      , Gs^Efm      , Gs^Efm      , Gs^Efm      , Gg          , Gg          , Gg          , Gg          , Gg          , Hh^Fmf      , Gs^Fmf      , Gs^Fmf      , Gs^Fmf      , Gs^Fmf      , Gs^Fmf      , Mm          , Mm          , Rp          , Rp          
Gs^Fp       , Gs^Fmf      , Gs^Fmf      , Gs^Fms      , Gs^Fmf      , Hh^Fmf      , Gs^Fmf      , Gs^Fms      , Gs^Fms      , Hh^Fmf      , Hh^Fmf      , Hh^Fmf      , Ww          , Ww          , Gs^Fmf      , Gs^Fmf      , Gs^Fmf      , Gs^Fmf      , Gs^Fmf      , Gs^Fmf      , Gs^Fmf      , Gs^Fms      , Gs^Fmf      , Gs^Fms      , Gs^Fmf      , Gs^Fmf      , Gs^Fmf      , Gs^Fmf      , Gs^Fmf      , Gs^Fmf      , Gs^Fmf      , Gs^Fmf      , Gs^Fmf      , Gs^Fmf      , Gs^Fmf      , Gs^Fmf      , Gs^Fmf      , Gs^Fmf      , Gs^Fmf      , Gll         , Gs^Fmf      , Gs^Fmf      , Gs^Fmf      , Gs^Fmf      , Gs^Fms      , Gs^Fmf      , Gs^Fmf      , Gg          , Hh^Fmf      , Gg          , Gs^Efm      , Gs^Fmf      , Gs^Efm      , Gs^Fmf      , Hh^Fmf      , Gs^Fmf      , Gs^Fmf      , Gs^Fmf      , Gs^Fmf      , Gs^Fmf      , Gs^Fmf      , Mm          , Mm          
Gs^Fp       , Gs^Fmf      , Gs^Fmf      , Gs^Fms      , Gs^Fms      , Gs^Fmf      , Gs^Fms      , Gs^Fmf      , Gs^Fmf      , Hh^Fmf      , Hh^Fmf      , Hh^Fmf      , Ww          , Ww          , Gs^Fmf      , Gs^Fmf      , Gs^Fmf      , Gs^Fmf      , Gs^Fms      , Gs^Fmf      , Gs^Fmf      , Gs^Fmf      , Gs^Fmf      , Gs^Fmf      , Gs^Fmf      , Gs^Fmf      , Gs^Fms      , Gs^Fmf      , Gs^Fmf      , Gs^Fmf      , Gs^Fmf      , Gs^Fmf      , Gs^Fmf      , Gs^Fmf      , Gs^Fmf      , Gs^Fmf      , Gs^Fmf      , Gs^Fmf      , Gll         , Gll         , Gs^Fmf      , Gs^Fmf      , Gs^Fmf      , Gs^Fmf      , Gs^Fms      , Gs^Fmf      , Gs^Efm      , Gg          , Gg          , Gg          , Gg          , Gg          , Gs^Fmf      , Gs^Fmf      , Gs^Fmf      , Hh^Fmf      , Gs^Fp       , Gs^Fmf      , Gs^Fp       , Gs^Fp       , Gs^Fmf      , Gs^Fmf      , Gs^Fmf      
Gs^Fmf      , Gs^Fmf      , Gs^Fmf      , Gs^Fmf      , Gs^Fmf      , Gs^Fms      , Gs^Fmf      , Gs^Fmf      , Gs^Fmf      , Gs^Fmf      , Gs^Fmf      , Hh^Fds      , Hh^Fds      , Ww          , Gs^Fmf      , Gs^Fms      , Gs^Fmf      , Gs^Fmf      , Gs^Fmf      , Gs^Fmf      , Gs^Fmf      , Gs^Fmf      , Gs^Fmf      , Gs^Fmf      , Gs^Fmf      , Gs^Fmf      , Gs^Fmf      , Gs^Fms      , Gs^Fms      , Gs^Fmf      , Gs^Fmf      , Gs^Fmf      , Gs^Fmf      , Gs^Fmf      , Gs^Fmf      , Gs^Fmf      , Gs^Fmf      , Gs^Fmf      , Gll         , Gs^Fmf      , Gs^Fmf      , Gs^Fmf      , Gs^Fms      , Gs^Fmf      , Gs^Fms      , Gs^Fmf      , Gs^Fmf      , Gs^Efm      , Gs^Fmf      , Gs^Efm      , Gg          , Gg          , Hh^Efm      , Gs^Fmf      , Hh^Fmf      , Hh^Fmf      , Gs^Fp       , Gs^Fms      , Gs^Fp       , Gs^Fp       , Gs^Fmf      , Gs^Fmf      , Gs^Fmf      
Gs^Fmf      , Gs^Fmf      , Gs^Fmf      , Gs^Fmf      , Gs^Fmf      , Gs^Fmf      , Gs^Fmf      , Gs^Fmf      , Ww          , Gs^Fms      , Gs^Fmf      , Gs^Fp       , Ww          , Ww          , Gs^Fmf      , Gs^Fmf      , Gs^Fms      , Gs^Fmf      , Gs^Fms      , Gs^Fmf      , Gs^Fmf      , Gs^Fmf      , Gs^Fms      , Gs^Fmf      , Gs^Fmf      , Gs^Fmf      , Gs^Fmf      , Gs^Fmf      , Gs^Fmf      , Gs^Fmf      , Gs^Fmf      , Gs^Fmf      , Gs^Fmf      , Gs^Fmf      , Gs^Fmf      , Gs^Fmf      , Gs^Fmf      , Gs^Fmf      , Gll         , Gs^Fmf      , Gs^Fmf      , Gs^Fmf      , Gs^Fmf      , Gs^Fms      , Gs^Fms      , Gs^Fmf      , Gs^Fms      , Gs^Efm      , Gg          , Gg          , Gg          , Gs^Fmf      , Gs^Fmf      , Gs^Efm      , Hh^Fmf      , Gs^Fp       , Gs^Fp       , Gs^Fms      , Gs^Fms      , Gs^Fp       , Gs^Fmf      , Gs^Fmf      , Gs^Fmf      
Gs^Fmf      , Gs^Fmf      , Ww          , Ww          , Ww          , Gs^Fmf      , Ww          , Ww          , Ww          , Ww          , Ww          , Gs^Fmf      , Ww          , Ww          , Gs^Fmf      , Gs^Fmf      , Gs^Fmf      , Gs^Fmf      , Gs^Fmf      , Gs^Fmf      , Gs^Fms      , Hh^Fmf      , Hh^Fmf      , Hh^Fmf      , Hh^Fmf      , Gs^Fmf      , Gs^Fmf      , Gs^Fmf      , Gs^Fmf      , Gs^Fmf      , Gs^Fmf      , Gs^Fmf      , Gs^Fmf      , Gs^Fmf      , Gs^Fmf      , Gs^Fmf      , Gs^Fmf      , Gs^Fmf      , Gll         , Gll         , Gs^Fmf      , Gs^Fmf      , Gs^Fmf      , Gs^Fmf      , Gs^Fmf      , Gs^Fms      , Gs^Fms      , Gs^Fmf      , Gs^Fmf      , Gg          , Gs^Efm      , Gs^Fmf      , Gs^Efm      , Hh^Efm      , Hh^Fmf      , Gs^Fmf      , Gs^Fmf      , Gs^Fp       , Gll^Fmf     , Gs^Fms      , Gs^Fmf      , Gs^Fmf      , Gs^Fmf      
Ww          , Ww          , Wo          , Wo          , Wo          , Ww          , Gs^Fmf      , Ww          , Hh^Fmf      , Hh^Fds      , Ww          , Gs^Fmf      , Ww          , Hh^Fds      , Gs^Fmf      , Gs^Fmf      , Gs^Fmf      , Gs^Fmf      , Gs^Fms      , Gs^Fmf      , Gs^Fmf      , Hh^Fmf      , Hh^Fmf      , Hh^Fmf      , Gs^Fmf      , Gs^Fmf      , Gs^Fmf      , Gs^Fmf      , Gs^Fms      , Gs^Fms      , Gs^Fmf      , Gs^Fms      , Gs^Fmf      , Gs^Fmf      , Gs^Fmf      , Gs^Fmf      , Gs^Fmf      , Gs^Fmf      , Gll         , Gll         , Gll         , Gs^Fmf      , Gll         , Gs^Fmf      , Gs^Fmf      , Gs^Fmf      , Gs^Fmf      , Gs^Fmf      , Gs^Fmf      , Gs^Fms      , Gs^Fmf      , Gs^Efm      , Hh^Fmf      , Gs^Fmf      , Gs^Fmf      , Gs^Fmf      , Gs^Fmf      , Gs^Fmf      , Gll^Fmf     , Gs^Fms      , Gs^Fmf      , Gs^Fmf      , Gs^Fmf      
Ww          , Ww          , Wo          , Wo          , Ww          , Ww          , Gs^Fmf      , Gs^Fmf      , Gs^Fmf      , Hh^Fmf      , Hh^Fds      , Ww          , Gs^Fmf      , Hh^Fds      , Gs^Fmf      , Gs^Fmf      , Gs^Fmf      , Gs^Fmf      , Gs^Fms      , Gs^Fmf      , Gs^Fmf      , Gs^Fmf      , Gs^Fmf      , Hh^Fmf      , Gs^Fmf      , Gs^Fmf      , Gs^Fms      , Gs^Fms      , Gs^Fms      , Gs^Fmf      , Gs^Fmf      , Gs^Fms      , Gs^Fms      , Gs^Fmf      , Gs^Fmf      , Gs^Fmf      , Gs^Fmf      , Gs^Fmf      , Gs^Fmf      , Gll         , Gll         , Gll         , Gll         , Gll         , Gll         , Gs^Fmf      , Gs^Fmf      , Gs^Fmf      , Gs^Fmf      , Gs^Fmf      , Gs^Fmf      , Gs^Fmf      , Gs^Fms      , Gs^Fmf      , Gs^Fmf      , Hh^Fmf      , Hh^Fmf      , Gs^Fmf      , Gs^Fp       , Gs^Fms      , Gs^Fmf      , Gs^Fmf      , Gs^Fmf      
Gs^Fmf      , Ww          , Ww          , Ww          , Ww          , Ww          , Gs^Fmf      , Gs^Fmf      , Gs^Fmf      , Gs^Fmf      , Gs^Fmf      , Hh^Fds      , Gs^Fmf      , Gs^Fmf      , Gs^Fmf      , Gs^Fmf      , Gs^Fmf      , Gs^Fmf      , Gg          , Gs^Fmf      , Gs^Fmf      , Gs^Fmf      , Gs^Fmf      , Gs^Fmf      , Gs^Fmf      , Gs^Fmf      , Gs^Fmf      , Gs^Fms      , Gs^Fmf      , Gs^Fmf      , Gs^Fmf      , Gs^Fms      , Gs^Fmf      , Gs^Fmf      , Gs^Fmf      , Gs^Fmf      , Gs^Fmf      , Gs^Fmf      , Gs^Fmf      , Gs^Fmf      , Gs^Fmf      , Gll         , Gll         , Gll         , Gll         , Gll         , Gll         , Gs^Fmf      , Gs^Fmf      , Gs^Fms      , Gs^Fmf      , Hh^Fmf      , Gs^Fmf      , Gs^Fmf      , Gs^Fmf      , Gs^Fmf      , Gs^Fmf      , Gs^Fmf      , Gs^Fms      , Gs^Fms      , Gs^Fmf      , Gs^Fmf      , Gs^Fmf      
Gs^Fmf      , Gs^Fmf      , Gs^Fmf      , Ww          , Hh^Fmf      , Hh^Fmf      , Hh^Fmf      , Gs^Fmf      , Hh^Fmf      , Hh^Fmf      , Gs^Fmf      , Hh^Fmf      , Hh^Fmf      , Gs^Fmf      , Gs^Fmf      , Gs^Fmf      , Gg          , Gg          , Gg          , Gg          , Gs^Fmf      , Gs^Fmf      , Gs^Fmf      , Gs^Fmf      , Gs^Fmf      , Gs^Fmf      , Gs^Fmf      , Gs^Fmf      , Gs^Fmf      , Gs^Fmf      , Gs^Fmf      , Gs^Fms      , Gs^Fmf      , Gs^Fmf      , Gs^Fmf      , Gs^Fmf      , Gs^Fmf      , Gs^Fms      , Gs^Fmf      , Gs^Fmf      , Gs^Fmf      , Gs^Fmf      , Gs^Fmf      , Gll         , Gll         , Gll         , Gll         , Gll         , Gs^Fmf      , Hh^Fmf      , Gs^Fmf      , Gs^Fms      , Gs^Fmf      , Gs^Fmf      , Gs^Fmf      , Gs^Fmf      , Gs^Fmf      , Hh^Fmf      , Hh^Fmf      , Gs^Fms      , Gs^Fp       , Gg          , Gg          
Gs^Fmf      , Gs^Fmf      , Gs^Fmf      , Gs^Fmf      , Gs^Fmf      , Gs^Fmf      , Gs^Fmf      , Hh^Fds      , Hh^Fds      , Gs^Fmf      , Gs^Fmf      , Gs^Fmf      , Hh^Fmf      , Gs^Fmf      , Gs^Fmf      , Gg          , Gg          , Gg^Vl       , Gg          , Gg          , Gs^Fmf      , Gs^Fms      , Gs^Fms      , Gs^Fmf      , Gs^Fmf      , Gs^Fmf      , Gs^Fmf      , Gs^Fmf      , Gs^Fmf      , Gs^Fmf      , Gs^Fmf      , Gs^Fms      , Gs^Fmf      , Gs^Fmf      , Gs^Fmf      , Gs^Fmf      , Gs^Fmf      , Gs^Fmf      , Gs^Fmf      , Gs^Fmf      , Gs^Fmf      , Gs^Fmf      , Gs^Fmf      , Gs^Fmf      , Gs^Fmf      , Gll         , Gll         , Gll         , Gs^Fmf      , Gs^Fmf      , Gs^Fmf      , Gs^Fmf      , Gs^Fmf      , Gs^Fmf      , Gs^Fmf      , Gs^Fmf      , Gs^Fmf      , Hh^Fmf      , Gs^Fp       , Gs^Fp       , Gs^Fp       , Gs^Fmf      , Gs^Fmf      
Gs^Fp       , Gs^Fmf      , Gs^Fmf      , Hh^Fmf      , Gs^Fmf      , Hh^Fds      , Hh^Fmf      , Gs^Fmf      , Gs^Fmf      , Gs^Fmf      , Gs^Fmf      , Gs^Fmf      , Gs^Fmf      , Hh^Fmf      , Gs^Fmf      , Gg          , Gg          , Gg          , Re^Gvs      , Gg          , Gg          , Gs^Fms      , Gs^Fmf      , Gs^Fmf      , Gs^Fmf      , Gs^Fmf      , Gs^Fmf      , Gs^Fms      , Gs^Fmf      , Gs^Fmf      , Gs^Fmf      , Gs^Fmf      , Gs^Fmf      , Gs^Fmf      , Hh^Fmf      , Gs^Fmf      , Gs^Fmf      , Gs^Fmf      , Gs^Fms      , Gs^Fms      , Gs^Fmf      , Gs^Fmf      , Gs^Fmf      , Gs^Fmf      , Gs^Fmf      , Gll         , Gll         , Gll         , Gs^Fmf      , Gs^Fmf      , Gs^Fms      , Gs^Fmf      , Gs^Fms      , Gs^Fmf      , Gs^Fmf      , Gs^Fmf      , Gs^Fmf      , Gs^Fmf      , Gs^Fp       , Gs^Fms      , Gs^Fp       , Gs^Fmf      , Gs^Fmf      
Xue         , Gs^Fmf      , Gs^Fmf      , Gs^Fmf      , Hh^Fmf      , Hh^Fmf      , Gs^Fmf      , Hh^Fmf      , Gs^Fmf      , Gs^Fmf      , Gs^Fmf      , Hh^Fmf      , Hh^Fmf      , Hh^Fmf      , Gg          , Gg          , Re^Gvs      , Re^Gvs      , Re^Gvs      , Re^Gvs      , Re^Gvs      , Gs^Fmf      , Gs^Fmf      , Gs^Fmf      , Gs^Fmf      , Gs^Fmf      , Gs^Fmf      , Gs^Fmf      , Gs^Fmf      , Gs^Fmf      , Gs^Fmf      , Gs^Fmf      , Gs^Fmf      , Gs^Fmf      , Gs^Fmf      , Gs^Fmf      , Gs^Fmf      , Gs^Fmf      , Gs^Fmf      , Gs^Fmf      , Gs^Fmf      , Gs^Fmf      , Gs^Fmf      , Gs^Fmf      , Gs^Fmf      , Gs^Fmf      , Gll         , Gll         , Gs^Fmf      , Gs^Fmf      , Gs^Fmf      , Gs^Fmf      , Gs^Fmf      , Gs^Fmf      , Gs^Fmf      , Gs^Fmf      , Gs^Fp       , Gs^Fp       , Gs^Fms      , Gs^Fms      , Gs^Fp       , Gs^Fmf      , Gs^Fmf      
Uue         , Xue         , Xue         , Gs^Fmf      , Gs^Fmf      , Hh^Fmf      , Gs^Fmf      , Gs^Fmf      , Gs^Fmf      , Hh^Fds      , Gs^Fmf      , Gs^Fmf      , Hh^Fmf      , Gs^Fmf      , Gg          , Re^Gvs      , Re^Gvs      , Re^Gvs      , Re^Gvs      , Re^Gvs      , Re^Gvs      , Gg          , Gs^Fmf      , Gs^Fmf      , Gs^Fmf      , Gs^Fmf      , Gs^Fmf      , Gs^Fmf      , Gs^Fmf      , Gs^Fms      , Gs^Fmf      , Gs^Fmf      , Gs^Fmf      , Gs^Fmf      , Gs^Fmf      , Gs^Fms      , Hh^Fmf      , Gs^Fmf      , Gs^Fmf      , Gs^Fmf      , Gs^Fmf      , Gs^Fmf      , Gs^Fmf      , Gs^Fmf      , Gs^Fmf      , Gg^Vh       , Gll         , Gll         , Gs^Fmf      , Gs^Fmf      , Gs^Fmf      , Gs^Fmf      , Gs^Fmf      , Gs^Fmf      , Gs^Fms      , Gs^Fmf      , Gs^Fp       , Gs^Fms      , Gs^Fms      , Gs^Fp       , Gs^Fp       , Gs^Fmf      , Gs^Fmf      
Uh          , Uue         , Uh          , Xue         , Xue         , Hh^Fmf      , Hh^Fmf      , Gs^Fmf      , Gs^Fmf      , Gs^Fmf      , Gs^Fmf      , Hh^Fmf      , Gs^Fmf      , Gg          , Gg          , Re^Gvs      , Re^Gvs      , Re^Gvs      , Re^Gvs      , Re^Gvs      , Gg          , Gg          , Gs^Fmf      , Gs^Fmf      , Gs^Fmf      , Gs^Fmf      , Gs^Fmf      , Gs^Fmf      , Gs^Fmf      , Gs^Fmf      , Gs^Fmf      , Gs^Fmf      , Gs^Fmf      , Gs^Fms      , Gs^Fms      , Gs^Fmf      , Gs^Fmf      , Gs^Fmf      , Gs^Fmf      , Gs^Fmf      , Gs^Fmf      , Gs^Fmf      , Gs^Fmf      , Gs^Fmf      , Gll         , Gll         , Gll         , Gll         , Gll         , Gs^Fmf      , Gs^Fmf      , Gs^Fms      , Gs^Fmf      , Gs^Fmf      , Gs^Fmf      , Gs^Fmf      , Gs^Fp       , Gs^Fms      , Gs^Fms      , Gs^Fp       , Gs^Fmf      , Gs^Fmf      , Gs^Fmf      
Uue         , Qxe         , Uue         , Xue         , Xue         , Hh          , Hh          , Hh^Fmf      , Hh^Fmf      , Hh^Fmf      , Gs^Fmf      , Gs^Fmf      , Gs^Fmf      , Gs^Fmf      , Gs^Fmf      , Gg          , Gg          , Re^Gvs      , Gg          , Gg          , Gg          , Gg          , Gs^Fmf      , Gs^Fmf      , Gs^Fmf      , Gs^Fmf      , Gs^Fmf      , Gs^Fmf      , Gs^Fmf      , Gs^Fmf      , Hh^Fmf      , Gs^Fmf      , Gs^Fmf      , Gs^Fmf      , Gs^Fmf      , Gs^Fms      , Gs^Fms      , Gs^Fmf      , Gs^Fms      , Gs^Fmf      , Gs^Fmf      , Hh^Fmf      , Gs^Fmf      , Gs^Fmf      , Gs^Fmf      , Gll         , Gll         , Gll         , Gs^Fmf      , Gs^Fmf      , Gs^Fmf      , Gs^Fmf      , Gs^Fmf      , Gs^Fmf      , Gs^Fmf      , Gs^Fmf      , Gs^Fmf      , Gs^Fp       , Gs^Fms      , Gs^Fms      , Gs^Fmf      , Gs^Fmf      , Gs^Fmf      
Uh          , Uue         , Uh          , Uh          , Uue         , Hh          , Hh          , Gs^Fmf      , Hh^Fmf      , Gs^Fmf      , Gg^Fet      , Gs^Fmf      , Gs^Fmf      , Gs^Fmf      , Gs^Fmf      , Gg          , Gs^Fmf      , Gg          , Gg          , Gg          , Gg          , Gg          , Gs^Fmf      , Gs^Fmf      , Gs^Fmf      , Gs^Fmf      , Gs^Fmf      , Gs^Fmf      , Gs^Fmf      , Gs^Fmf      , Gs^Fmf      , Hh^Fmf      , Gs^Fmf      , Gs^Fmf      , Hh^Fmf      , Gs^Fmf      , Hh^Fmf      , Gs^Fmf      , Gs^Fmf      , Gs^Fms      , Gs^Fmf      , Gs^Fmf      , Gs^Fmf      , Gs^Fmf      , Gll         , Gs^Fmf      , Gll         , Gll         , Gs^Fmf      , Gs^Fmf      , Gs^Fmf      , Gs^Fmf      , Gs^Fmf      , Gs^Fmf      , Gs^Fmf      , Gs^Fmf      , Gs^Fmf      , Gs^Fmf      , Gs^Fp       , Gs^Fp       , Gs^Fmf      , Gs^Fmf      , Gs^Fmf      
Uue         , Uue         , Qxe         , Uue         , Xue         , Hh          , Hh          , Hh^Fmf      , Hh^Fmf      , Gs^Fmf      , Gs^Fmf      , Gs^Fmf      , Gs^Fmf      , Gs^Fmf      , Gs^Fmf      , Gs^Fmf      , Gs^Fmf      , Gs^Fmf      , Gs^Fmf      , Gg          , Gs^Fmf      , Gs^Fmf      , Gs^Fmf      , Gs^Fmf      , Gs^Fmf      , Gs^Fmf      , Gs^Fmf      , Gs^Fmf      , Gs^Fmf      , Gs^Fmf      , Gs^Fmf      , Gs^Fmf      , Gs^Fmf      , Gs^Fmf      , Gs^Fmf      , Gs^Fmf      , Hh^Fmf      , Hh^Fmf      , Gs^Fmf      , Gs^Fmf      , Gs^Fmf      , Gs^Fms      , Gs^Fmf      , Gs^Fmf      , Gll         , Gll         , Gll         , Gll         , Gs^Fmf      , Gs^Fmf      , Gs^Fmf      , Gs^Fms      , Gs^Fmf      , Gs^Fmf      , Gs^Fmf      , Gs^Fms      , Gs^Fmf      , Gs^Fmf      , Gs^Fp       , Gs^Fp       , Gs^Fmf      , Gs^Fmf      , Gs^Fmf      
Uue         , Uue         , Uh          , Uue         , Xue         , Hh^Fmf      , Hh^Fmf      , Hh^Fmf      , Hh^Fmf      , Gg^Fet      , Gs^Fmf      , Gs^Fmf      , Gs^Fmf      , Gs^Fmf      , Gs^Fmf      , Gs^Fmf      , Gs^Fmf      , Gs^Fmf      , Gs^Fmf      , Gs^Fmf      , Gs^Fmf      , Gs^Fmf      , Gs^Fmf      , Gs^Fmf      , Gs^Fmf      , Gs^Fmf      , Gs^Fmf      , Gs^Fmf      , Gs^Fmf      , Gs^Fmf      , Gs^Fmf      , Gs^Fmf      , Gs^Fmf      , Gs^Fmf      , Hh^Fmf      , Gs^Fmf      , Gs^Fmf      , Gs^Fmf      , Gs^Fmf      , Gs^Fmf      , Gs^Fmf      , Hh^Fmf      , Gs^Fmf      , Gll         , Gll         , Gll         , Gs^Fmf      , Gs^Fmf      , Gs^Fmf      , Gs^Fms      , Gs^Fmf      , Gs^Fmf      , Gs^Fmf      , Gs^Fmf      , Gs^Fmf      , Gs^Fmf      , Gs^Fmf      , Gs^Fmf      , Gs^Fp       , Gs^Fp       , Gs^Fmf      , Gs^Fmf      , Gs^Fmf      
Uue         , Uu^Ufi      , Uue         , Xue         , Gs^Fmf      , Gs^Fmf      , Gs^Fmf      , Gs^Fmf      , Hh^Fmf      , Gs^Fmf      , Gs^Fmf      , Gs^Fmf      , Gs^Fp       , Gs^Fmf      , Gs^Fmf      , Gg^Fet      , Gs^Fmf      , Gs^Fmf      , Gs^Fmf      , Gs^Fmf      , Gs^Fmf      , Gs^Fmf      , Gs^Fmf      , Gs^Fmf      , Gs^Fmf      , Gs^Fmf      , Gs^Fmf      , Gs^Fmf      , Gs^Fmf      , Gs^Fmf      , Gs^Fmf      , Gs^Fmf      , Gs^Fmf      , Hh^Fmf      , Hh^Fmf      , Hh^Fmf      , Gs^Fmf      , Gs^Fmf      , Gs^Fmf      , Gs^Fmf      , Gs^Fmf      , Gs^Fmf      , Gs^Fmf      , Gs^Fmf      , Gll         , Gs^Fmf      , Gs^Fmf      , Gs^Fmf      , Gs^Fmf      , Gs^Fmf      , Gs^Fmf      , Gs^Fms      , Gs^Fmf      , Gs^Fmf      , Hh^Fmf      , Gs^Fmf      , Gs^Fp       , Gs^Fp       , Gs^Fp       , Gs^Fmf      , Gs^Fmf      , Gs^Fmf      , Gs^Fmf      
Uue         , Uue         , Xue         , Xue         , Gs^Fmf      , Gs^Fmf      , Gs^Fmf      , Gs^Fmf      , Hh^Fmf      , Gs^Fmf      , Gs^Fmf      , Gs^Fmf      , Gs^Fp       , Gs^Fmf      , Gs^Fmf      , Gs^Fmf      , Gs^Fmf      , Gs^Fmf      , Gs^Fmf      , Gs^Fmf      , Gs^Fmf      , Gs^Fmf      , Gs^Fmf      , Gs^Fmf      , Gs^Fmf      , Gs^Fmf      , Gs^Fmf      , Gs^Fmf      , Gs^Fmf      , Gs^Fmf      , Gs^Fmf      , Gs^Fmf      , Gs^Fmf      , Gs^Fmf      , Gs^Fmf      , Gs^Fmf      , Hh^Fmf      , Gs^Fmf      , Hh^Fmf      , Gs^Fmf      , Gs^Fmf      , Gs^Fmf      , Gs^Fmf      , Gs^Fmf      , Gll         , Gll         , Gll         , Gs^Fmf      , Gs^Fmf      , Gs^Fms      , Gs^Fmf      , Gs^Fmf      , Gs^Fms      , Hh^Fmf      , Gs^Fmf      , Gs^Fmf      , Gs^Fp       , Hh^Fp       , Gs^Fp       , Gs^Fmf      , Gs^Fmf      , Gs^Fmf      , Gs^Fmf      
Xue         , Xue         , Gs^Fmf      , Gs^Fmf      , Gs^Fmf      , Gs^Fmf      , Gs^Fmf      , Gs^Fmf      , Gs^Fmf      , Hh^Fmf      , Gs^Fmf      , Gs^Fmf      , Gs^Fp       , Gs^Fmf      , Gs^Fmf      , Gs^Fmf      , Gs^Fmf      , Gs^Fmf      , Gs^Fmf      , Gs^Fmf      , Gs^Fmf      , Gs^Fmf      , Gs^Fmf      , Gs^Fmf      , Gs^Fmf      , Gs^Fmf      , Gs^Fmf      , Gs^Fmf      , Gs^Fmf      , Gs^Fmf      , Gs^Fmf      , Gs^Fmf      , Gs^Fmf      , Gs^Fmf      , Gs^Fmf      , Gs^Fmf      , Gs^Fmf      , Gs^Fmf      , Gs^Fmf      , Gs^Fmf      , Gs^Fmf      , Gs^Fmf      , Gs^Fmf      , Gs^Fmf      , Gll         , Gll         , Gll         , Gll         , Gs^Fmf      , Gs^Fmf      , Gs^Fmf      , Hh^Fmf      , Gs^Fmf      , Gs^Fmf      , Gs^Fmf      , Gs^Fp       , Gs^Fp       , Hh^Fp       , Gs^Fp       , Gs^Fmf      , Gs^Fmf      , Gs^Fmf      , Gs^Fmf      
Gs^Fp       , Gg          , Gs^Fmf      , Gs^Fmf      , Gs^Fmf      , Gs^Fmf      , Gs^Fmf      , Gs^Fmf      , Gg^Fet      , Gs^Fmf      , Gs^Fmf      , Gg^Fet      , Hh^Fmf      , Hh^Fmf      , Hh^Fmf      , Gs^Fmf      , Gs^Fmf      , Gs^Fmf      , Gs^Fmf      , Gs^Fmf      , Gs^Fmf      , Gs^Fmf      , Gs^Fmf      , Gg^Fet      , Gs^Fmf      , Gs^Fmf      , Gs^Fmf      , Gs^Fmf      , Gs^Fmf      , Gs^Fmf      , Gs^Fmf      , Gs^Fmf      , Gs^Fmf      , Gs^Fmf      , Gs^Fmf      , Gs^Fmf      , Gs^Fmf      , Gs^Fmf      , Gs^Fmf      , Gs^Fmf      , Gs^Fmf      , Gs^Fmf      , Gs^Fmf      , Gs^Fmf      , Gs^Fmf      , Gll         , Gll         , Gll         , Gs^Fmf      , Gs^Fmf      , Hh^Fmf      , Gs^Fmf      , Gs^Fmf      , Gs^Fmf      , Gs^Fmf      , Gs^Fmf      , Gs^Fp       , Hh^Fp       , Gs^Fp       , Gs^Fmf      , Gs^Fmf      , Gs^Fmf      , Gs^Fmf      
Gs^Fp       , Gs^Fmf      , Gs^Fmf      , Gs^Fmf      , Gs^Fmf      , Gs^Fmf      , Gs^Fmf      , Gs^Fmf      , Gs^Fmf      , Gs^Fmf      , Gs^Fmf      , Gs^Fmf      , Gs^Fp       , Gs^Fmf      , Gs^Fmf      , Gs^Fmf      , Gs^Fmf      , Gs^Fmf      , Gs^Fmf      , Gs^Fmf      , Gs^Fmf      , Gs^Fmf      , Gs^Fmf      , Gs^Fmf      , Gs^Fmf      , Gs^Fmf      , Gs^Fmf      , Gs^Fmf      , Gg^Fet      , Gs^Fmf      , Gs^Fmf      , Gs^Fmf      , Gs^Fmf      , Gs^Fmf      , Gs^Fmf      , Gs^Fmf      , Gs^Fmf      , Gs^Fmf      , Gs^Fmf      , Gs^Fmf      , Gs^Fmf      , Gs^Fmf      , Gs^Fmf      , Gs^Fmf      , Gll         , Gs^Fmf      , Gll         , Gll         , Gs^Fmf      , Gs^Fmf      , Gs^Fmf      , Hh^Fmf      , Gs^Fmf      , Gs^Fmf      , Gs^Fp       , Gs^Fmf      , Gs^Fp       , Hh^Fp       , Hh^Fp       , Gs^Fmf      , Gs^Fmf      , Gs^Fmf      , Gs^Fms      
Gs^Fp       , Gs^Fmf      , Gs^Fmf      , Gs^Fmf      , Gs^Fmf      , Gs^Fmf      , Gg^Fet      , Gs^Fmf      , Hh^Fmf      , Hh^Fmf      , Gs^Fmf      , Gs^Fmf      , Gs^Fp       , Gs^Fmf      , Gs^Fmf      , Gs^Fmf      , Gs^Fmf      , Gg^Fet      , Gs^Fmf      , Gs^Fmf      , Gs^Fmf      , Gs^Fmf      , Gs^Fmf      , Gs^Fmf      , Gs^Fmf      , Gs^Fmf      , Gs^Fmf      , Gs^Fmf      , Gs^Fmf      , Gs^Fmf      , Gs^Fmf      , Gs^Fmf      , Gs^Fmf      , Gs^Fmf      , Gg^Fet      , Gs^Fmf      , Gs^Fmf      , Gs^Fmf      , Gs^Fmf      , Gs^Fmf      , Gs^Fmf      , Gs^Fmf      , Gs^Fmf      , Gs^Fmf      , Gll         , Gll         , Gll         , Gll         , Gs^Fmf      , Gs^Fmf      , Gs^Fmf      , Gs^Fmf      , Gs^Fmf      , Gs^Fp       , Gs^Fp       , Gs^Fp       , Hh^Fp       , Hh^Fp       , Gs^Fp       , Gs^Fmf      , Gs^Fmf      , Gs^Fmf      , Gs^Fms      
Gs^Fp       , Gs^Fmf      , Gs^Fmf      , Gs^Fmf      , Gs^Fmf      , Gs^Fmf      , Hh^Fmf      , Hh^Fmf      , Hh^Fmf      , Hh^Fmf      , Gs^Fmf      , Gs^Fmf      , Gg^Fet      , Gs^Fmf      , Gs^Fmf      , Gs^Fmf      , Gs^Fmf      , Gs^Fmf      , Gs^Fmf      , Gs^Fmf      , Gs^Fmf      , Gs^Fmf      , Gs^Fmf      , Gs^Fmf      , Gs^Fmf      , Gs^Fmf      , Gs^Fmf      , Gs^Fmf      , Gs^Fmf      , Gs^Fmf      , Gs^Fmf      , Gs^Fmf      , Gs^Fmf      , Gs^Fmf      , Gs^Fmf      , Gs^Fmf      , Gs^Fmf      , Gs^Fmf      , Gs^Fmf      , Gs^Fmf      , Gs^Fmf      , Gs^Fmf      , Gs^Fmf      , Gs^Fmf      , Gs^Fmf      , Gll         , Gll         , Gll         , Gs^Fmf      , Gs^Fmf      , Gs^Fmf      , Gs^Fmf      , Gs^Fp       , Gs^Fp       , Hh^Fp       , Hh^Fp       , Gs^Fp       , Gs^Fp       , Gs^Fp       , Gs^Fp       , Gs^Fmf      , Gs^Fms      , Gs^Fms      
Gs^Fp       , Gs^Fmf      , Gs^Fmf      , Gs^Fmf      , Gs^Fmf      , Hh^Fmf      , Hh^Fmf      , Hh^Fmf      , Gg^Fet      , Hh^Fmf      , Gs^Fmf      , Gs^Fmf      , Gs^Fmf      , Gs^Fmf      , Gs^Fmf      , Gs^Fmf      , Gs^Fmf      , Gs^Fmf      , Gs^Fmf      , Gs^Fmf      , Gg^Fet      , Gs^Fmf      , Gs^Fmf      , Gg^Fet      , Gs^Fmf      , Gs^Fmf      , Gs^Fmf      , Gs^Fmf      , Gg^Fet      , Gs^Fmf      , Gs^Fmf      , Gs^Fmf      , Gs^Fmf      , Gs^Fmf      , Gs^Fms      , Gs^Fmf      , Gs^Fmf      , Gs^Fmf      , Gs^Fmf      , Gs^Fmf      , Gs^Fmf      , Gs^Fmf      , Gs^Fmf      , Gs^Fmf      , Gs^Fmf      , Gll         , Gll         , Gll         , Gs^Fmf      , Gs^Fmf      , Gs^Fmf      , Gs^Fmf      , Gs^Fp       , Gs^Fp       , Gs^Fp       , Hh^Fp       , Gs^Fp       , Gs^Fp       , Gs^Fp       , Gs^Fp       , Gs^Fms      , Gs^Fms      , Gs^Fms      
Gs^Fp       , Gg^Fet      , Gs^Fmf      , Gs^Fmf      , Gg^Fet      , Hh^Fmf      , Hh^Fmf      , Hh^Fmf      , Hh^Fmf      , Hh^Fmf      , Gs^Fmf      , Gs^Fmf      , Gs^Fmf      , Gs^Fmf      , Gs^Fmf      , Gs^Fmf      , Gs^Fmf      , Gs^Fmf      , Gs^Fmf      , Gs^Fmf      , Gs^Fmf      , Gs^Fmf      , Gs^Fmf      , Gg^Fet      , Gs^Fmf      , Gs^Fmf      , Gs^Fmf      , Gs^Fmf      , Gs^Fmf      , Gs^Fmf      , Gs^Fmf      , Gs^Fmf      , Gg^Fet      , Gs^Fms      , Gs^Fmf      , Gs^Fmf      , Gs^Fmf      , Gs^Fmf      , Gs^Fmf      , Gs^Fmf      , Gs^Fmf      , Gs^Fmf      , Gs^Fmf      , Gs^Fmf      , Gs^Fmf      , Gs^Fmf      , Gll         , Gll         , Gs^Fmf      , Gs^Fmf      , Gs^Fmf      , Gs^Fmf      , Gs^Fmf      , Gs^Fp       , Gs^Fp       , Gs^Fp       , Gs^Fmf      , Gs^Fmf      , Gs^Fp       , Gs^Fp       , Gs^Fp       , Gs^Fms      , Gs^Fms      
Gs^Fmf      , Gs^Fmf      , Gs^Fmf      , Gs^Fmf      , Gs^Fmf      , Gs^Fmf      , Hh^Fmf      , Hh^Fmf      , Hh^Fmf      , Gg^Fet      , Gs^Fmf      , Gs^Fmf      , Gs^Fmf      , Gs^Fmf      , Gs^Fmf      , Gs^Fmf      , Gs^Fmf      , Gs^Fmf      , Gs^Fmf      , Gs^Fmf      , Gs^Fmf      , Gs^Fmf      , Gs^Fmf      , Gs^Fmf      , Gs^Fmf      , Gs^Fmf      , Gs^Fmf      , Gs^Fmf      , Gs^Fmf      , Gs^Fmf      , Gs^Fmf      , Gs^Fmf      , Gs^Fmf      , Gs^Fmf      , Gs^Fmf      , Gs^Fmf      , Gs^Fmf      , Gs^Fmf      , Gs^Fmf      , Gs^Fmf      , Gg^Fet      , Gs^Fmf      , Gs^Fmf      , Gs^Fmf      , Gg^Vc       , Gs^Fmf      , Gll         , Gll         , Gs^Fmf      , Gs^Fmf      , Gs^Fmf      , Gs^Fmf      , Gs^Fmf      , Gs^Fmf      , Gs^Fmf      , Gs^Fmf      , Gg^Vl       , Gs^Fmf      , Gs^Fp       , Gs^Fp       , Gs^Fp       , Gs^Fmf      , Gs^Fmf      
Gs^Fmf      , Gs^Fmf      , Gs^Fmf      , Gs^Fmf      , Gs^Fmf      , Gs^Fmf      , Gs^Fmf      , Gs^Fmf      , Gs^Fmf      , Gs^Fmf      , Gg^Vl       , Gs^Fmf      , Gs^Fmf      , Gs^Fmf      , Gg^Fet      , Gg^Fet      , Gs^Fmf      , Gs^Fmf      , Gs^Fmf      , Gg^Fet      , Gs^Fmf      , Gs^Fmf      , Gs^Fmf      , Gs^Fmf      , Gs^Fmf      , Gs^Fmf      , Gg^Fet      , Gs^Fmf      , Gs^Fmf      , Gs^Fmf      , Gs^Fmf      , Gs^Fmf      , Gs^Fmf      , Gs^Fms      , Gs^Fmf      , Gs^Fmf      , Hh^Fmf      , Gs^Fmf      , Gs^Fmf      , Gs^Fmf      , Gs^Fmf      , Gs^Fmf      , Gs^Fms      , Gs^Fmf      , Gs^Fmf      , Gll         , Gll         , Gll         , Gs^Fmf      , Gs^Fmf      , Gs^Fmf      , Gs^Fmf      , Gs^Fmf      , Gs^Fmf      , Gs^Fmf      , Gs^Fmf      , Gs^Fmf      , Gs^Fp       , Gs^Fp       , Gs^Fp       , Gs^Fmf      , Gs^Fmf      , Gs^Fmf      
Gll         , Gll         , Gll         , Gll         , Gll         , Gll         , Gll         , Gs^Fmf      , Gs^Fmf      , Gs^Fmf      , Gs^Fmf      , Gs^Fmf      , Gs^Fmf      , Gs^Fmf      , Gs^Fmf      , Gs^Fmf      , Gs^Fmf      , Gs^Fmf      , Gs^Fmf      , Gs^Fmf      , Gs^Fmf      , Gs^Fmf      , Gs^Fmf      , Gs^Fmf      , Gs^Fmf      , Gs^Fmf      , Gs^Fmf      , Gs^Fmf      , Gs^Fmf      , Gs^Fms      , Gs^Fms      , Gs^Fmf      , Gs^Fmf      , Gs^Fms      , Gs^Fms      , Gs^Fmf      , Hh^Fmf      , Gs^Fmf      , Gs^Fmf      , Gs^Fmf      , Gs^Fmf      , Gs^Fmf      , Gs^Fmf      , Gs^Fmf      , Gll         , Gll         , Gll         , Gll         , Gs^Fmf      , Gs^Fmf      , Gs^Fmf      , Gs^Fmf      , Gs^Fmf      , Gs^Fmf      , Gs^Fmf      , Gs^Fmf      , Gs^Fmf      , Gs^Fp       , Hh^Fp       , Gs^Fp       , Gs^Fp       , Gs^Fmf      , Gs^Fmf      
Gs          , Gll         , Gs          , Gll         , Gg          , Gs          , Gll         , Gll         , Gll         , Gs^Fmf      , Gs^Fmf      , Gs^Fmf      , Gs^Fmf      , Gs^Fmf      , Gs^Fmf      , Gs^Fmf      , Gs^Fmf      , Gs^Fmf      , Gs^Fmf      , Gg^Fet      , Gs^Fmf      , Gs^Fmf      , Gs^Fmf      , Gs^Fmf      , Gs^Fmf      , Gs^Fmf      , Gs^Fmf      , Gs^Fmf      , Gs^Fmf      , Gs^Fmf      , Gg^Fet      , Gs^Fms      , Gs^Fms      , Gs^Fmf      , Gs^Fmf      , Gs^Fms      , Gg^Fet      , Gs^Fmf      , Gs^Fmf      , Gs^Fmf      , Gs^Fmf      , Gs^Fmf      , Gs^Fmf      , Gs^Fmf      , Gll         , Gll         , Gll         , Gs^Fmf      , Gs^Fmf      , Gs^Fmf      , Gs^Fmf      , Gs^Fmf      , Gs^Fmf      , Gs^Fmf      , Gs^Fp       , Gs^Fp       , Gs^Fp       , Gs^Fp       , Hh^Fp       , Gs^Fp       , Gs^Fp       , Gs^Fmf      , Gs^Fmf      
Ss          , Ss          , Ss          , Gg          , Ss          , Gs          , Gs          , Gs          , Gs          , Gll         , Gll         , Gs^Fmf      , Gs^Fmf      , Gs^Fmf      , Gs^Fms      , Gs^Fms      , Gs^Fmf      , Gs^Fmf      , Gs^Fmf      , Gs^Fmf      , Gs^Fmf      , Gs^Fmf      , Gg^Fet      , Gs^Fmf      , Gs^Fmf      , Hh^Fmf      , Hh^Fmf      , Gs^Fmf      , Gs^Fmf      , Gs^Fmf      , Gs^Fmf      , Gs^Fms      , Gs^Fmf      , Gs^Fmf      , Gs^Fmf      , Gs^Fmf      , Hh^Fmf      , Gs^Fmf      , Gs^Fms      , Gs^Fmf      , Gs^Fmf      , Gs^Fms      , Gs^Fmf      , Gs^Fmf      , Gs^Fmf      , Gll         , Gll         , Gll         , Gs^Fmf      , Gs^Fmf      , Gs^Fmf      , Gs^Fmf      , Gs^Fmf      , Gs^Fmf      , Gs^Fp       , Gs^Fp       , Gs^Fp       , Gs^Fp       , Hh^Fp       , Gs^Fp       , Gs^Fp       , Gs^Fmf      , Gs^Fmf      
Ss          , Ss          , Ss          , Ss          , Gs          , Gs          , Gs          , Gs          , Ss          , Gs          , Gs          , Gll         , Gll         , Gll         , Gll         , Gs^Fmf      , Gs^Fmf      , Gs^Fmf      , Gs^Fmf      , Gs^Fmf      , Gs^Fmf      , Gs^Fmf      , Hh^Fmf      , Hh^Fmf      , Gs^Fmf      , Hh^Fmf      , Gs^Fmf      , Gs^Fmf      , Gs^Fmf      , Gs^Fmf      , Gs^Fmf      , Gs^Fmf      , Gs^Fmf      , Gs^Fmf      , Gs^Fmf      , Gs^Fmf      , Gs^Fmf      , Gs^Fms      , Gs^Fms      , Gs^Fmf      , Gs^Fmf      , Gs^Fmf      , Gs^Fmf      , Gs^Fmf      , Gs^Fmf      , Gll         , Gll         , Gll         , Gs^Fmf      , Gs^Fmf      , Gs^Fmf      , Gs^Fmf      , Gs^Fp       , Gs^Fp       , Gs^Fp       , Gs^Fp       , Gs^Fp       , Gs^Fp       , Hh^Fp       , Gs^Fp       , Gs^Fp       , Gs^Fp       , Gs^Fms      
Ss          , Ss^Vm       , Ss          , Ss          , Gs          , Gs          , Ss          , Ss          , Ss          , Ss          , Gs          , Gg          , Ss          , Gll         , Gll         , Gll         , Gs^Fmf      , Gs^Fmf      , Gs^Fmf      , Gs^Fmf      , Gs^Fmf      , Hh^Fmf      , Hh^Fmf      , Gs^Fmf      , Gs^Fmf      , Gs^Fmf      , Gs^Fmf      , Gs^Fmf      , Gs^Fmf      , Gs^Fmf      , Gs^Fmf      , Gs^Fmf      , Gs^Fmf      , Gs^Fmf      , Gs^Fmf      , Hh^Fmf      , Gs^Fmf      , Gs^Fms      , Gs^Fms      , Gs^Fms      , Gs^Fms      , Gs^Fmf      , Gs^Fmf      , Chr         , Gs^Fmf      , Gll         , Gll         , Gll         , Gs^Fmf      , Gg^Dr       , Gs^Fmf      , Gs^Fmf      , Gs^Fp       , Gs^Fp       , Gs^Fp       , Gs^Fp       , Gs^Fmf      , Gs^Fmf      , Gs^Fp       , Hh^Fp       , Gs^Fp       , Gs^Fms      , Gs^Fmf      
Ss          , Ss          , Ss          , Gs          , Gs          , Gs          , Ss          , Ss^Vm       , Ss          , Gs          , Gs          , Gs          , Ss          , Ss          , Gs          , Gll         , Gll         , Gs^Fmf      , Gs^Fmf      , Gs^Fmf      , Gs^Fmf      , Gs^Fmf      , Gs^Fmf      , Hh^Fmf      , Gs^Fmf      , Gs^Fmf      , Gs^Fmf      , Gs^Fmf      , Gs^Fmf      , Gs^Fmf      , Gs^Fmf      , Gs^Fmf      , Gs^Fmf      , Gs^Fmf      , Hh^Fmf      , Gs^Fmf      , Gs^Fmf      , Gs^Fmf      , Gs^Fmf      , Gs^Fms      , Gs^Fmf      , Gs^Fmf      , Gs^Fmf      , Gs^Fmf      , Gs^Fmf      , Gll         , Gll         , Gs^Fmf      , Gs^Fmf      , Gs^Fmf      , Gs^Fmf      , Gs^Fmf      , Gs^Fmf      , Gs^Fp       , Gs^Fmf      , Gs^Fmf      , Gs^Fp       , Gs^Fmf      , Gs^Fp       , Gs^Fp       , Gs^Fp       , Gs^Fmf      , Gs^Fmf      
Ss          , Ss          , Sm          , Ss          , Ss          , Gs          , Ss          , Ss          , Gs          , Gs          , Ss          , Ss          , Ss          , Ss          , Gs          , Gs          , Gs          , Gll         , Gll         , Gs^Fmf      , Gs^Fms      , Gs^Fmf      , Gs^Fmf      , Gs^Fmf      , Gs^Fms      , Hh^Fmf      , Hh^Fmf      , Gs^Fmf      , Gs^Fms      , Gs^Fmf      , Gs^Fmf      , Gs^Fmf      , Gs^Fmf      , Gs^Fmf      , Hh^Fmf      , Gs^Fmf      , Gs^Fmf      , Gs^Fmf      , Gs^Fmf      , Gs^Fmf      , Gs^Fmf      , Gs^Fmf      , Gs^Fmf      , Gs^Fmf      , Gs^Fmf      , Gs^Fmf      , Gll         , Gs^Fmf      , Gs^Fmf      , Gs^Fmf      , Gs^Fmf      , Gs^Fmf      , Gs^Fmf      , Gs^Fmf      , Gs^Fmf      , Gs^Fp       , Gs^Fp       , Gs^Fp       , Hh^Fp       , Hh^Fp       , Gs^Fmf      , Gs^Fmf      , Gs^Fmf      
Ss^Vm       , Sm          , Sm          , Ss^Vm       , Ss          , Ss          , Ss          , Ss          , Ss          , Ss^Vm       , Ss          , Ss          , Ss          , Ss          , Ss          , Gs          , Gg          , Gll         , Gll         , Gll         , Gs^Fmf      , Gs^Fms      , Gs^Fmf      , Gs^Fms      , Gs^Fmf      , Gs^Fms      , Gs^Fmf      , Gs^Fms      , Gs^Fmf      , Gg^Fet      , Hh^Fmf      , Hh^Fmf      , Gs^Fmf      , Gs^Fmf      , Hh^Fmf      , Gs^Fmf      , Hh^Fmf      , Gs^Fmf      , Gs^Fmf      , Gs^Fmf      , Gs^Fmf      , Gs^Fmf      , Gs^Fmf      , Gs^Fmf      , Gs^Fmf      , Gll         , Gll         , Gs^Fmf      , Gll         , Gg^Vh       , Gs^Fmf      , Gs^Fmf      , Gs^Fmf      , Gs^Fmf      , Gs^Fmf      , Gs^Fp       , Gs^Fp       , Gs^Fp       , Gs^Fp       , Gs^Fp       , Gs^Fmf      , Gs^Fmf      , Gs^Fmf      
Sm          , Sm          , Ss          , Ss          , Ss          , Sm          , Ss          , Ss          , Ss          , Ss          , Ss          , Ss          , Sm          , Ss          , Sm          , Gg          , Gs          , Gs          , Gll         , Gll         , Gs^Fmf      , Gs^Fmf      , Gs^Fmf      , Gs^Fmf      , Gs^Fmf      , Gs^Fmf      , Gs^Fmf      , Gs^Fmf      , Gs^Fmf      , Gs^Fmf      , Gs^Fmf      , Gs^Fmf      , Gs^Fmf      , Gs^Fmf      , Gs^Fmf      , Gs^Fmf      , Gs^Fmf      , Gs^Fmf      , Gs^Fmf      , Gs^Fmf      , Gs^Fmf      , Gs^Fmf      , Gs^Fmf      , Gs^Fmf      , Gs^Fmf      , Gll         , Gll         , Gll         , Gs^Fmf      , Gs^Fmf      , Gs^Fmf      , Gs^Fmf      , Gs^Fmf      , Gs^Fmf      , Gs^Fmf      , Gs^Fmf      , Gs^Fmf      , Gs^Fp       , Gs^Fmf      , Gs^Fmf      , Gs^Fmf      , Gs^Fmf      , Gs^Fmf      
Sm          , Sm          , Sm          , Ss          , Sm          , Sm          , Sm          , Sm          , Sm          , Sm          , Sm          , Sm          , Sm          , Ss          , Sm          , Sm          , Gg          , Gs          , Gg          , Gll         , Gs^Fmf      , Gs^Fmf      , Gs^Fmf      , Gs^Fmf      , Gs^Fmf      , Gs^Fmf      , Gs^Fmf      , Gs^Fmf      , Gs^Fmf      , Gs^Fmf      , Gs^Fmf      , Gs^Fmf      , Gs^Fmf      , Gs^Fmf      , Gs^Fmf      , Gs^Fmf      , Gs^Fmf      , Gs^Fmf      , Gs^Fmf      , Gs^Fmf      , Gs^Fmf      , Gs^Fmf      , Gs^Fmf      , Gs^Fmf      , Gll         , Gll         , Gll         , Gs^Fmf      , Gs^Fmf      , Gs^Fmf      , Gs^Fmf      , Gs^Fmf      , Gs^Fmf      , Gs^Fmf      , Gs^Fmf      , Gs^Fmf      , Gs^Fmf      , Gs^Fmf      , Gs^Fmf      , Gs^Fmf      , Gg          , Gs^Fmf      , Gg          
