border_size=1
usage=map

Xol         , Xol         , Xol         , Xol         , Xol         , Xol         , Xol         , Iwr         , Xos         , Xos         , Xos         , Xos         , Xos         , Xos         , Xos         , Xos         , Xos         , Rrc         , Rrc         , Rrc         , Rrc         , Rrc         , Rrc         , Rrc         , Xos         , Rrc         , Rrc         , Rrc         , Rrc         , Rrc         , Rrc         , Rrc         , Xos         , Rrc         , Rrc         , Rrc         , Rrc         , Rrc         , Rrc         , Xos         , Xos         , Rrc         , Rrc         , Rrc         , Rrc         , Rrc         , Rrc         , Rrc         , Xos         , Xol         , Xol         , Xol         , Xol         , Xol         , Xol         , Xol         , Xol         
Xol         , Xol         , Xol         , Xol         , Xol         , Xol         , Xol         , Xol         , Iwr         , Iwr         , Iwr         , Iwr         , Iwr         , Iwr         , Iwr         , Iwr         , Xos         , Rrc         , Rrc         , Rrc         , Rrc         , Rrc         , Rrc         , Rrc         , Xos         , Rrc         , Rrc         , Rrc         , Rrc         , Rrc         , Rrc         , Rrc         , Xos         , Rrc         , Rrc         , Rrc         , Rrc         , Rrc         , Rrc         , Xos         , Rrc         , Xos         , Xos         , Xos         , Rrc         , Xos         , Xos         , Xos         , Rrc         , Xol         , Xol         , Xol         , Xol         , Xol         , Xol         , Xol         , Xol         
Xol         , Xol         , Xol         , Xol         , Xol         , Xol         , Xol         , Xol         , Iwr         , Iwr         , Iwr         , Iwr         , Iwr         , Iwr         , Iwr         , Iwr         , Xos         , Rrc         , Rrc         , Rrc         , Rrc         , Rrc         , Rrc         , Rrc         , Xos         , Rrc         , Rrc         , Rrc         , Rrc         , Rrc         , Rrc         , Rrc         , Xos         , Rrc         , Rrc         , Rrc         , Rrc         , Rrc         , Rrc         , Xos         , Rrc         , Rrc         , Xos         , Rrc         , Rrc         , Rrc         , Xos         , Rrc         , Rrc         , Xol         , Xol         , Xol         , Xol         , Xol         , Xol         , Xol         , Xol         
Xol         , Xol         , Xol         , Xol         , Xol         , Xol         , Xol         , Xol         , Xos         , Iwr         , Iwr         , Iwr         , Iwr         , Iwr         , Iwr         , Iwr         , Xos         , Rrc         , Xos         , Rrc         , Xos         , Rrc         , Xos         , Rrc         , Xos         , Rrc         , Xos         , Rrc         , Xos         , Rrc         , Xos         , Rrc         , Xos         , Rrc         , Xos         , Rrc         , Xos         , Rrc         , Xos         , Xos         , Xos         , Rrc         , Rrc         , Xos         , Rrc         , Xos         , Rrc         , Rrc         , Xos         , Xol         , Xol         , Xol         , Xol         , Xol         , Xol         , Xol         , Xol         
Xol         , Xol         , Xol         , Xol         , Xol         , Xol         , Rrc         , Xos         , Xos         , Iwr         , Iwr         , Iwr         , Iwr         , Iwr         , Iwr         , Iwr         , Xos         , Xos         , Iwr         , Xos         , Iwr         , Xos         , Iwr         , Xos         , Iwr         , Xos         , Iwr         , Xos         , Xos         , Xos         , Xos         , Xos         , Xos         , Xos         , Xos         , Xos         , Xos         , Xos         , Xos         , Xos         , Xos         , Xos         , Xos         , Rrc         , Rrc         , Rrc         , Rrc         , Xos         , Xos         , Xos         , Rrc         , Xol         , Xol         , Xol         , Xol         , Xol         , Xol         
Xol         , Xol         , Xol         , Xol         , Xol         , Rrc         , Rrc         , Rrc         , Xos         , Iwr         , Iwr         , Iwr         , Xos         , Iwr         , Xos         , Xos         , Iwr         , Iwr         , Xos         , Iwr         , Xos         , Iwr         , Xos         , Iwr         , Xos         , Iwr         , Iwr         , Iwr         , Xos         , Xos         , Xos         , Xos         , Xos         , Xos         , Xos         , Xos         , Xos         , Xos         , Xos         , Xos         , Xos         , Xos         , Xos         , Rrc         , Rrc         , Rrc         , Rrc         , Xos         , Xos         , Rrc         , Rrc         , Rrc         , Xol         , Xol         , Xol         , Xol         , Xol         
Xol         , Xol         , Xol         , Xol         , Xol         , Rrc         , Rrc         , Rrc         , Xos         , Iwr         , Iwr         , Xos         , Iwr         , Xos         , Iwr         , Xos         , Iwr         , Xos         , Iwr         , Xos         , Iwr         , Xos         , Iwr         , Xos         , Iwr         , Xos         , Iwr         , Iwr         , Xos         , Xos         , Xos         , Xos         , Xos         , Xos         , Xos         , Xos         , Xos         , Xos         , Xos         , Xos         , Xos         , Xos         , Xos         , Xos         , Rrc         , Rrc         , Rrc         , Rrc         , Xos         , Rrc         , Rrc         , Rrc         , Xol         , Xol         , Xol         , Xol         , Xol         
Xol         , Xol         , Xol         , Xol         , Xol         , Rrc         , Rrc         , Rrc         , Xos         , Iwr         , Iwr         , Xos         , Iwr         , Iwr         , Xos         , Iwr         , Xos         , Iwr         , Xos         , Iwr         , Iwr         , Iwr         , Xos         , Iwr         , Iwr         , Xos         , Iwr         , Iwr         , Xos         , Xos         , Xos         , Xos         , Xos         , Xos         , Xos         , Xos         , Xos         , Xos         , Xos         , Xos         , Xos         , Xos         , Xos         , Xos         , Rrc         , Rrc         , Rrc         , Rrc         , Xos         , Rrc         , Rrc         , Rrc         , Xol         , Xol         , Xol         , Xol         , Xol         
Xol         , Xol         , Xol         , Xol         , Xol         , Xol         , Xol         , Xos         , Iwr         , Iwr         , Iwr         , Xos         , Iwr         , Xos         , Iwr         , Xos         , Iwr         , Xos         , Iwr         , Xos         , Iwr         , Xos         , Iwr         , Xos         , Iwr         , Xos         , Iwr         , Iwr         , Xos         , Xos         , Xos         , Xos         , Xos         , Xos         , Xos         , Xos         , Xos         , Xos         , Xos         , Xos         , Xos         , Xos         , Xos         , Xos         , Rrc         , Rrc         , Rrc         , Rrc         , Rrc         , Xos         , Xol         , Xol         , Xol         , Xol         , Xol         , Xol         , Xol         
Xol         , Xol         , Xol         , Xol         , Xol         , Xol         , Xol         , Xol         , Iwr         , Iwr         , Iwr         , Xos         , Iwr         , Xos         , Iwr         , Iwr         , Xos         , Iwr         , Xos         , Iwr         , Xos         , Iwr         , Iwr         , Xos         , Iwr         , Xos         , Iwr         , Iwr         , Xos         , Xos         , Xos         , Xos         , Xos         , Xos         , Xos         , Xos         , Xos         , Xos         , Xos         , Xos         , Xos         , Xos         , Xos         , Xos         , Rrc         , Rrc         , Rrc         , Rrc         , Rrc         , Xol         , Xol         , Xol         , Xol         , Xol         , Xol         , Xol         , Xol         
Xol         , Xol         , Xol         , Xol         , Xol         , Xol         , Xol         , Xol         , Iwr         , Iwr         , Iwr         , Xos         , Iwr         , Xos         , Iwr         , Xos         , Iwr         , Xos         , Iwr         , Xos         , Iwr         , Xos         , Iwr         , Xos         , Iwr         , Xos         , Iwr         , Iwr         , Xos         , Xos         , Xos         , Xos         , Xos         , Xos         , Xos         , Xos         , Xos         , Xos         , Xos         , Xos         , Xos         , Xos         , Xos         , Xos         , Rrc         , Rrc         , Rrc         , Rrc         , Rrc         , Xol         , Xol         , Xol         , Xol         , Xol         , Xol         , Xol         , Xol         
Xol         , Xol         , Xol         , Xol         , Xol         , Xol         , Xol         , Xol         , Iwr         , Iwr         , Iwr         , Xos         , Iwr         , Xos         , Iwr         , Xos         , Iwr         , Iwr         , Xos         , Iwr         , Iwr         , Xos         , Iwr         , Xos         , Iwr         , Xos         , Iwr         , Iwr         , Xos         , Xos         , Xos         , Xos         , Xos         , Xos         , Xos         , Xos         , Xos         , Xos         , Xos         , Xos         , Xos         , Xos         , Xos         , Xos         , Rrc         , Rrc         , Rrc         , Rrc         , Rrc         , Xol         , Xol         , Xol         , Xol         , Xol         , Xol         , Xol         , Xol         
Xol         , Xol         , Xol         , Xol         , Xol         , Xol         , Rrc         , Xos         , Xos         , Iwr         , Iwr         , Xos         , Iwr         , Xos         , Iwr         , Xos         , Iwr         , Xos         , Iwr         , Xos         , Iwr         , Xos         , Xos         , Xos         , Iwr         , Xos         , Iwr         , Iwr         , Xos         , Xos         , Xos         , Xos         , Xos         , Xos         , Xos         , Xos         , Xos         , Xos         , Xos         , Xos         , Xos         , Xos         , Xos         , Xos         , Rrc         , Rrc         , Rrc         , Rrc         , Xos         , Xos         , Rrc         , Xol         , Xol         , Xol         , Xol         , Xol         , Xol         
Xol         , Xol         , Xol         , Xol         , Xol         , Rrc         , Rrc         , Rrc         , Xos         , Iwr         , Iwr         , Xos         , Xos         , Xos         , Iwr         , Xos         , Iwr         , Xos         , Iwr         , Xos         , Iwr         , Xos         , Iwr         , Xos         , Iwr         , Xos         , Iwr         , Iwr         , Xos         , Xos         , Xos         , Xos         , Xos         , Xos         , Xos         , Xos         , Xos         , Xos         , Xos         , Xos         , Xos         , Xos         , Xos         , Xos         , Rrc         , Rrc         , Rrc         , Rrc         , Xos         , Rrc         , Rrc         , Rrc         , Xol         , Xol         , Xol         , Xol         , Xol         
Xol         , Xol         , Xol         , Xol         , Xol         , Rrc         , Rrc         , Rrc         , Xos         , Iwr         , Iwr         , Xos         , Xos         , Xos         , Iwr         , Xos         , Iwr         , Xos         , Iwr         , Xos         , Iwr         , Xos         , Iwr         , Xos         , Iwr         , Xos         , Iwr         , Iwr         , Xos         , Xos         , Xos         , Xos         , Xos         , Xos         , Xos         , Xos         , Xos         , Xos         , Xos         , Xos         , Xos         , Xos         , Xos         , Xos         , Rrc         , Rrc         , Rrc         , Rrc         , Xos         , Rrc         , Rrc         , Rrc         , Xol         , Xol         , Xol         , Xol         , Xol         
Xol         , Xol         , Xol         , Xol         , Xol         , Rrc         , Rrc         , Rrc         , Xos         , Iwr         , Iwr         , Xos         , Iwr         , Xos         , Iwr         , Xos         , Iwr         , Xos         , Iwr         , Xos         , Iwr         , Xos         , Iwr         , Xos         , Iwr         , Xos         , Iwr         , Iwr         , Xos         , Xos         , Xos         , Xos         , Xos         , Xos         , Xos         , Xos         , Xos         , Xos         , Xos         , Xos         , Xos         , Xos         , Xos         , Xos         , Rrc         , Rrc         , Rrc         , Rrc         , Xos         , Rrc         , Rrc         , Rrc         , Xol         , Xol         , Xol         , Xol         , Xol         
Xol         , Xol         , Xol         , Xol         , Xol         , Xol         , Xol         , Xos         , Iwr         , Iwr         , Iwr         , Iwr         , Xos         , Xos         , Iwr         , Xos         , Iwr         , Xos         , Iwr         , Xos         , Iwr         , Iwr         , Iwr         , Xos         , Iwr         , Xos         , Iwr         , Iwr         , Xos         , Rrc         , Rrc         , Rrc         , Rrc         , Rrc         , Rrc         , Rrc         , Rrc         , Rrc         , Rrc         , Rrc         , Rrc         , Rrc         , Rrc         , Rrc         , Rrc         , Rrc         , Rrc         , Rrc         , Rrc         , Xos         , Xol         , Xol         , Xol         , Xol         , Xol         , Xol         , Xol         
Xol         , Xol         , Xol         , Xol         , Xol         , Xol         , Xol         , Xol         , Iwr         , Iwr         , Iwr         , Xos         , Xos         , Xos         , Iwr         , Xos         , Xos         , Iwr         , Xos         , Xos         , Xos         , Xos         , Iwr         , Xos         , Iwr         , Xos         , Iwr         , Iwr         , Xos         , Rrc         , Rrc         , Rrc         , Rrc         , Rrc         , Rrc         , Rrc         , Rrc         , Rrc         , Rrc         , Rrc         , Rrc         , Rrc         , Rrc         , Rrc         , Rrc         , Rrc         , Rrc         , Rrc         , Rrc         , Xol         , Xol         , Xol         , Xol         , Xol         , Xol         , Xol         , Xol         
Xol         , Xol         , Xol         , Xol         , Xol         , Xol         , Xol         , Xol         , Iwr         , Iwr         , Iwr         , Xos         , Iwr         , Xos         , Iwr         , Xos         , Iwr         , Iwr         , Iwr         , Iwr         , Iwr         , Xos         , Iwr         , Xos         , Iwr         , Xos         , Iwr         , Iwr         , Xos         , Rrc         , Rrc         , Rrc         , Rrc         , Rrc         , Rrc         , Rrc         , Rrc         , Rrc         , Rrc         , Rrc         , Rrc         , Rrc         , Rrc         , Rrc         , Rrc         , Rrc         , Rrc         , Rrc         , Rrc         , Xol         , Xol         , Xol         , Xol         , Xol         , Xol         , Xol         , Xol         
Xol         , Xol         , Xol         , Xol         , Xol         , Xol         , Xol         , Xol         , Iwr         , Iwr         , Iwr         , Xos         , Iwr         , Xos         , Iwr         , Iwr         , Xos         , Iwr         , Xos         , Iwr         , Iwr         , Xos         , Iwr         , Xos         , Iwr         , Xos         , Iwr         , Iwr         , Rrc         , Rrc         , Rrc         , Rrc         , Rrc         , Rrc         , Rrc         , Rrc         , Rrc         , Rrc         , Rrc         , Rrc         , Rrc         , Rrc         , Rrc         , Rrc         , Rrc         , Rrc         , Rrc         , Rrc         , Rrc         , Xol         , Xol         , Xol         , Xol         , Xol         , Xol         , Xol         , Xol         
Xol         , Xol         , Xol         , Xol         , Xol         , Xol         , Rrc         , Xos         , Xos         , Iwr         , Iwr         , Xos         , Iwr         , Xos         , Iwr         , Xos         , Xos         , Xos         , Iwr         , Xos         , Xos         , Xos         , Iwr         , Xos         , Iwr         , Xos         , Xos         , Iwr         , Xos         , Rrc         , Rrc         , Rrc         , Rrc         , Rrc         , Rrc         , Rrc         , Rrc         , Rrc         , Rrc         , Rrc         , Rrc         , Rrc         , Rrc         , Rrc         , Rrc         , Rrc         , Rrc         , Rrc         , Xos         , Xos         , Rrc         , Xol         , Xol         , Xol         , Xol         , Xol         , Xol         
Xol         , Xol         , Xol         , Xol         , Xol         , Rrc         , Rrc         , Rrc         , Xos         , Iwr         , Iwr         , Xos         , Iwr         , Iwr         , Iwr         , Xos         , Iwr         , Iwr         , Xos         , Iwr         , Xos         , Xos         , Iwr         , Xos         , Iwr         , Xos         , Xos         , Xos         , Xos         , Xos         , Xos         , Xos         , Xos         , Xos         , Xos         , Xos         , Xos         , Xos         , Xos         , Xos         , Xos         , Xos         , Xos         , Xos         , Xos         , Xos         , Xos         , Xos         , Xos         , Rrc         , Rrc         , Rrc         , Xol         , Xol         , Xol         , Xol         , Xol         
Xol         , Xol         , Xol         , Xol         , Xol         , Rrc         , Rrc         , Rrc         , Xos         , Iwr         , Iwr         , Xos         , Iwr         , Xos         , Iwr         , Xos         , Iwr         , Xos         , Iwr         , Xos         , Iwr         , Xos         , Iwr         , Xos         , Iwr         , Iwr         , Xos         , Xos         , Xos         , Xos         , Xos         , Xos         , Xos         , Xos         , Xos         , Xos         , Xos         , Rrc         , Rrc         , Rrc         , Rrc         , Rrc         , Rrc         , Rrc         , Rrc         , Rrc         , Rrc         , Rrc         , Xos         , Rrc         , Rrc         , Rrc         , Xol         , Xol         , Xol         , Xol         , Xol         
Xol         , Xol         , Xol         , Xol         , Xol         , Rrc         , Rrc         , Rrc         , Xos         , Iwr         , Iwr         , Xos         , Iwr         , Xos         , Iwr         , Xos         , Iwr         , Xos         , Iwr         , Xos         , Iwr         , Xos         , Iwr         , Xos         , Iwr         , Xos         , Iwr         , Iwr         , Xos         , Xos         , Xos         , Xos         , Xos         , Xos         , Xos         , Xos         , Xos         , Rrc         , Rrc         , Rrc         , Rrc         , Rrc         , Rrc         , Rrc         , Rrc         , Rrc         , Rrc         , Rrc         , Xos         , Rrc         , Rrc         , Rrc         , Xol         , Xol         , Xol         , Xol         , Xol         
Xol         , Xol         , Xol         , Xol         , Xol         , Xol         , Xol         , Xos         , Iwr         , Iwr         , Iwr         , Xos         , Iwr         , Xos         , Iwr         , Xos         , Iwr         , Xos         , Iwr         , Iwr         , Iwr         , Xos         , Iwr         , Xos         , Iwr         , Xos         , Iwr         , Iwr         , Xos         , Xos         , Xos         , Xos         , Xos         , Xos         , Xos         , Xos         , Xos         , Rrc         , Rrc         , Rrc         , Rrc         , Rrc         , Rrc         , Rrc         , Rrc         , Rrc         , Rrc         , Rrc         , Rrc         , Xos         , Xol         , Xol         , Xol         , Xol         , Xol         , Xol         , Xol         
Xol         , Xol         , Xol         , Xol         , Xol         , Xol         , Xol         , Xol         , Iwr         , Iwr         , Iwr         , Xos         , Iwr         , Xos         , Iwr         , Xos         , Iwr         , Xos         , Iwr         , Xos         , Iwr         , Xos         , Iwr         , Xos         , Iwr         , Xos         , Iwr         , Iwr         , Xos         , Xos         , Xos         , Xos         , Xos         , Xos         , Xos         , Xos         , Xos         , Rrc         , Rrc         , Rrc         , Rrc         , Rrc         , Rrc         , Rrc         , Rrc         , Rrc         , Rrc         , Rrc         , Rrc         , Xol         , Xol         , Xol         , Xol         , Xol         , Xol         , Xol         , Xol         
Xol         , Xol         , Xol         , Xol         , Xol         , Xol         , Xol         , Xol         , Iwr         , Iwr         , Iwr         , Xos         , Iwr         , Xos         , Iwr         , Xos         , Iwr         , Iwr         , Iwr         , Xos         , Iwr         , Iwr         , Iwr         , Xos         , Iwr         , Xos         , Iwr         , Iwr         , Xos         , Xos         , Xos         , Xos         , Xos         , Xos         , Xos         , Xos         , Xos         , Rrc         , Rrc         , Rrc         , Rrc         , Rrc         , Rrc         , Rrc         , Rrc         , Rrc         , Rrc         , Rrc         , Rrc         , Xol         , Xol         , Xol         , Xol         , Xol         , Xol         , Xol         , Xol         
Xol         , Xol         , Xol         , Xol         , Xol         , Xol         , Xol         , Xol         , Iwr         , Iwr         , Iwr         , Xos         , Xos         , Xos         , Iwr         , Xos         , Iwr         , Xos         , Iwr         , Xos         , Xos         , Xos         , Xos         , Xos         , Iwr         , Xos         , Iwr         , Iwr         , Xos         , Xos         , Xos         , Xos         , Xos         , Xos         , Xos         , Xos         , Xos         , Rrc         , Rrc         , Rrc         , Rrc         , Rrc         , Rrc         , Rrc         , Rrc         , Rrc         , Rrc         , Rrc         , Rrc         , Xol         , Xol         , Xol         , Xol         , Xol         , Xol         , Xol         , Xol         
Xol         , Xol         , Xol         , Xol         , Xol         , Xol         , Rrc         , Xos         , Xos         , Iwr         , Iwr         , Xos         , Xos         , Xos         , Iwr         , Xos         , Iwr         , Xos         , Iwr         , Iwr         , Iwr         , Xos         , Iwr         , Xos         , Iwr         , Xos         , Iwr         , Iwr         , Xos         , Xos         , Xos         , Xos         , Xos         , Xos         , Xos         , Xos         , Xos         , Rrc         , Rrc         , Rrc         , Rrc         , Rrc         , Rrc         , Rrc         , Rrc         , Rrc         , Rrc         , Rrc         , Xos         , Xos         , Rrc         , Xol         , Xol         , Xol         , Xol         , Xol         , Xol         
Xol         , Xol         , Xol         , Xol         , Xol         , Rrc         , Rrc         , Rrc         , Xos         , Iwr         , Iwr         , Xos         , Xos         , Xos         , Iwr         , Xos         , Iwr         , Xos         , Xos         , Xos         , Iwr         , Iwr         , Xos         , Xos         , Iwr         , Xos         , Iwr         , Iwr         , Xos         , Xos         , Xos         , Xos         , Xos         , Xos         , Xos         , Xos         , Xos         , Rrc         , Rrc         , Rrc         , Rrc         , Rrc         , Rrc         , Rrc         , Rrc         , Rrc         , Rrc         , Rrc         , Xos         , Rrc         , Rrc         , Rrc         , Xol         , Xol         , Xol         , Xol         , Xol         
Xol         , Xol         , Xol         , Xol         , Xol         , Rrc         , Rrc         , Rrc         , Xos         , Iwr         , Iwr         , Xos         , Iwr         , Xos         , Iwr         , Xos         , Iwr         , Xos         , Xos         , Xos         , Iwr         , Xos         , Iwr         , Xos         , Xos         , Xos         , Iwr         , Iwr         , Xos         , Xos         , Xos         , Xos         , Xos         , Xos         , Xos         , Xos         , Xos         , Rrc         , Rrc         , Rrc         , Rrc         , Rrc         , Rrc         , Rrc         , Rrc         , Rrc         , Rrc         , Rrc         , Xos         , Rrc         , Rrc         , Rrc         , Xol         , Xol         , Xol         , Xol         , Xol         
Xol         , Xol         , Xol         , Xol         , Xol         , Rrc         , Rrc         , Rrc         , Xos         , Iwr         , Iwr         , Xos         , Iwr         , Xos         , Iwr         , Xos         , Xos         , Xos         , Xos         , Xos         , Xos         , Xos         , Iwr         , Xos         , Iwr         , Xos         , Iwr         , Iwr         , Xos         , Xos         , Xos         , Xos         , Xos         , Xos         , Xos         , Xos         , Xos         , Rrc         , Rrc         , Rrc         , Rrc         , Rrc         , Rrc         , Rrc         , Rrc         , Rrc         , Rrc         , Rrc         , Xos         , Rrc         , Rrc         , Rrc         , Xol         , Xol         , Xol         , Xol         , Xol         
Xol         , Xol         , Xol         , Xol         , Xol         , Xol         , Xol         , Xos         , Iwr         , Iwr         , Iwr         , Xos         , Iwr         , Xos         , Iwr         , Iwr         , Iwr         , Iwr         , Iwr         , Iwr         , Iwr         , Iwr         , Iwr         , Xos         , Iwr         , Xos         , Iwr         , Iwr         , Xos         , Xos         , Xos         , Xos         , Xos         , Xos         , Xos         , Xos         , Xos         , Rrc         , Rrc         , Rrc         , Rrc         , Rrc         , Rrc         , Rrc         , Rrc         , Rrc         , Rrc         , Rrc         , Rrc         , Xos         , Xol         , Xol         , Xol         , Xol         , Xol         , Xol         , Xol         
Xol         , Xol         , Xol         , Xol         , Xol         , Xol         , Xol         , Xol         , Iwr         , Iwr         , Iwr         , Xos         , Iwr         , Xos         , Xos         , Iwr         , Xos         , Iwr         , Iwr         , Iwr         , Xos         , Iwr         , Xos         , Xos         , Iwr         , Iwr         , Iwr         , Iwr         , Xos         , Xos         , Xos         , Xos         , Xos         , Xos         , Xos         , Xos         , Xos         , Rrc         , Rrc         , Rrc         , Rrc         , Rrc         , Rrc         , Rrc         , Rrc         , Rrc         , Rrc         , Rrc         , Rrc         , Xol         , Xol         , Xol         , Xol         , Xol         , Xol         , Xol         , Xol         
Xol         , Xol         , Xol         , Xol         , Xol         , Xol         , Xol         , Xol         , Iwr         , Iwr         , Iwr         , Xos         , Iwr         , Xos         , Iwr         , Xos         , Iwr         , Xos         , Iwr         , Xos         , Iwr         , Xos         , Iwr         , Xos         , Xos         , Xos         , Iwr         , Iwr         , Xos         , Xos         , Xos         , Xos         , Xos         , Xos         , Xos         , Xos         , Xos         , Rrc         , Rrc         , Rrc         , Rrc         , Rrc         , Rrc         , Rrc         , Rrc         , Rrc         , Rrc         , Rrc         , Rrc         , Xol         , Xol         , Xol         , Xol         , Xol         , Xol         , Xol         , Xol         
Xol         , Xol         , Xol         , Xol         , Xol         , Xol         , Xol         , Xol         , Iwr         , Iwr         , Iwr         , Xos         , Iwr         , Iwr         , Iwr         , Iwr         , Iwr         , Iwr         , Iwr         , Iwr         , Iwr         , Iwr         , Iwr         , Iwr         , Iwr         , Xos         , Iwr         , Iwr         , Xos         , Xos         , Xos         , Xos         , Xos         , Xos         , Xos         , Xos         , Xos         , Rrc         , Rrc         , Rrc         , Rrc         , Rrc         , Rrc         , Rrc         , Rrc         , Rrc         , Rrc         , Rrc         , Rrc         , Xol         , Xol         , Xol         , Xol         , Xol         , Xol         , Xol         , Xol         
Xol         , Xol         , Xol         , Xol         , Xol         , Xol         , Rrc         , Xos         , Xos         , Iwr         , Iwr         , Xos         , Xos         , Xos         , Xos         , Xos         , Iwr         , Xos         , Xos         , Xos         , Xos         , Xos         , Xos         , Xos         , Xos         , Xos         , Iwr         , Iwr         , Xos         , Xos         , Xos         , Xos         , Xos         , Xos         , Xos         , Xos         , Xos         , Rrc         , Rrc         , Rrc         , Rrc         , Rrc         , Rrc         , Rrc         , Rrc         , Rrc         , Rrc         , Rrc         , Xos         , Xos         , Rrc         , Xol         , Xol         , Xol         , Xol         , Xol         , Xol         
Xol         , Xol         , Xol         , Xol         , Xol         , Rrc         , Rrc         , Rrc         , Xos         , Iwr         , Iwr         , Xos         , Iwr         , Iwr         , Iwr         , Iwr         , Iwr         , Iwr         , Iwr         , Iwr         , Iwr         , Iwr         , Iwr         , Iwr         , Iwr         , Xos         , Iwr         , Iwr         , Xos         , Xos         , Xos         , Xos         , Xos         , Xos         , Xos         , Xos         , Xos         , Rrc         , Rrc         , Rrc         , Xos         , Rrc         , Rrc         , Rrc         , Rrc         , Rrc         , Rrc         , Rrc         , Xos         , Rrc         , Rrc         , Rrc         , Xol         , Xol         , Xol         , Xol         , Xol         
Xol         , Xol         , Xol         , Xol         , Xol         , Rrc         , Rrc         , Rrc         , Xos         , Xos         , Xos         , Xos         , Xos         , Xos         , Xos         , Xos         , Xos         , Xos         , Iwr         , Xos         , Xos         , Xos         , Xos         , Xos         , Xos         , Xos         , Xos         , Xos         , Xos         , Xos         , Xos         , Xos         , Xos         , Xos         , Xos         , Xos         , Xos         , Xos         , Xos         , Xos         , Xos         , Xos         , Xos         , Xos         , Xos         , Xos         , Xos         , Xos         , Xos         , Rrc         , Rrc         , Rrc         , Xol         , Xol         , Xol         , Xol         , Xol         
Xol         , Xol         , Xol         , Xol         , Xol         , Rrc         , Rrc         , Rrc         , Xos         , Iwr         , Iwr         , Iwr         , Iwr         , Iwr         , Iwr         , Iwr         , Iwr         , Xos         , Iwr         , Iwr         , Iwr         , Iwr         , Iwr         , Iwr         , Iwr         , Iwr         , Iwr         , Iwr         , Xos         , Xos         , Xos         , Xos         , Xos         , Xos         , Xos         , Xos         , Xos         , Xos         , Xos         , Xos         , Xos         , Rb          , Rb          , Rb          , Rb          , Rb          , Rb          , Rb          , Xos         , Rrc         , Rrc         , Rrc         , Xol         , Xol         , Xol         , Xol         , Xol         
Xol         , Xol         , Xol         , Xol         , Xol         , Xol         , Xol         , Xos         , Iwr         , Iwr         , Iwr         , Iwr         , Iwr         , Iwr         , Iwr         , Iwr         , Iwr         , Xos         , Iwr         , Iwr         , Iwr         , Iwr         , Iwr         , Iwr         , Iwr         , Iwr         , Iwr         , Iwr         , Xos         , Xos         , Xos         , Xos         , Xos         , Xos         , Xos         , Xos         , Xos         , Xos         , Xos         , Xos         , Xos         , Rb          , Rb          , Rb          , Rb          , Rb          , Rb          , Rb          , Rb          , Xos         , Xol         , Xol         , Xol         , Xol         , Xol         , Xol         , Xol         
Xol         , Xol         , Xol         , Xol         , Xol         , Xol         , Xol         , Xol         , Iwr         , Iwr         , Iwr         , Iwr         , Iwr         , Iwr         , Iwr         , Iwr         , Iwr         , Xos         , Iwr         , Iwr         , Iwr         , Iwr         , Iwr         , Iwr         , Iwr         , Iwr         , Iwr         , Iwr         , Xos         , Xos         , Xos         , Xos         , Xos         , Xos         , Xos         , Xos         , Xos         , Xos         , Xos         , Xos         , Xos         , Rb          , Rb          , Rb          , Rb          , Rb          , Rb          , Rb          , Rb          , Xol         , Xol         , Xol         , Xol         , Xol         , Xol         , Xol         , Xol         
Xol         , Xol         , Xol         , Xol         , Xol         , Xol         , Xol         , Xol         , Iwr         , Iwr         , Iwr         , Iwr         , Iwr         , Iwr         , Iwr         , Iwr         , Iwr         , Xos         , Iwr         , Iwr         , Iwr         , Iwr         , Iwr         , Iwr         , Iwr         , Iwr         , Iwr         , Iwr         , Xos         , Xos         , Xos         , Xos         , Xos         , Xos         , Xos         , Xos         , Xos         , Xos         , Xos         , Xos         , Xos         , Rb          , Rb          , Rb          , Rb          , Rb          , Rb          , Rb          , Rb          , Xol         , Xol         , Xol         , Xol         , Xol         , Xol         , Xol         , Xol         
Xol         , Xol         , Xol         , Xol         , Xol         , Xol         , Xol         , Xol         , Iwr         , Iwr         , Iwr         , Iwr         , Iwr         , Iwr         , Iwr         , Iwr         , Iwr         , Xos         , Iwr         , Iwr         , Iwr         , Iwr         , Iwr         , Iwr         , Iwr         , Iwr         , Iwr         , Iwr         , Xos         , Xos         , Xos         , Xos         , Xos         , Xos         , Xos         , Xos         , Xos         , Xos         , Xos         , Xos         , Xos         , Rb          , Rb          , Rb          , Rb          , Rb          , Rb          , Rb          , Rb          , Xol         , Xol         , Xol         , Xol         , Xol         , Xol         , Xol         , Xol         
Xol         , Xol         , Xol         , Xol         , Xol         , Xol         , Xol         , Xol         , Iwr         , Iwr         , Iwr         , Iwr         , Iwr         , Iwr         , Iwr         , Iwr         , Iwr         , Xos         , Iwr         , Iwr         , Iwr         , Iwr         , Iwr         , Iwr         , Iwr         , Iwr         , Iwr         , Iwr         , Xos         , Xos         , Xos         , Xos         , Xos         , Xos         , Xos         , Xos         , Xos         , Xos         , Xos         , Xos         , Xos         , Rb          , Rb          , Rb          , Rb          , Rb          , Rb          , Rb          , Xos         , Xos         , Rrc         , Xol         , Xol         , Xol         , Xol         , Xol         , Xol         
Xol         , Xol         , Xol         , Xol         , Xol         , Xol         , Rrc         , Xos         , Xos         , Iwr         , Iwr         , Iwr         , Iwr         , Iwr         , Iwr         , Iwr         , Iwr         , Xos         , Iwr         , Iwr         , Iwr         , Iwr         , Iwr         , Iwr         , Iwr         , Iwr         , Iwr         , Iwr         , Xos         , Xos         , Xos         , Xos         , Xos         , Xos         , Xos         , Xos         , Xos         , Xos         , Xos         , Xos         , Xos         , Rb          , Rb          , Rb          , Rb          , Rb          , Rb          , Rb          , Xos         , Rrc         , Rrc         , Rrc         , Xol         , Xol         , Xol         , Xol         , Xol         
Xol         , Xol         , Xol         , Xol         , Xol         , Rrc         , Rrc         , Rrc         , Xos         , Iwr         , Iwr         , Iwr         , Iwr         , Iwr         , Iwr         , Iwr         , Iwr         , Xos         , Iwr         , Iwr         , Iwr         , Iwr         , Iwr         , Iwr         , Iwr         , Iwr         , Iwr         , Iwr         , Xos         , Xos         , Xos         , Xos         , Xos         , Xos         , Xos         , Xos         , Xos         , Xos         , Xos         , Xos         , Xos         , Rb          , Rb          , Rb          , Rb          , Rb          , Rb          , Rb          , Xos         , Rrc         , Rrc         , Rrc         , Xol         , Xol         , Xol         , Xol         , Xol         
Xol         , Xol         , Xol         , Xol         , Xol         , Rrc         , Rrc         , Rrc         , Xos         , Iwr         , Iwr         , Iwr         , Iwr         , Iwr         , Iwr         , Iwr         , Iwr         , Xos         , Iwr         , Iwr         , Iwr         , Iwr         , Iwr         , Iwr         , Iwr         , Iwr         , Iwr         , Iwr         , Xos         , Xos         , Xos         , Xos         , Xos         , Xos         , Xos         , Xos         , Xos         , Xos         , Xos         , Xos         , Xos         , Rb          , Rb          , Rb          , Rb          , Rb          , Rb          , Rb          , Xos         , Rrc         , Rrc         , Rrc         , Xol         , Xol         , Xol         , Xol         , Xol         
Xol         , Xol         , Xol         , Xol         , Xol         , Xol         , Xol         , Xos         , Iwr         , Iwr         , Iwr         , Iwr         , Iwr         , Iwr         , Iwr         , Iwr         , Iwr         , Xos         , Iwr         , Iwr         , Iwr         , Iwr         , Iwr         , Iwr         , Iwr         , Iwr         , Iwr         , Iwr         , Xos         , Xos         , Xos         , Xos         , Xos         , Xos         , Xos         , Xos         , Xos         , Xos         , Xos         , Xos         , Xos         , Rb          , Rb          , Rb          , Rb          , Rb          , Xos         , Rb          , Rb          , Xos         , Xol         , Xol         , Xol         , Xol         , Xol         , Xol         , Xol         
Xol         , Xol         , Xol         , Xol         , Xol         , Xol         , Xol         , Xol         , Iwr         , Iwr         , Iwr         , Iwr         , Iwr         , Iwr         , Iwr         , Iwr         , Iwr         , Xos         , Iwr         , Iwr         , Iwr         , Iwr         , Iwr         , Iwr         , Iwr         , Iwr         , Iwr         , Iwr         , Xos         , Xos         , Xos         , Xos         , Xos         , Xos         , Xos         , Xos         , Xos         , Xos         , Xos         , Xos         , Xos         , Xos         , Xos         , Xos         , Xos         , Xos         , Xos         , Rb          , Rb          , Xol         , Xol         , Xol         , Xol         , Xol         , Xol         , Xol         , Xol         
Xol         , Xol         , Xol         , Xol         , Xol         , Xol         , Xol         , Xol         , Iwr         , Iwr         , Iwr         , Iwr         , Iwr         , Iwr         , Iwr         , Iwr         , Iwr         , Xos         , Iwr         , Iwr         , Iwr         , Iwr         , Iwr         , Iwr         , Iwr         , Iwr         , Iwr         , Iwr         , Xos         , Xos         , Xos         , Xos         , Xos         , Xos         , Xos         , Xos         , Xos         , Xos         , Xos         , Xos         , Xos         , Xos         , Xos         , Xos         , Xos         , Xos         , Xos         , Xos         , Xos         , Xol         , Xol         , Xol         , Xol         , Xol         , Xol         , Xol         , Xol         
Xol         , Xol         , Xol         , Xol         , Xol         , Xol         , Xol         , Xol         , Iwr         , Iwr         , Iwr         , Iwr         , Iwr         , Iwr         , Iwr         , Iwr         , Iwr         , Xos         , Iwr         , Iwr         , Iwr         , Iwr         , Iwr         , Iwr         , Iwr         , Iwr         , Iwr         , Iwr         , Xos         , Xos         , Xos         , Xos         , Xos         , Xos         , Xos         , Xos         , Xos         , Xos         , Xos         , Xos         , Xos         , Xos         , Xos         , Xos         , Xos         , Xos         , Xos         , Xos         , Xos         , Xol         , Xol         , Xol         , Xol         , Xol         , Xol         , Xol         , Xol         
Xol         , Xol         , Xol         , Xol         , Xol         , Xol         , Xol         , Xol         , Iwr         , Iwr         , Iwr         , Iwr         , Iwr         , Iwr         , Iwr         , Iwr         , Iwr         , Xos         , Iwr         , Iwr         , Iwr         , Iwr         , Iwr         , Iwr         , Iwr         , Iwr         , Iwr         , Iwr         , Xos         , Xos         , Xos         , Xos         , Xos         , Xos         , Xos         , Xos         , Xos         , Xos         , Xos         , Xos         , Xos         , Xos         , Xos         , Xos         , Xos         , Xos         , Xos         , Xos         , Xos         , Xos         , Rrc         , Xol         , Xol         , Xol         , Xol         , Xol         , Xol         
Xol         , Xol         , Xol         , Xol         , Xol         , Xol         , Rrc         , Xos         , Xos         , Iwr         , Iwr         , Iwr         , Iwr         , Iwr         , Iwr         , Iwr         , Iwr         , Xos         , Iwr         , Iwr         , Iwr         , Iwr         , Iwr         , Iwr         , Iwr         , Iwr         , Iwr         , Iwr         , Xos         , Xos         , Xos         , Xos         , Xos         , Xos         , Xos         , Xos         , Xos         , Xos         , Xos         , Xos         , Xos         , Xos         , Xos         , Xos         , Xos         , Xos         , Xos         , Xos         , Xos         , Rrc         , Rrc         , Rrc         , Xol         , Xol         , Xol         , Xol         , Xol         
Xol         , Xol         , Xol         , Xol         , Xol         , Rrc         , Rrc         , Rrc         , Xos         , Iwr         , Iwr         , Iwr         , Iwr         , Iwr         , Iwr         , Iwr         , Iwr         , Xos         , Iwr         , Iwr         , Iwr         , Iwr         , Iwr         , Iwr         , Iwr         , Iwr         , Iwr         , Iwr         , Xos         , Xos         , Xos         , Xos         , Xos         , Xos         , Xos         , Xos         , Xos         , Xos         , Xos         , Xos         , Xos         , Xos         , Xos         , Xos         , Xos         , Xos         , Xos         , Xos         , Xos         , Rrc         , Rrc         , Rrc         , Xol         , Xol         , Xol         , Xol         , Xol         
Xol         , Xol         , Xol         , Xol         , Xol         , Rrc         , Rrc         , Rrc         , Xos         , Iwr         , Iwr         , Iwr         , Iwr         , Iwr         , Iwr         , Iwr         , Iwr         , Xos         , Iwr         , Iwr         , Iwr         , Iwr         , Iwr         , Iwr         , Iwr         , Iwr         , Iwr         , Iwr         , Xos         , Xos         , Xos         , Xos         , Xos         , Xos         , Xos         , Xos         , Xos         , Xos         , Xos         , Xos         , Xos         , Xos         , Xos         , Xos         , Xos         , Xos         , Xos         , Xos         , Xos         , Rrc         , Rrc         , Rrc         , Xol         , Xol         , Xol         , Xol         , Xol         
Xol         , Xol         , Xol         , Xol         , Xol         , Xol         , Xol         , Xos         , Iwr         , Iwr         , Iwr         , Iwr         , Iwr         , Iwr         , Iwr         , Iwr         , Iwr         , Xos         , Xos         , Iwr         , Iwr         , Iwr         , Iwr         , Iwr         , Iwr         , Iwr         , Iwr         , Iwr         , Xos         , Xos         , Xos         , Xos         , Xos         , Xos         , Xos         , Xos         , Xos         , Xos         , Xos         , Xos         , Xos         , Xos         , Xos         , Xos         , Xos         , Xos         , Xos         , Xos         , Xos         , Xos         , Xol         , Xol         , Xol         , Xol         , Xol         , Xol         , Xol         
Xol         , Xol         , Xol         , Xol         , Xol         , Xol         , Xol         , Xol         , Iwr         , Iwr         , Iwr         , Iwr         , Iwr         , Iwr         , Iwr         , Iwr         , Iwr         , Iwr         , Iwr         , Xos         , Xos         , Iwr         , Iwr         , Iwr         , Iwr         , Iwr         , Iwr         , Iwr         , Xos         , Xos         , Xos         , Xos         , Xos         , Xos         , Xos         , Xos         , Xos         , Xos         , Xos         , Xos         , Xos         , Xos         , Xos         , Xos         , Xos         , Xos         , Xos         , Xos         , Xos         , Xol         , Xol         , Xol         , Xol         , Xol         , Xol         , Xol         , Xol         
Xol         , Xol         , Xol         , Xol         , Xol         , Xol         , Xol         , Xol         , Iwr         , Iwr         , Iwr         , Iwr         , Iwr         , Iwr         , Iwr         , Iwr         , Iwr         , Iwr         , Iwr         , Iwr         , Iwr         , Xos         , Iwr         , Iwr         , Iwr         , Iwr         , Iwr         , Iwr         , Xos         , Iwr         , Iwr         , Iwr         , Iwr         , Iwr         , Iwr         , Iwr         , Iwr         , Iwr         , Iwr         , Iwr         , Iwr         , Iwr         , Iwr         , Iwr         , Iwr         , Iwr         , Iwr         , Iwr         , Iwr         , Xol         , Xol         , Xol         , Xol         , Xol         , Xol         , Xol         , Xol         
Xol         , Xol         , Xol         , Xol         , Xol         , Xol         , Xol         , Xol         , Iwr         , Iwr         , Iwr         , Iwr         , Iwr         , Iwr         , Iwr         , Iwr         , Iwr         , Iwr         , Iwr         , Iwr         , Iwr         , Xos         , Iwr         , Iwr         , Iwr         , Iwr         , Iwr         , Iwr         , Xos         , Iwr         , Iwr         , Iwr         , Iwr         , Iwr         , Iwr         , Iwr         , Iwr         , Iwr         , Iwr         , Iwr         , Iwr         , Iwr         , Iwr         , Iwr         , Iwr         , Iwr         , Iwr         , Iwr         , Iwr         , Xol         , Xol         , Xol         , Xol         , Xol         , Xol         , Xol         , Xol         
Xol         , Xol         , Xol         , Xol         , Xol         , Xol         , Rrc         , Xos         , Xos         , Iwr         , Iwr         , Iwr         , Iwr         , Iwr         , Iwr         , Iwr         , Iwr         , Iwr         , Iwr         , Iwr         , Iwr         , Xos         , Iwr         , Iwr         , Iwr         , Iwr         , Iwr         , Iwr         , Xos         , Iwr         , Iwr         , Iwr         , Iwr         , Iwr         , Iwr         , Iwr         , Iwr         , Iwr         , Iwr         , Iwr         , Iwr         , Iwr         , Iwr         , Iwr         , Iwr         , Iwr         , Iwr         , Iwr         , Xos         , Xos         , Rrc         , Xol         , Xol         , Xol         , Xol         , Xol         , Xol         
Xol         , Xol         , Xol         , Xol         , Xol         , Rrc         , Rrc         , Rrc         , Xos         , Iwr         , Iwr         , Iwr         , Iwr         , Iwr         , Iwr         , Iwr         , Iwr         , Iwr         , Iwr         , Iwr         , Iwr         , Xos         , Iwr         , Iwr         , Iwr         , Iwr         , Iwr         , Iwr         , Xos         , Iwr         , Iwr         , Iwr         , Iwr         , Iwr         , Iwr         , Iwr         , Iwr         , Iwr         , Iwr         , Iwr         , Iwr         , Iwr         , Iwr         , Iwr         , Iwr         , Iwr         , Iwr         , Iwr         , Xos         , Rrc         , Rrc         , Rrc         , Xol         , Xol         , Xol         , Xol         , Xol         
Xol         , Xol         , Xol         , Xol         , Xol         , Rrc         , Rrc         , Rrc         , Xos         , Iwr         , Iwr         , Iwr         , Iwr         , Iwr         , Iwr         , Iwr         , Iwr         , Iwr         , Iwr         , Iwr         , Iwr         , Xos         , Iwr         , Iwr         , Iwr         , Iwr         , Iwr         , Iwr         , Xos         , Iwr         , Iwr         , Iwr         , Iwr         , Iwr         , Iwr         , Iwr         , Iwr         , Iwr         , Iwr         , Iwr         , Iwr         , Iwr         , Iwr         , Iwr         , Iwr         , Iwr         , Iwr         , Iwr         , Xos         , Rrc         , Rrc         , Rrc         , Xol         , Xol         , Xol         , Xol         , Xol         
Xol         , Xol         , Xol         , Xol         , Xol         , Rrc         , Rrc         , Rrc         , Xos         , Iwr         , Iwr         , Iwr         , Iwr         , Iwr         , Iwr         , Iwr         , Iwr         , Iwr         , Iwr         , Iwr         , Iwr         , Xos         , Iwr         , Iwr         , Iwr         , Iwr         , Iwr         , Iwr         , Xos         , Iwr         , Iwr         , Iwr         , Iwr         , Iwr         , Iwr         , Iwr         , Iwr         , Iwr         , Iwr         , Iwr         , Iwr         , Iwr         , Iwr         , Iwr         , Iwr         , Iwr         , Iwr         , Iwr         , Xos         , Rrc         , Rrc         , Rrc         , Xol         , Xol         , Xol         , Xol         , Xol         
Xol         , Xol         , Xol         , Xol         , Xol         , Xol         , Xol         , Xos         , Iwr         , Iwr         , Iwr         , Iwr         , Iwr         , Iwr         , Iwr         , Iwr         , Iwr         , Iwr         , Iwr         , Iwr         , Iwr         , Xos         , Iwr         , Iwr         , Iwr         , Iwr         , Iwr         , Iwr         , Xos         , Iwr         , Iwr         , Iwr         , Iwr         , Iwr         , Iwr         , Iwr         , Iwr         , Iwr         , Iwr         , Iwr         , Iwr         , Iwr         , Iwr         , Iwr         , Iwr         , Iwr         , Iwr         , Iwr         , Iwr         , Xos         , Xol         , Xol         , Xol         , Xol         , Xol         , Xol         , Xol         
Xol         , Xol         , Xol         , Xol         , Xol         , Xol         , Xol         , Xol         , Iwr         , Iwr         , Iwr         , Iwr         , Iwr         , Iwr         , Iwr         , Iwr         , Iwr         , Iwr         , Iwr         , Iwr         , Iwr         , Xos         , Iwr         , Iwr         , Iwr         , Iwr         , Iwr         , Iwr         , Xos         , Iwr         , Iwr         , Iwr         , Iwr         , Iwr         , Iwr         , Iwr         , Iwr         , Iwr         , Iwr         , Iwr         , Iwr         , Iwr         , Iwr         , Iwr         , Iwr         , Iwr         , Iwr         , Iwr         , Iwr         , Xol         , Xol         , Xol         , Xol         , Xol         , Xol         , Xol         , Xol         
Xol         , Xol         , Xol         , Xol         , Xol         , Xol         , Xol         , Xol         , Iwr         , Iwr         , Iwr         , Iwr         , Iwr         , Iwr         , Iwr         , Iwr         , Iwr         , Iwr         , Iwr         , Iwr         , Iwr         , Xos         , Iwr         , Iwr         , Iwr         , Iwr         , Iwr         , Iwr         , Xos         , Iwr         , Iwr         , Iwr         , Iwr         , Iwr         , Iwr         , Iwr         , Iwr         , Iwr         , Iwr         , Iwr         , Iwr         , Iwr         , Iwr         , Iwr         , Iwr         , Iwr         , Iwr         , Iwr         , Iwr         , Xol         , Xol         , Xol         , Xol         , Xol         , Xol         , Xol         , Xol         
Xol         , Xol         , Xol         , Xol         , Xol         , Xol         , Xol         , Xol         , Iwr         , Iwr         , Iwr         , Iwr         , Iwr         , Iwr         , Iwr         , Iwr         , Iwr         , Iwr         , Iwr         , Iwr         , Iwr         , Xos         , Iwr         , Iwr         , Iwr         , Iwr         , Iwr         , Iwr         , Xos         , Iwr         , Iwr         , Iwr         , Iwr         , Iwr         , Iwr         , Iwr         , Iwr         , Iwr         , Iwr         , Iwr         , Iwr         , Iwr         , Iwr         , Iwr         , Iwr         , Iwr         , Iwr         , Iwr         , Iwr         , Xol         , Xol         , Xol         , Xol         , Xol         , Xol         , Xol         , Xol         
Xol         , Xol         , Xol         , Xol         , Xol         , Xol         , Rrc         , Xos         , Xos         , Iwr         , Iwr         , Iwr         , Iwr         , Iwr         , Iwr         , Iwr         , Iwr         , Iwr         , Iwr         , Iwr         , Iwr         , Xos         , Iwr         , Iwr         , Iwr         , Iwr         , Iwr         , Iwr         , Xos         , Xos         , Xos         , Xos         , Xos         , Xos         , Xos         , Xos         , Xos         , Xos         , Xos         , Xos         , Xos         , Xos         , Xos         , Xos         , Xos         , Xos         , Xos         , Xos         , Xos         , Xos         , Rrc         , Xol         , Xol         , Xol         , Xol         , Xol         , Xol         
Xol         , Xol         , Xol         , Xol         , Xol         , Rrc         , Rrc         , Rrc         , Xos         , Iwr         , Iwr         , Iwr         , Iwr         , Iwr         , Iwr         , Iwr         , Iwr         , Iwr         , Iwr         , Iwr         , Iwr         , Xos         , Iwr         , Iwr         , Iwr         , Iwr         , Iwr         , Iwr         , Iwr         , Iwr         , Iwr         , Iwr         , Iwr         , Iwr         , Iwr         , Iwr         , Iwr         , Iwr         , Iwr         , Iwr         , Iwr         , Iwr         , Iwr         , Iwr         , Iwr         , Iwr         , Iwr         , Iwr         , Xos         , Rrc         , Rrc         , Rrc         , Xol         , Xol         , Xol         , Xol         , Xol         
Xol         , Xol         , Xol         , Xol         , Xol         , Rrc         , Rrc         , Rrc         , Xos         , Iwr         , Iwr         , Iwr         , Iwr         , Iwr         , Iwr         , Iwr         , Iwr         , Iwr         , Iwr         , Iwr         , Iwr         , Xos         , Iwr         , Iwr         , Iwr         , Iwr         , Iwr         , Iwr         , Xos         , Xos         , Iwr         , Iwr         , Iwr         , Iwr         , Iwr         , Iwr         , Iwr         , Iwr         , Iwr         , Iwr         , Iwr         , Iwr         , Iwr         , Iwr         , Iwr         , Iwr         , Iwr         , Iwr         , Xos         , Rrc         , Rrc         , Rrc         , Xol         , Xol         , Xol         , Xol         , Xol         
Xol         , Xol         , Xol         , Xol         , Xol         , Rrc         , Rrc         , Rrc         , Xos         , Iwr         , Iwr         , Iwr         , Iwr         , Iwr         , Iwr         , Iwr         , Iwr         , Iwr         , Iwr         , Iwr         , Iwr         , Xos         , Iwr         , Iwr         , Iwr         , Iwr         , Iwr         , Iwr         , Xos         , Iwr         , Iwr         , Iwr         , Iwr         , Iwr         , Iwr         , Iwr         , Iwr         , Iwr         , Iwr         , Iwr         , Iwr         , Iwr         , Iwr         , Iwr         , Iwr         , Iwr         , Iwr         , Iwr         , Xos         , Rrc         , Rrc         , Rrc         , Xol         , Xol         , Xol         , Xol         , Xol         
Xol         , Xol         , Xol         , Xol         , Xol         , Xol         , Xol         , Xos         , Iwr         , Iwr         , Iwr         , Iwr         , Iwr         , Iwr         , Iwr         , Iwr         , Iwr         , Iwr         , Iwr         , Iwr         , Iwr         , Xos         , Iwr         , Iwr         , Iwr         , Iwr         , Iwr         , Iwr         , Xos         , Iwr         , Iwr         , Iwr         , Iwr         , Iwr         , Iwr         , Iwr         , Iwr         , Iwr         , Iwr         , Iwr         , Iwr         , Iwr         , Iwr         , Iwr         , Iwr         , Iwr         , Iwr         , Iwr         , Iwr^Dr      , Xos         , Xol         , Xol         , Xol         , Xol         , Xos         , Xos         , Xos         
Xol         , Xol         , Xol         , Xol         , Xol         , Xol         , Xol         , Xol         , Iwr         , Iwr         , Iwr         , Iwr         , Iwr         , Iwr         , Iwr         , Iwr         , Iwr         , Iwr         , Iwr         , Iwr         , Iwr         , Xos         , Iwr         , Iwr         , Iwr         , Iwr         , Iwr         , Iwr         , Xos         , Iwr         , Iwr         , Iwr         , Iwr         , Iwr         , Iwr         , Iwr         , Iwr         , Iwr         , Iwr         , Iwr         , Iwr         , Iwr         , Iwr         , Iwr         , Iwr         , Iwr         , Iwr         , Iwr         , Iwr^Dr      , Iwr         , Iwr         , Iwr^Dr      , Iwr         , Xos         , Xos         , Xos         , Xos         
Xol         , Xol         , Xol         , Xol         , Xol         , Xol         , Xol         , Xol         , Xos         , Xos         , Xos         , Xos         , Xos         , Xos         , Xos         , Xos         , Xos         , Xos         , Xos         , Xos         , Xos         , Xos         , Xos         , Xos         , Xos         , Xos         , Xos         , Xos         , Xos         , Xos         , Xos         , Xos         , Xos         , Xos         , Xos         , Xos         , Xos         , Xos         , Xos         , Xos         , Xos         , Xos         , Xos         , Xos         , Xos         , Xos         , Xos         , Iwr         , Xos         , Iwr         , Iwr         , Iwr         , Iwr         , Xos         , Iwr         , Xos         , Xos         
Xol         , Xol         , Xol         , Xol         , Xol         , Xol         , Xol         , Xol         , Rrc         , Rrc         , Rrc         , Rrc         , Rrc         , Rrc         , Xos         , Rrc         , Rrc         , Rrc         , Rrc         , Rrc         , Rrc         , Rrc         , Xos         , Rrc         , Rrc         , Rrc         , Rrc         , Rrc         , Rrc         , Rrc         , Xos         , Rrc         , Rrc         , Rrc         , Rrc         , Rrc         , Rrc         , Rrc         , Xos         , Rrc         , Rrc         , Rrc         , Rrc         , Rrc         , Rrc         , Rrc         , Xos         , Iwr         , Iwr         , Iwr         , Iwr^Dr      , Iwr^Dr      , Iwr         , Iwr         , Xos         , Iwr         , Xos         
Xol         , Xol         , Xol         , Xol         , Xol         , Xol         , Rrc         , Rrc         , Rrc         , Rrc         , Rrc         , Rrc         , Rrc         , Rrc         , Xos         , Rrc         , Rrc         , Rrc         , Rrc         , Rrc         , Rrc         , Rrc         , Xos         , Rrc         , Rrc         , Rrc         , 1 Rrc       , Rrc         , Rrc         , Rrc         , Xos         , Rrc         , Rrc         , Rrc         , Rrc         , Rrc         , Rrc         , Rrc         , Xos         , Rrc         , Rrc         , Rrc         , Rrc         , Rrc         , Rrc         , Rrc         , Xos         , Iwr         , Iwr         , Iwr         , Iwr         , Iwr^Dr      , Iwr         , Iwr^Dr      , Iwr         , Iwr         , Xos         
Xol         , Xol         , Xol         , Xol         , Xol         , Rrc         , Rrc         , Rrc         , Rrc         , Rrc         , Rrc         , Rrc         , Rrc         , Rrc         , Xos         , Rrc         , Rrc         , Rrc         , Rrc         , Rrc         , Rrc         , Rrc         , Xos         , Rrc         , Rrc         , Rrc         , Rrc         , Rrc         , Rrc         , Rrc         , Xos         , Rrc         , Rrc         , Rrc         , Rrc         , Rrc         , Rrc         , Rrc         , Xos         , Rrc         , Rrc         , Rrc         , Rrc         , Rrc         , Rrc         , Rrc         , Xos         , Iwr         , Iwr         , Iwr         , Iwr         , Iwr         , Xos         , Iwr         , Xos         , Iwr         , Iwr         
Xol         , Xol         , Xol         , Xol         , Xol         , Rrc         , Rrc         , Rrc         , Rrc         , Rrc         , Rrc         , Rrc         , Rrc         , Rrc         , Xos         , Rrc         , Rrc         , Rrc         , Rrc         , Rrc         , Rrc         , Rrc         , Xos         , Rrc         , Rrc         , Rrc         , Rrc         , Rrc         , Rrc         , Rrc         , Xos         , Rrc         , Rrc         , Rrc         , Rrc         , Rrc         , Rrc         , Rrc         , Xos         , Rrc         , Rrc         , Rrc         , Rrc         , Rrc         , Rrc         , Rrc         , Xos         , Iwr         , Iwr         , Iwr         , Iwr         , Iwr         , Xos         , Xos         , Iwr         , Iwr         , Xol         
