border_size=1
usage=map

Aa^Fma      , Aa^Fda      , Aa^Fda      , Aa^Fda      , Ha          , Ha          , Wo          , Ha          , Aa^Fda      , Ha          , Aa^Fda      , Aa^Fda      , Ha          , Aa^Fda      , Ha          , Aa^Fda      , Wo          , Wo          , Wo          , Wo          , Aa          , Aa          , Aa^Fda      , Aa          , Aa          , Aa          , Aa          , Aa^Fda      , Rb          , Ha^Fpa      , Ha^Fpa      , Ha^Fpa      , Ha^Fpa      , Aa^Fda      , Aa^Fda      , Aa^Fda      , Aa^Fda      , Aa^Fda      , Aa^Fda      , Mm          , Ha          , Mm          , Ms          , Ms          , Ms          , Ha          , Ms          , Ms          , Wo          , Ms          , Ms          , Mm          , Ms          , Wo          , Wo          , Ms          , Ms          , Ms          , Ms          
Aa^Fda      , Aa^Fma      , Ha^Fpa      , Ms          , Aa          , Aa          , Wo          , Aa^Fda      , Aa^Fda      , Aa^Fda      , Aa^Fda      , Ha          , Aa^Fpa      , Aa^Fda      , Aa^Fpa      , Wo          , Aa^Fma      , Ha          , Aa^Fma      , Aa          , Aa          , Aa          , Aa          , Aa          , Aa^Fpa      , Aa^Fda      , Aa^Fda      , Ha^Fpa      , Rb          , Rb          , Aa          , Ha^Fpa      , Ha^Fpa      , Aa^Fda      , Aa^Fda      , Aa^Fda      , Ha^Fpa      , Aa^Fda      , Ha^Fpa      , Ha          , Ms          , Ms          , Ms          , Ms          , Ms          , Ha          , Ms          , Ms          , Wo          , Ms          , Wo          , Ms          , Ms          , Wo          , Wo          , Ms          , Ms          , Ms          , Ms          
Aa^Fda      , Ha^Fpa      , Aa^Fpa      , Ha^Fpa      , Aa          , Ha          , Wo          , Ha^Fpa      , Aa          , Aa          , Aa^Efm      , Aa^Es       , Ms^Efm      , Aa^Fma      , Aa^Fpa      , Wo          , Aa^Fda      , Aa^Fma      , Aa^Fda      , Aa          , Aa^Es       , Aa          , Ms          , Aa^Fda      , Ms          , Aa^Fda      , Aa^Fma      , Ha^Fpa      , Aa          , Rb          , Aa          , Ha^Fpa      , Ha^Fpa      , Aa^Fda      , Aa          , Ha^Fpa      , Aa          , Ha^Fpa      , Aa^Es       , Ha^Fpa      , Ha^Fda      , Ms          , Ha          , Ms          , Ha^Fda      , Ha          , Ms          , Ms          , Ha          , Wo          , Ms          , Wo          , Wo          , Wo          , Wo          , Ms          , Ms          , Ms          , Ms          
Aa^Fda      , Aa          , Aa^Fpa      , Aa^Fda      , Aa^Fda      , Ms          , Wo          , Aa          , Aa^Fpa      , Aa^Fpa      , Aa^Efm      , Aa^Efm      , Aa^Fma      , Ms^Efm      , Wo          , Wo          , Aa^Fma      , Aa^Fma      , Ha^Fpa      , Aa          , Aa          , Ha^Fpa      , Aa^Fma      , Ms          , Ms          , Ms^Es       , Ms          , Ha^Es       , Rb          , 1 Rb        , Aa          , Ha^Fpa      , Aa^Fpa      , Aa^Fda      , Aa^Fpa      , Aa^Efm      , Ha^Efm      , Aa^Efm      , Ha^Fpa      , Ms          , Ha^Fpa      , Ha^Fda      , Ms          , Aa          , Aa          , Ha^Fda      , Aa          , Aa          , Ha          , Ms          , Ms          , Ha^Es       , Ha          , Wo          , Wo          , Ms          , Ha          , Ms          , Ms          
Aa^Fda      , Aa          , Aa^Fpa      , Aa^Fda      , Aa^Fma      , Ms^Es       , Wo          , Ms^Es       , Aa          , Aa^Fda      , Ms^Efm      , Ha^Fpa      , Ms          , Ha^Fpa      , Wo          , Ha^Fpa      , Aa^Fpa      , Ha^Fpa      , Aa^Es       , Aa          , Aa          , Aa^Fda      , Aa^Es       , Aa^Fda      , Aa^Fda      , Aa^Fda      , Aa^Fda      , Ms          , Aa          , Rb          , Aa^Fda      , Aa^Fpa      , Aa^Fda      , Aa          , Aa          , Aa^Es       , Aa^Fda      , Aa^Efm      , Ha^Efm      , Ha^Fpa      , Ha          , Ms          , Ha^Fda      , Aa          , Ms          , Ms          , Aa          , Ha          , Ha^Fda      , Aa          , Aa          , Ms          , Rb          , Rb          , Ms          , Ms          , Ms          , Ms          , Mm          
Aa          , Aa          , Aa^Fma      , Aa          , Wo          , Wo          , Ms          , Wo          , Wo          , Aa^Fda      , Wo          , Wo          , Wo          , Wo          , Wo          , Aa^Fda      , Aa          , Aa^Fda      , Aa^Fda      , Aa          , Aa          , Aa          , Aa^Fda      , Aa^Es       , Aa^Fda      , Aa^Fda      , Aa          , Ha^Efm      , Rb          , Aa          , Aa^Efm      , Aa^Fda      , Aa          , Aa^Fda      , Aa          , Aa^Fda      , Ha          , Ha          , Ms^Efm      , Ha^Fda      , Ha          , Ms          , Ms          , Aa          , Ha          , Aa^Es       , Ms          , Ha^Fda      , Ms          , Aa          , Ms^Es       , Aa          , Aa          , Ha^Es       , Ha          , Ha^Es       , Ha          , Ha          , Mm          
Aa^Fma      , Aa^Fma      , Ha          , Aa^Fma      , Wo          , Wo          , Ms^Efm      , Ms          , Ms          , Wo          , Ha^Fpa      , Wo          , Wo          , Ms          , Aa^Efm      , Aa          , Ms          , Ms          , Ms          , Aa          , Aa          , Aa          , Aa          , Aa          , Aa          , Aa          , Aa          , Aa          , Aa          , Rb          , Aa^Fda      , Aa^Efm      , Aa^Fda      , Aa^Fda      , Aa^Fda      , Aa^Fda      , Aa          , Aa          , Aa          , Ms          , Ha          , Rb          , Rb          , Ms          , Rb          , Ha          , Ms          , Ms          , Ha          , Ms          , Ms          , Ha          , Ha          , Ha          , Aa          , Rb          , Mm          , Mm          , Mm          
Aa^Fma      , Aa^Fma      , Ms          , Ha          , Aa^Fma      , Wo          , Wo          , Ha^Efm      , Ha^Fda      , Ms^Efm      , Ha^Efm      , Aa          , Aa^Fma      , Aa          , Ms          , Ms^Efm      , Aa^Fma      , Aa          , Aa^Fma      , Aa          , Aa          , Aa          , Aa          , Ms          , Aa^Efm      , Ha^Efm      , Aa^Efm      , Ha^Efm      , Rb          , Aa          , Aa          , Aa^Fda      , Aa          , Aa^Fda      , Aa          , Aa          , Aa          , Ha^Fpa      , Aa          , Aa          , Aa          , Ha^Fda      , Hhd^Fdw     , Hhd^Fdw     , Rb          , Ha          , Ms          , Ha          , Ms          , Rb          , Ms          , Ha          , Mm          , Ha          , Aa          , Mm          , Rb          , Hh          , Mm          
Ha          , Ha          , Ha          , Ms          , Ms          , Ms          , Wo          , Wo          , Ha^Fpa      , Ha^Fda      , Ha^Fda      , Aa^Efm      , Ha^Efm      , Aa^Fma      , Aa          , Aa          , Ms          , Aa          , Ms          , Aa          , Aa          , Aa          , Aa^Fma      , Ms          , Aa^Fma      , Aa          , Aa^Fpa      , Aa          , Rb          , Rb          , Aa^Fma      , Aa^Efm      , Aa^Efm      , Aa          , Aa          , Ha^Fpa      , Ha^Fpa      , Aa          , Ha^Efm      , Ha^Fpa      , Ha^Fpa      , Ha^Fda      , Ha          , Ha          , Ha          , Aa          , Ha^Es       , Ms          , Ms          , Rb          , Ms          , Ha          , Mm          , Rb          , Aa          , Rb^Es       , Hh          , Hhd^Fdw     , Hh          
Wo          , Wo          , Wo          , Wo          , Wo          , Ms          , Wo          , Ha^Fpa      , Aa^Fma      , Ha^Fpa      , Aa          , Aa^Fpa      , Aa^Fpa      , Aa^Efm      , Aa^Fpa      , Aa          , Aa^Fpa      , Ms          , Ms          , Aa          , Aa          , Aa          , Ms          , Ms          , Aa          , Aa          , Aa^Es       , Aa^Fpa      , Rb          , Rb          , Ha^Fpa      , Aa^Fma      , Aa          , Aa          , Aa          , Aa          , Aa          , Aa          , Aa          , Aa          , Aa          , Mm          , Ha          , Hhd^Fdw     , Ha          , Aa          , Ha          , Rb          , Rb          , Rb          , Rb          , Ha          , Rb          , Rb          , Rb          , Aa          , Aa          , Hh          , Hh          
Aa          , Ha          , Aa^Fma      , Aa^Fma      , Ha^Efm      , Wo          , Aa^Efm      , Aa^Efm      , Aa^Fma      , Ms          , Aa          , Ha^Fpa      , Aa          , Ha^Fpa      , Aa          , Aa^Fpa      , Rb          , Aa^Fma      , Aa^Fma      , Aa          , Aa          , Ms          , Aa          , Ms^Es       , Aa          , Aa          , Aa          , Aa          , Rb          , Rb          , Aa          , Aa          , Ha^Fpa      , Aa          , Aa^Fpa      , Aa^Fpa      , Aa^Fpa      , Aa^Fpa      , Aa          , Aa          , Ha          , Ha          , Ha          , Ha          , Rb          , Hh          , Rb          , Rb          , Rb          , Rb          , Mm          , Rb          , Ha          , Mm          , Hhd^Fdw     , Mm          , Hhd^Fdw     , Mm          , Mm          
Aa          , Aa^Es       , Ha^Fda      , Ha^Fda      , Ha^Fda      , Ha^Fda      , Ha^Fda      , Aa^Fma      , Aa^Fma      , Aa          , Gs          , Gs          , Aa          , Aa^Es       , Aa          , Aa^Es       , Aa          , Aa          , Aa          , Aa          , Aa          , Aa          , Aa          , Aa          , Aa          , Aa^Es       , Gs          , Gs          , Rb          , Rb          , Aa          , Ha^Fpa      , Aa          , Aa          , Aa          , Aa          , Aa          , Aa          , Mm          , Hh          , Hh          , Ha          , Hh          , Ha          , Aa          , Aa          , Aa          , Rb          , Hhd^Fdw     , Hhd^Fmf     , Mm          , Ha          , Ha          , Ha          , Hhd^Es      , Hhd^Fmf     , Hhd^Fdw     , Mm          , Mm          
Aa          , Aa          , Rb          , Rb          , Aa          , Ha^Fda      , Aa          , Ha^Fda      , Aa          , Aa          , Gs          , Aa          , Aa          , Aa          , Gs          , Aa          , Gs          , Gs          , Aa          , Aa          , Aa          , Aa          , Gs          , Aa          , Gs          , Aa          , Aa          , Gs^Es       , Aa          , Rb          , Aa          , Aa          , Gs          , Aa          , Aa          , Aa          , Aa          , Hh          , Hh          , Mm          , Aa          , Hh          , Mm          , Mm          , Hhd^Fmf     , Aa          , Hhd^Fdw     , Mm          , Hhd^Fdw     , Hh          , Mm          , Mm          , Ha          , Ha          , Mm^Es       , Hhd^Fdw     , Hh          , Mm          , Mm          
Aa          , Aa          , Aa          , Aa          , Aa          , Aa          , Gs          , Aa          , Aa          , Gs          , Aa          , Gs          , Aa          , Gs          , Aa          , Aa          , Gs          , Aa          , Aa          , Aa          , Aa          , Aa          , Aa          , Aa          , Gs^Es       , Aa          , Gs          , Aa^Es       , Aa          , Aa          , Gs          , Gs          , Gs          , Aa          , Gs          , Gs          , Aa          , Hh          , Mm          , Hh          , Hh          , Ha          , Hh          , Ha          , Hhd^Fdw     , Hhd^Fmf     , Hh          , Mm          , Ha          , Ha^Es       , Rb          , Hh          , Mm          , Mm          , Mm          , Rb          , Hh          , Mm          , Mm          
Gg          , Aa          , Aa          , Ss          , Ss          , Gs          , Aa          , Aa          , Gs          , Aa          , Aa          , Aa          , Aa          , Aa          , Aa          , Aa          , Aa          , Aa          , Aa          , Aa          , Aa          , Aa          , Aa          , Aa          , Aa          , Aa          , Aa          , Aa          , Rb          , Rb          , Aa          , Aa          , Aa          , Aa          , Gs          , Aa          , Gs          , Mm          , Hh          , Hh          , Hh^Efm      , Gs          , Gg          , Gs          , Hhd^Fdw     , Mm          , Hh          , Ha          , Mm          , Gs          , Mm          , Rb          , Ha          , Ha          , Gs          , Gs          , Mm          , Mm          , Gg          
Gll^Fmf     , Gs          , Ss          , Ss          , Gs          , Aa          , Sm          , Sm          , Aa          , Aa          , Aa          , Aa          , Ss          , Ss          , Ss          , Aa          , Aa          , Aa          , Aa          , Aa          , Gs          , Aa          , Gs          , Aa          , Gs          , Aa          , Aa          , Aa          , Rb          , Rb          , Aa          , Aa          , Aa          , Aa          , Gs          , Aa          , Gs          , Hh          , Hh          , Mm^Efm      , Mm          , Hh          , Hh          , Gs          , Gs          , Gs          , Mm          , Hh          , Hh          , Gs          , Gs          , Mm          , Hh          , Mm          , Mm          , Gs          , Mm          , Mm          , Mm          
Gll^Fmf     , Ss          , Ss          , Ss          , Gll^Fmf     , Gll^Fmf     , Sm          , Sm          , Aa          , Sm          , Ss          , Ss          , Sm          , Ss          , Sm          , Ss          , Ss          , Ss          , Ss          , Gs          , Gs          , Gs          , Gg          , Ss          , Ss          , Gs          , Hh          , Rb          , Rb          , Rb          , Gs          , Aa          , Gs          , Aa          , Aa          , Aa^Efm      , Gs^Efm      , Gs^Efm      , Gs^Efm      , Hh^Efm      , Hh          , Hh          , Hh          , Gs          , Gg          , Gs          , Hh          , Hh          , Hh          , Hh          , Gs          , Hh          , Mm          , Mm          , Mm          , Hh          , Hh          , Mm          , Mm          
Gs          , Gll^Fmf     , Gs          , Ss          , Ss          , Gll^Fmf     , Gs          , Aa          , Ss          , Ss          , Ss          , Ss          , Sm          , Sm          , Ss          , Sm          , Ss          , Ss          , Ss          , Ss          , Gg          , Gg          , Gg          , Gg          , Gg          , Ss          , Ss          , Rb          , Rb          , Rb          , Gs          , Gs          , Gs          , Gs          , Gs          , Gs          , Hh          , Hh          , Mm          , Mm          , Hh          , Mm          , Gs          , Gs          , Mm          , Gg          , Hh          , Hh          , Hh          , Mm          , Hh          , Mm          , Mm          , Mm          , Mm          , Hhd^Fmf     , Hh^Es       , Hh          , Mm          
Gll^Fmf     , Gll^Fmf     , Ss          , Ss          , Ss          , Gs^Fms      , Ss          , Ss          , Ss          , Ss          , Ss          , Sm          , Ss          , Sm          , Sm          , Sm          , Gg          , Gg          , Gg          , Gg          , Gg          , Gg          , Gg          , Gg          , Gg          , Ss          , Ss          , Rb          , Rb          , Rb          , Gs          , Gs          , Gs          , Gs          , Gs          , Gs          , Mm          , Mm          , Mm          , Mm          , Hh          , Gs          , Gs          , Gs          , Hh          , Mm          , Hh          , Mm          , Hh          , Hh          , Gs          , Rb          , Gs          , Mm^Es       , Rb          , Hh          , Mm^Es       , Mm          , Mm          
Ss          , Ss          , Ss          , Ss          , Ss          , Ss          , Sm          , Sm          , Sm          , Ss          , Ss          , Sm          , Sm          , Sm          , Gg          , Gg          , Gs          , Gs          , Gs          , Gg          , Gg          , Gg          , Gs          , Gs          , Gg          , Gg          , Sm          , Rb          , Rb          , Rb          , Gs          , Gs          , Gs          , Gs^Es       , Mm          , Mm          , Mm          , Mm          , Gs          , Mm          , Gg          , Hh          , Gg          , Gg          , Hh          , Gg          , Gg          , Mm          , Mm          , Hhd^Fmf     , Hhd^Fmf     , Gs          , Hh          , Mm          , Mm          , Hh          , Hh^Es       , Mm          , Mm          
Gll^Fmf     , Gll^Fmf     , Ss          , Sm          , Sm          , Sm          , Sm          , Sm          , Sm          , Sm          , Ss          , Ss          , Ss          , Ss          , Gg          , Gg          , Gs          , Gg          , Gg          , Gg          , Gg          , Gs          , Gs          , Gg          , Gg          , Gg          , Gg          , Rb          , Rb          , Gs^Efm      , Gg          , Gg          , Gs          , Mm          , Mm          , Mm          , Mm          , Gs          , Gs          , Gg          , Mm          , Hh          , Hh          , Mm          , Mm          , Mm          , Gg          , Hh          , Hh          , Mm          , Mm          , Hhd^Fmf     , Gs^Es       , Mm          , Mm          , Hh^Es       , Hh          , Mm          , Mm          
Gll^Fmf     , Ss          , Ss          , Ss          , Sm          , Sm          , Sm          , Ss          , Ss          , Sm          , Sm          , Sm          , Sm          , Ss          , Gg          , Gg          , Gg          , Gs          , Gs          , Gs          , Gg          , Gs          , Gs          , Gg          , Gg          , Gg          , Gg          , Rb          , Rb          , Gs          , Gs          , Gg          , Hh          , Hh          , Mm          , Mm          , Hh          , Gs          , Hh          , Mm          , Hh          , Mm          , Mm          , Mm          , Mm          , Mm          , Mm          , Mm          , Hh          , Hh          , Hh          , Gs          , Ce          , Ce          , Ce          , Mm          , Hh          , Hh          , Mm          
Gs          , Gll^Fmf     , Sm          , Sm          , Gll^Fmf     , Hhd^Fmf     , Gs          , Gll^Fmf     , Hhd^Fmf     , Sm          , Ss          , Sm          , Ss          , Sm          , Gg          , Gg          , Gg          , Gg          , Gg          , Gs          , Gg          , Gs          , Gs          , Gs          , Gg          , Gg          , Gg          , Rb          , Gs^Efm      , Gs          , Gs          , Gs          , Hh          , Hh          , Hh          , Gs          , Gs          , Gs          , Gs          , Gs          , Gs          , Hh          , Gs          , Mm          , Gs          , Mm          , Gg          , Hh          , Gs          , Hh          , Hh          , Gs          , Ce          , Ce          , Ce          , Mm          , Gs          , Mm          , Hh          
Hhd^Fmf     , Sm          , Sm          , Gll^Fmf     , Gll^Fmf     , Ss          , Gg          , Ss          , Ss          , Ss          , Sm          , Ss          , Gs          , Gs          , Sm          , Gg          , Gg          , Gs          , Gg          , Gg          , Gs          , Gs          , Gs          , Gg          , Gs          , Gg          , Rb          , Rb          , Gs          , Gs^Efm      , Gs          , Gs^Efm      , Hh          , Gs          , Gs          , Gs          , Gs          , Gs          , Gs          , Gs          , Gs          , Gs          , Gs          , Gs          , Gs          , Gs          , Gs          , Gg          , Gs          , Gg          , Gs          , Ce          , Ce          , 2 Ke        , Ce          , Gs          , Gs          , Mm          , Mm          
Gll^Fmf     , Gll^Fmf     , Ss          , Ss          , Ss          , Ss          , Gg          , Gg          , Gg          , Ss          , Ss          , Ss          , Gg          , Ss          , Gg          , Gs          , Gs          , Gs          , Gs          , Gg          , Gs          , Gs          , Gs          , Gs          , Gg          , Gg          , Rb          , Rb          , Gs          , Gs          , Gg          , Gs          , Gg          , Gs          , Gs          , Gs          , Gs          , Gg          , Gs          , Gs          , Gs          , Gg          , Gg          , Gs          , Gs          , Gs          , Gg          , Gs          , Gs          , Gg          , Gs          , Ce          , Ce          , Ke          , Ce          , Ce          , Gs          , Mm          , Mm          
Gs          , Hhd^Fmf     , Gg          , Gg          , Gg          , Gg          , Gg          , Gg          , Gg          , Gg          , Gs          , Gg          , Gg          , Gg          , Gs          , Gs          , Gg          , Gs          , Gg          , Gs          , Gg          , Gs          , Gg          , Gs          , Gs^Es       , Rb          , Rb          , Rb          , Gg          , Gg          , Gg          , Gs          , Gs          , Gs          , Gs          , Gs          , Gs          , Gs          , Gg          , Gs          , Gs          , Gg          , Gg          , Gs          , Gs          , Gs          , Gg          , Gs          , Gs          , Gs          , Mm          , Gs          , Hh          , Ce          , Gs          , Hh          , Mm          , Mm          , Hhd^Fmf     
Gs          , Gg          , Gg          , Gg          , Ce          , Ce          , Ce          , Gs^Efm      , Gs          , Gs          , Gg          , Gs          , Gs          , Gg          , Gg          , Gs          , Gg          , Gg          , Gs          , Gs          , Gg          , Gg          , Gg          , Gs          , Gs^Es       , Rb          , Rb          , Rb          , Gs          , Gg          , Gs          , Gg          , Gs          , Gg          , Gs          , Gg          , Gg          , Gg          , Gg          , Hh          , Gg          , Gg          , Hh          , Hh          , Hh          , Mm          , Mm          , Mm          , Hh          , Gs          , Mm          , Hhd^Fmf     , Mm          , Gs          , Gs          , Gs          , Hh          , Hhd^Fmf     , Mm          
Gs          , Gg          , Gs          , Ce          , Ke          , 3 Kea       , Ce          , Gs          , Gg          , Gg          , Gg          , Gg          , Gs          , Gg          , Gs          , Gs          , Gg          , Gg          , Gs          , Gs          , Gg          , Gg          , Gs          , Gs          , Gs          , Rb          , Rb          , Rb          , Gs          , Gs          , Gg          , Gs          , Gs          , Gg          , Hh          , Gg          , Gg          , Gg          , Gs          , Gg          , Gg          , Gg          , Gg          , Gg          , Gs          , Mm          , Gg          , Hh          , Hh          , Mm          , Hh^Es       , Hhd^Fmf     , Hh          , Hhd^Fmf     , Hh          , Gs^Es       , Mm          , Mm          , Mm          
Gs          , Gs          , Gs          , Ce          , Ce          , Ce          , Ce          , Ce          , Gs          , Gg          , Gg          , Gg          , Gs          , Gs          , Gs          , Gs          , Gg          , Gg          , Gg          , Gg          , Gs          , Gs          , Gs          , Gs          , Gs          , Gs          , Rb          , Rb          , Gs          , Gs          , Gg          , Gg          , Gg          , Gg          , Gs          , Gg          , Hh          , Hh          , Hh          , Gs          , Gs          , Gg          , Hh          , Mm          , Mm          , Gs          , Gg          , Mm          , Hh          , Mm          , Mm          , Mm          , Mm          , Hh^Fms      , Hh^Fms      , Hh          , Hh^Fms      , Mm          , Mm          
Gs          , Gs          , Gg          , Gs          , Gg          , Ce          , Gg          , Gg          , Gg          , Gg          , Ss          , Gs          , Gs          , Gg          , Gg          , Gg          , Gs          , Gs          , Gg          , Gs^Efm      , Gs          , Gs^Efm      , Gs          , Gs          , Gs          , Gs          , Rb          , Rb          , Gs          , Gs          , Gg          , Gg          , Gg          , Gg          , Gg          , Gs          , Hh          , Gs          , Gg          , Gs          , Hh          , Gg          , Mm          , Hh          , Mm          , Mm          , Gg          , Hh          , Hh          , Hh          , Hh          , Mm          , Mm          , Hh^Fms      , Mm          , Hh^Fms      , Hh          , Mm          , Mm          
Gs          , Ss          , Gg          , Gs          , Gs          , Gs          , Gs          , Gs          , Gs          , Gs          , Ss          , Ss          , Ss          , Ss          , Ss          , Gg          , Ss          , Gg          , Ss          , Gg          , Gg          , Gs          , Gs          , Gs          , Gs          , Gs^Es       , Rb          , Rb          , Rb          , Gs          , Gs          , Gg          , Gs          , Gs          , Gs          , Gg          , Gg          , Gg          , Gg          , Hh          , Ww          , Hh          , Hh          , Hh          , Hh          , Mm          , Hh          , Hh          , Mm          , Mm          , Gs          , Hh          , Mm          , Mm          , Hh          , Mm          , Mm          , Gs          , Mm          
Gs          , Ss          , Gg          , Ss          , Ss          , Gg          , Gg          , Gg          , Ss          , Ss          , Ss          , Ss          , Sm          , Ss          , Sm          , Ss          , Ss          , Ss          , Ss          , Ss          , Ss          , Gg          , Gg          , Gg          , Gs          , Gs^Es       , Rb          , Rb          , Gs          , Gs          , Gs          , Gg          , Gg          , Gs          , Gg          , Gs          , Gs          , Gs          , Gs          , Hh          , Mm          , Ww          , Mm          , Mm          , Gs          , Hh          , Mm          , Mm          , Mm          , Mm          , Gs          , Gs^Es       , Mm          , Mm          , Hh          , Hh          , Hh          , Hh          , Mm          
Gs          , Sm          , Sm          , Ss          , Ss          , Ss          , Ss          , Ss          , Sm          , Ss          , Ss          , Ss          , Sm          , Sm          , Ss          , Ss          , Sm          , Sm          , Sm          , Sm          , Ss          , Ss          , Ss          , Gs^Efm      , Gs          , Gs^Efm      , Rb          , Rb          , Rb          , Gs          , Gs          , Gg          , Gs          , Gs          , Gg          , Gg          , Gg          , Gg          , Gs          , Hh          , Mm          , Ww          , Mm          , Gs          , Gs          , Mm          , Mm          , Mm          , Mm          , Mm          , Hh          , Gs          , Hh          , Hh          , Hh          , Mm          , Hh          , Hh          , Mm          
Hhd^Fmf     , Sm          , Sm          , Ss          , Ss          , Ss          , Ss          , Sm          , Sm          , Ss          , Gs^Fms      , Sm          , Sm          , Ss          , Ss          , Sm          , Sm          , Ss          , Sm          , Sm          , Sm          , Ss          , Ss          , Gs          , Gs          , Gs          , Gs^Es       , Rb          , Rb          , Gs          , Gs^Es       , Gs          , Gg          , Gg          , Gg          , Gg          , Mm          , Hh          , Gg          , Mm          , Ww          , Ww          , Mm          , Gs          , Mm          , Mm          , Mm          , Mm          , Gs          , Hh          , Hh          , Hh          , Mm          , Hh          , Hh          , Mm          , Hh          , Hh          , Mm          
Gs          , Sm          , Sm          , Sm          , Gll^Fmf     , Ss          , Sm          , Sm          , Sm          , Sm          , Sm          , Sm          , Sm          , Ss          , Ss          , Ss          , Ss          , Sm          , Sm          , Sm          , Sm          , Ss          , Ss          , Ss          , Gg          , Gs          , Gs          , Rb          , Rb          , Rb          , Gs          , Gs          , Gg          , Gg          , Hh          , Gg          , Mm          , Hh          , Gg          , Mm          , Mm          , Ww          , Mm          , Gs          , Mm          , Mm          , Gg          , Gs          , Hh          , Hh          , Hh          , Mm          , Mm^Efm      , Hh          , Hh          , Mm          , Mm          , Hh          , Mm          
Gs          , Ss          , Ss          , Ss          , Ss          , Ss          , Sm          , Sm          , Ss          , Gs^Fms      , Ss          , Gs          , Ss          , Ss          , Sm          , Ss          , Sm          , Sm          , Sm          , Sm          , Sm          , Ss          , Ss          , Ss          , Gs          , Gg          , Gg          , Gs          , Rb          , Rb          , Gs          , Gs          , Gs          , Hh          , Gg          , Hh          , Hh          , Gg          , Mm          , Mm          , Mm          , Ww          , Mm          , Mm          , Mm          , Mm          , Gg          , Gg          , Hh          , Mm          , Hh          , Mm          , Mm          , Hh          , Mm^Es       , Hh          , Mm          , Mm          , Mm          
Gs          , Sm          , Sm          , Ss          , Ss          , Ss          , Sm          , Gll^Fmf     , Ss          , Gll^Fmf     , Ss          , Ss          , Sm          , Sm          , Ss          , Ss          , Sm          , Sm          , Ss          , Ss          , Sm          , Ss          , Ss          , Ss          , Gs^Es       , Gs          , Gg          , Gs          , Rb          , Rb          , Gs          , Gs          , Gg          , Hh          , Gg          , Mm          , Hh          , Hh          , Hh          , Mm          , Mm          , Ww          , Mm          , Mm          , Mm          , Mm          , Mm          , Gs          , Gs          , Gs          , Hh          , Mm          , Ww          , Mm          , Hh^Fms      , Hh^Fms      , Mm          , Mm          , Mm          
Gs          , Sm          , Sm          , Ss          , Ss          , Ss          , Gs^Fms      , Ss          , Ss          , Gll^Fmf     , Gs          , Ss          , Sm          , Ss          , Ss          , Sm          , Sm          , Sm          , Ss          , Ss          , Sm          , Ss          , Gs^Efm      , Gs^Efm      , Gs^Efm      , Gs          , Gs          , Gs          , Rb          , Rb          , Gs          , Gs          , Gs          , Gg          , Gg          , Mm          , Mm          , Mm          , Mm          , Mm          , Ww          , Ww          , Ww          , Mm          , Mm          , Gs          , Gg          , Mm          , Gs^Es       , Gs          , Gs          , Mm          , Ww          , Mm          , Hh^Fms      , Mm          , Mm          , Hh^Fms      , Mm          
Gs          , Sm          , Sm          , Gll^Fmf     , Sm          , Ss          , Ss          , Ss          , Ss          , Gll^Fmf     , Ss          , Ss          , Ss          , Sm          , Sm          , Ss          , Ss          , Sm          , Ss          , Ss          , Sm          , Ss          , Gs^Efm      , Gs^Efm      , Gs^Efm      , Gs          , Gs          , Gs          , Rb          , Rb          , Gs          , Gs          , Gg          , Gg          , Gg          , Ww          , Ww          , Ww          , Ww          , Ww          , Ww          , Ww          , Mm          , Mm          , Mm          , Gs          , Gs          , Mm          , Gs          , Gs          , Hh          , Mm          , Ww          , Mm          , Hh          , Mm          , Mm          , Hh^Fms      , Mm          
Gs          , Gs          , Sm          , Hh^Fms      , Gll^Fmf     , Ss          , Gs^Fms      , Ss          , Hhd^Fmf     , Ss          , Gs          , Ss          , Ss          , Sm          , Ss          , Sm          , Sm          , Sm          , Sm          , Sm          , Ss          , Ss          , Gs          , Gs^Efm      , Gs          , Gs          , Gs          , Gs          , Rb          , Rb          , Gs          , Gs          , Gs          , Gs          , Gg          , Ww          , Ww          , Ww          , Mm          , Ww          , Ww          , Ww          , Mm          , Mm          , Gs          , Gs          , Mm          , Mm          , Mm          , Gs          , Hh          , Hh          , Hh          , Ww          , Mm          , Mm          , Hh          , Mm          , Hh          
Gs          , Gll^Fmf     , Hhd^Fmf     , Sm          , Ss          , Ss          , Hh^Fms      , Gs          , Gll^Fmf     , Gs          , Gs          , Gs          , Gll^Fmf     , Ss          , Ss          , Ss          , Ss          , Sm          , Ss          , Sm          , Ss          , Ss          , Gs^Es       , Gs^Es       , Gs          , Gs          , Gg          , Gs          , Rb          , Rb          , Gs          , Gs          , Gg          , Gs          , Gg          , Ww          , Mm          , Mm          , Ww          , Mm          , Mm          , Ww          , Ww          , Gs          , Mm          , Mm          , Mm          , Mm          , Gs          , Hh          , Gs          , Mm          , Gs          , Ww          , Ww          , Hh          , Mm          , Mm          , Hh          
Gll^Fmf     , Gs          , Gs^Fms      , Ss          , Ss          , Sm          , Sm          , Sm          , Sm          , Sm          , Gs^Fms      , Gll^Fmf     , Gll^Fmf     , Gll^Fmf     , Ss          , Ss          , Ss          , Ss          , Ss          , Ss          , Ss          , Gs          , Gs          , Gs          , Gg          , Gg          , Gs          , Gs          , Rb          , Gs          , Gs          , Gs          , Gg          , Gs          , Gs          , Ww          , Ww          , Ww          , Mm          , Mm          , Ww          , Mm          , Ww          , Mm          , Ww          , Ww          , Ww          , Mm          , Gs          , Gs          , Gs          , Gs^Es       , Ww          , Ww          , Ww          , Ww          , Gs          , Mm          , Hh          
Gs          , Gll^Fmf     , Gll^Fmf     , Ss          , Ss          , Gll^Fmf     , Ss          , Sm          , Ss          , Ss          , Ss          , Ss          , Ss          , Ss          , Ss          , Ss          , Sm          , Sm          , Sm          , Sm          , Sm          , Ss          , Ss          , Ss          , Ss          , Gs          , Gs^Es       , Gs          , Gs          , Gg          , Gs          , Gs          , Gg          , Gs          , Gs          , Ww          , Mm          , Mm          , Gs          , Mm          , Mm          , Ww          , Mm          , Ww          , Ww          , Mm          , Mm          , Ww          , Gs          , Gs          , Ww          , Ww          , Ww          , Ww          , Wo          , Ww          , Ww          , Gs          , Gs          
Gs          , Sm          , Hhd^Fmf     , Gs          , Ss          , Ss          , Sm          , Ss          , Ss          , Gll^Fmf     , Gll^Fmf     , Gs          , Ss          , Sm          , Sm          , Ss          , Sm          , Sm          , Sm          , Ss          , Sm          , Sm          , Sm          , Ss          , Ss          , Ss          , Gs^Efm      , Rb          , Rb          , Rb          , Gs          , Gs          , Gg          , Gs          , Gs          , Hh          , Hh          , Hh          , Mm          , Mm          , Mm          , Mm          , Hh          , Mm          , Mm          , Mm          , Ww          , Ww          , Gs          , Gs          , Ww          , Ww          , Wo          , Wo          , Wo          , Wo          , Ww          , Ww          , Gs          
Gs          , Sm          , Sm          , Ss          , Ss          , Sm          , Ss          , Sm          , Sm          , Ss          , Sm          , Gs          , Ss          , Sm          , Ss          , Sm          , Ss          , Ss          , Ss          , Sm          , Sm          , Sm          , Ss          , Sm          , Sm          , Ss          , Gs          , Gs          , Rb          , Rb          , Rb          , Gg          , Gg          , Gs          , Gs          , Hh          , Hh          , Hh          , Gs          , Gs          , Hh          , Gs          , Gs          , Hh          , Mm          , Mm          , Ww          , Mm          , Gs          , Ww          , Wo          , Ww          , Wo          , Wo          , Wo          , Wo          , Ww          , Gs          , Gs          
Gs          , Sm          , Sm          , Ss          , Ss          , Sm          , Sm          , Sm          , Ss          , Sm          , Ss          , Sm          , Sm          , Sm          , Ss          , Sm          , Ss          , Ss          , Ss          , Sm          , Sm          , Sm          , Sm          , Sm          , Sm          , Ss          , Gs          , Gs          , Rb          , Rb          , Rb          , Gs          , Gg          , Gg          , Gs          , Gg          , Mm          , Gs          , Hh          , Hh          , Mm          , Hh          , Hh          , Hh          , Mm          , Hh          , Mm          , Ww          , Ww          , Ww          , Wo          , Wo          , Wo          , Wo          , Ww          , Ww          , Ww          , Ww          , Gs          
Gs          , Gs          , Sm          , Ss          , Sm          , Ss          , Ss          , Ss          , Gll^Fmf     , Gs          , Gll^Fmf     , Ss          , Sm          , Sm          , Sm          , Ss          , Ss          , Ss          , Sm          , Sm          , Ss          , Sm          , Sm          , Sm          , Sm          , Ss          , Ss          , Gs^Efm      , Gs^Efm      , Rb          , Rb          , Gg          , Gg          , Gg          , Gg          , Gg          , Hh          , Hh          , Mm          , Hh          , Gs          , Gs          , Mm          , Hh          , Mm          , Mm          , Mm          , Mm          , Mm          , Ww          , Ww          , Ww          , Wo          , Wo          , Wo          , Wo          , Ww          , Ww          , Ww          
Gs          , Gs          , Sm          , Sm          , Sm          , Ss          , Sm          , Sm          , Gs          , Ss          , Sm          , Ss          , Ss          , Ss          , Ss          , Sm          , Ss          , Ss          , Ss          , Ss          , Sm          , Sm          , Sm          , Sm          , Ss          , Ss          , Ss          , Gs^Efm      , Gs          , Rb          , Rb          , Gg          , Gg          , Gg          , Gg          , Gs          , Gg          , Gs          , Mm          , Mm          , Gs          , Gs          , Hh          , Mm          , Hh          , Mm          , Hh          , Mm          , Mm          , Gs          , Gs^Es       , Ww          , Ww          , Wo          , Ww          , Wo          , Ww          , Ww          , Gs          
Gs          , Gs          , Gs          , Sm          , Gs          , Gs          , Gs          , Sm          , Sm          , Sm          , Sm          , Sm          , Sm          , Ss          , Ss          , Ss          , Ss          , Sm          , Ss          , Ss          , Ss          , Sm          , Ss          , Ss          , Ss          , Ss          , Ss          , Gs          , Rb          , Rb          , Rb          , Gg          , Gg          , Gg          , Gg          , Gg          , Hh          , Hh          , Hh          , Mm          , Mm          , Hh          , Hh          , Hh          , Mm          , Mm          , Mm          , Mm          , Mm          , Gs          , Gs          , Ww          , Ww          , Ww          , Gs          , Ww          , Gs          , Gs          , Hh          
