border_size=1
usage=map

Rrc         , Gg          , Gg          , Gg          , Gg          , Gg          , Gg          , Gg          , Gg          , Gg          , Gs          , Gg          , Gg          , Gg          , Gs          , Gg          , Gg          , Wwg         , Gg          , Gs          , Gs          , Gs          , Gs          , Gs          , Gs          , Gg          , Gg          , Gg          , Gs          , Gg          , Gs          , Gg          , Gs          , Gg          , Gg          , Gg          , Gg          , Gg          , Gg          , Gg          , Gg          , Gg          , Gg          , Gg          , Gg          , Gg          , Gg          , Gg          , Gg          , Gg          , Gg          , Gg          , Gg          , Gg          , Gg          
Rrc         , Gg          , Gg          , Gg          , Gs          , Gs          , Gs          , Gg          , Gll^Fmf     , Gs          , Gg          , Gs          , Gg          , Gs          , Gs^Fms      , Gs          , Gs^Fms      , Wwg         , Gs^Fms      , Gg          , Gll^Fmf     , Gg          , Gs          , Gs          , Gs          , Gg          , Gs          , Gg          , Gg          , Gs          , Gs^Fms      , Gg          , Gs          , Gs          , Gg          , Gg          , Gll^Fmf     , Gg          , Gg          , Gg          , Gs          , Gs          , Gg          , Gs          , Gs          , Gg          , Gg          , Gg          , Gg          , Gg          , Gg          , Hh^Fms      , Hh^Fms      , Gg          , Gg          
Rp          , Rr          , Rr          , Gg          , Gg          , Gg          , Gs          , Gs          , Gs^Fms      , Gll^Fmf     , Gg          , Gs          , Gg          , Gs^Fms      , Gs^Fms      , Gs^Fms      , Gg          , Wwg         , Gg          , Gs^Fms      , Gll^Fmf     , Gs^Fms      , Gs^Fms      , Gg          , Gg          , Gs          , Gs          , Gs          , Gs^Fms      , Gs^Fms      , Gll^Fmf     , Gs          , Gs          , Gs          , Gll^Fmf     , Gll^Fmf     , Gll^Fmf     , Gs^Fms      , Gg          , Gs          , Gs          , Gs^Efm      , Gs^Efm      , Gs^Efm      , Gs^Fms      , Gll^Fmf     , Gll^Fmf     , Gs^Fms      , Gs^Fms      , Gs          , Gs          , Gg          , Hh^Fms      , Hh^Fms      , Gg          
Rr          , Rp          , Rp          , Rr          , Rp          , Gg          , Gg          , Gs          , Gs          , Gs^Fms      , Gll^Fmf     , Gs          , Gs          , Gg          , Gg          , Gg          , Wwg         , Wwg         , Gs          , Gs^Fms      , Gg          , Gll^Fmf     , Gg          , Ce          , 3 Ke        , Gg          , Gg          , Gs          , Gs^Fms      , Gg          , Gll^Fmf     , Gg          , Gs          , Gg          , Gs^Fms      , Gll^Fmf     , Gll^Fmf     , Gs^Fms      , Gg          , Gg          , Hhd^Fmf     , Gs          , Gs          , Gs          , Gll^Fmf     , Gll^Fmf     , Gg          , Gll^Fmf     , Gll^Fmf     , Gg          , Hhd^Fmf     , Hhd^Fmf     , Hh^Fms      , Hh^Fms      , Gg          
Gg          , Rp          , Rr          , Rp          , Rp          , Rr          , Rr          , Gg          , Gg          , Gs          , Gs          , Gll^Fmf     , Gll^Fmf     , Gs          , Gs          , Gg          , Wwg         , Gg          , Gs          , Gs          , Gg          , Gll^Fmf     , Gs^Fms      , Ce          , Ce          , Ce          , Gg          , Gg          , Gll^Fmf     , Gs^Fms      , Gg          , Gg^Efm      , Gs^Efm      , Gg          , Gs          , Gs          , Gs          , Gll^Fmf     , Gg          , Gg          , Hh^Fms      , Hh^Fms      , Gg          , Gll^Fmf     , Gg          , Hh^Fms      , Hh^Fms      , Gll^Fmf     , Hh^Fms      , Hh^Fms      , Hh^Fms      , Hh^Fms      , Hhd^Fmf     , Gs          , Gg          
Gg          , Gg          , Gg          , Rp          , Rr          , Rp          , Rp          , Rr          , Rr          , Gg          , Gs          , Gs          , Gs          , Gs          , Wwg         , Wwg         , Gg          , Gs          , Gg          , Gs          , Gs^Fms      , Gs^Fms      , Gg          , Ce          , Ce          , Gg          , Gs          , Gs^Fms      , Gs^Vl       , Gs^Fms      , Gg          , Gs          , Gs^Efm      , Gg          , Gs          , Gs          , Gs          , Gs          , Gs          , Gg          , Gg          , Hh^Fms      , Gll^Fmf     , Gll^Fmf     , Gll^Fmf     , Gg          , Hh^Vhh      , Hh^Fms      , Gs          , Gg          , Gg          , Hhd^Fmf     , Hh^Fms      , Gs          , Gg          
Gg          , Gg          , Gs^Fms      , Gg          , Gg          , Rp          , Rp          , Rp          , Rp          , Rr          , Rr          , Gg          , Gg          , Gg          , Wwg         , Gg          , Gs          , Gs          , Gs          , Gs          , Gs^Fms      , Gll^Fmf     , Gs^Fms      , Gg          , Gs          , Gs          , Gs          , Gg          , Gll^Fmf     , Gs^Fms      , Gg          , Gg          , Gs^Efm      , Gs^Efm      , Gs^Fms      , Gs^Fms      , Gs^Fms      , Gs^Fms      , Gs^Fms      , Gs          , Gg          , Gs^Fms      , Gs^Fms      , Gll^Fmf     , Gs^Fms      , Gll^Fmf     , Hh^Fms      , Hhd^Fmf     , Hhd^Fmf     , Gs          , Gs          , Gs          , Gs          , Gs          , Gg          
Gg          , Gs^Fms      , Gll^Fmf     , Gg          , Gs          , Gs          , Gs^Vh       , Rp          , Rr          , Rr          , Rr          , Rr          , Wwg         , Wwg         , Gg          , Gs          , Gg          , Gs          , Gg          , Gg          , Gs^Fms      , Gll^Fmf     , Gg          , Gs^Fms      , Gg          , Gs          , Gs          , Gg          , Gg          , Gg          , Gll^Fmf     , Gg          , Gs          , Gs          , Gg          , Gll^Fmf     , Gll^Fmf     , Gs^Fms      , Gg          , Gg          , Gs^Efm      , Gg          , Gg^Efm      , Gs          , Gs          , Gg          , Hh^Fms      , Gg          , Hhd^Fmf     , Hhd^Fmf     , Hh^Fms      , Gs          , Gs          , Gs          , Gg          
Gg          , Gg          , Gg          , Gg          , Gg          , Gg          , Gg          , Gg          , Gg          , Rr          , Wwg         , Wwg^Bsb\    , Rp          , Rp          , Gs^Fms      , Gll^Fmf     , Gll^Fmf     , Gll^Fmf     , Gll^Fmf     , Gs^Fms      , Gg          , Gs          , Gs          , Gg          , Gg          , Hh          , Hh          , Gg          , Gs^Fms      , Gll^Fmf     , Gg          , Gs^Fms      , Gs          , Gs          , Gs          , Gg          , Gg          , Gll^Fmf     , Gs          , Gs          , Gg          , Gg^Efm      , Gs^Efm      , Gs^Efm      , Gg^Efm      , Gs          , Gg          , Hh^Fms      , Gg          , Hhd^Fmf     , Gll^Fmf     , Gs^Fms      , Hh^Fms      , Gs          , Gg          
Gg          , Gg          , Wwg         , Wwg         , Wwg         , Gg          , Wwg         , Gg          , Wwg         , Wwg         , Rr          , Rp          , Rp          , Rr          , Gg          , Gs^Fms      , Gll^Fmf     , Gg          , Gs^Fms      , Gg          , Gs^Fms      , Gs          , Gg          , Gs          , Gg          , Hh          , Hh          , Gg          , Gg          , Gll^Fmf     , Gs^Fms      , Gs^Fms      , Gs          , Gs^Efm      , Gs^Efm      , Gs          , Gs          , Gs          , Gs^Fms      , Gs^Fms      , Gg^Efm      , Gs^Efm      , Gs          , Gs^Efm      , Gs          , Gs          , Gs          , Gs          , Gs          , Gs          , Gg          , Hh^Fms      , Gs          , Gs          , Gg          
Wwg         , Wwg         , Gg          , Gg          , Gg          , Wwg         , Gg          , Wwg         , Gg          , Gg          , Rp          , Rr          , Rp          , Rr          , Gs          , Gs          , Gg          , Gll^Fmf     , Gll^Fmf     , Gll^Fmf     , Gll^Fmf     , Gg          , Gs^Fms      , Gs          , Gg          , Hh          , Gg          , Gg          , Gg          , Gg          , Gg          , Gg          , Gs          , Gs^Efm      , Gs          , Gs          , Gg          , Gs^Fms      , Gll^Fmf     , Gs^Fms      , Gs^Efm      , Gs^Efm      , Gg          , Hh^Fms      , Hhd^Fmf     , Hhd^Fmf     , Hhd^Fmf     , Gs^Fms      , Hh^Fms      , Hh^Fms      , Hhd^Fmf     , Hh^Fms      , Gs          , Gs          , Gg          
Gg          , Gg          , Gs          , Gg          , Gs          , Gg          , Gg          , Gg          , Gg          , Gg          , Rp          , Rp          , Rp          , Rr          , Gs          , Gg          , Gg          , Gs          , Gs          , Gll^Fmf     , Gg          , Gll^Fmf     , Gs^Fms      , Gg          , Gs          , Gg          , Gg          , Gs^Fms      , Gs^Fms      , Gs          , Gs          , Gs          , Gs          , Gs          , Gs          , Gs          , Gg          , Gll^Fmf     , Gg          , Gs          , Gs          , Gg          , Hhd^Fmf     , Gg          , Hh^Fms      , Hhd^Fmf     , Gs^Fms      , Gll^Fmf     , Hhd^Fmf     , Gg          , Gg          , Gs          , Gg          , Gg          , Gg          
Gg          , Gs^Es       , Gg          , Gs          , Gg          , Gs^Efm      , Gg^Efm      , Gg          , Gg          , Gg          , Rp          , Rp          , Rp          , Rr          , Gs          , Gg          , Gg          , Gg          , Gs          , Gll^Fmf     , Gs^Fms      , Gll^Fmf     , Gg          , Gs          , Gs          , Gs          , Gg          , Gs^Fms      , Gg          , Gs          , Gg          , Gg          , Hhd^Fmf     , Gg          , Hh^Fms      , Gg          , Gs          , Gs          , Gs          , Gs          , Hhd^Fmf     , Hhd^Fmf     , Hh^Fms      , Gg          , Gg          , Gg          , Gg          , Gg          , Hhd^Fmf     , Hhd^Fmf     , Hhd^Fmf     , Hh^Fms      , Hhd^Fmf     , Hh^Fms      , Gg          
Gg          , Gs          , Gll^Fmf     , Gs^Fms      , Gll^Fmf     , Gg          , Gs          , Gg^Efm      , Gg          , Gg          , Rp          , Rp          , Rp          , Rr          , Rr          , Gs          , Gs          , Gs          , Gs          , Gll^Fmf     , Gs^Fms      , Gg          , Gs          , Gs          , Gs          , Gs          , Gg          , Gg          , Gg          , Gs          , Gs          , Hh^Fms      , Hhd^Fmf     , Hhd^Fmf     , Hhd^Fmf     , Gg          , Gs          , Gs          , Gg          , Gg          , Gg          , Hh^Fms      , Gs          , Gg          , Gg          , Gs          , Gs          , Gs          , Gs          , Gg          , Gg          , Hhd^Fmf     , Hh^Fms      , Hh^Fms      , Gg          
Gg          , Gs          , Gll^Fmf     , Gs^Vl       , Gll^Fmf     , Gg          , Gs^Efm      , Gs^Efm      , Gs^Efm      , Gg          , Gg          , Rr          , Rr          , Rp          , Rp          , Rr          , Rr          , Gg          , Gs          , Gll^Fmf     , Gll^Fmf     , Gll^Fmf     , Gg          , Gs          , Gs          , Gs          , Gs          , Gg          , Gs          , Gs          , Gs          , Hh^Fms      , Gs          , Hh^Fms      , Gg          , Gs          , Gll^Fmf     , Gll^Fmf     , Gll^Fmf     , Gs^Fms      , Gs          , Gs          , Gs          , Gs          , Gg          , Gs          , Gs          , Gs          , Gs          , Gg          , Gs^Fms      , Hh^Fms      , Gg          , Hh^Fms      , Gg          
Gg          , Gs          , Gg          , Gg          , Gs          , Gg^Efm      , Gs          , Gs^Efm      , Gs          , Gs^Efm      , Gs^Efm      , Gg          , Gg          , Rp          , Rr          , Rr          , Rp          , Rr          , Gs          , Gg          , Gg          , Gg          , Gg          , Gs          , Hh^Fms      , Gs          , Gs          , Gs          , Gs          , Gs          , Gg          , Gg          , Gs          , Gs          , Gg          , Gs          , Gs          , Gg          , Gs          , Gs^Fms      , Gs          , Gs          , Gll^Fmf     , Gs          , Gg          , Gs          , Gg          , Gs          , Gs^Fms      , Gll^Fmf     , Gll^Fmf     , Gll^Fmf     , Gll^Fmf     , Gs^Fms      , Gg          
Gg          , Gg          , Gll^Fmf     , Gs          , Gs^Efm      , Gg^Efm      , Gg          , Gg          , Gll^Fmf     , Gs          , Gs          , Gs          , Gs          , Gg          , Rp          , Rp          , Rr          , Rp          , Gs          , Gs          , Gs          , Gg          , Gg          , Hh^Fms      , Hh          , Hh^Fms      , Hh          , Gg          , Gg          , Gg          , Gs^Fms      , Gg          , Gg          , Gs          , Gs          , Gs          , Gs          , Gs          , Gs^Efm      , Gs          , Gs          , Gg          , Gll^Fmf     , Gll^Fmf     , Gll^Fmf     , Gg          , Gg          , Gs^Fms      , Gg          , Gg          , Gll^Fmf     , Gll^Fmf     , Gg          , Gg          , Gg          
Gs          , Gs^Es       , Gg          , Gs          , Gs          , Gll^Fmf     , Gg          , Gll^Fmf     , Gll^Fmf     , Gg          , Gg          , Gs          , Gs          , Gg          , Rr          , Rp          , Rp          , Rp          , Gg          , Gs          , Gs          , Gg          , Hh          , Hh^Fms      , Gs          , Gg          , Gs          , Gs          , Gs^Fms      , Gll^Fmf     , Gll^Fmf     , Gll^Fmf     , Gs^Fms      , Gg          , Hhd^Fmf     , Gs          , Hh^Fms      , Gs          , Gg          , Gs^Es       , Gg          , Gs^Fms      , Gs^Fms      , Gs^Fms      , Gs^Fms      , Gll^Fmf     , Gg          , Gs          , Gs          , Gg          , Gs          , Gg          , Gs          , Gs          , Gg          
Gs          , Gs          , Gs          , Gs^Fms      , Gs          , Gll^Fmf     , Gs          , Gs          , Gg          , Gg          , Gs          , Gs          , Gg          , Gg          , Rr          , Rp          , Rr          , Rr          , Gg          , Gg          , Gs^Es       , Gg          , Gg          , Gg          , Gs          , Gs          , Gs          , Gs          , Gg          , Gll^Fmf     , Gs          , Gll^Fmf     , Gs          , Gg          , Hhd^Fmf     , Hh^Fms      , Hh^Fms      , Hh^Fms      , Gs          , Gs^Es       , Gs          , Gg          , Gs          , Gg          , Gs          , Gg          , Gs          , Gs          , Gs          , Gs          , Gs          , Gs          , Gs          , Gg          , Gg          
Gs          , Gs          , Gs^Fms      , Gs          , Gs          , Gg          , Gg          , Gs          , Gg          , Gs          , Gs          , Gs^Es       , Gs          , Gg          , Rp          , Rp          , Rp          , Rr          , Gg          , Gs          , Gs          , Gg          , Gg          , Gs          , Gg          , Gs          , Hh          , Gg          , Gs^Fms      , Gll^Fmf     , Gg          , Gs          , Gs^Es       , Gs          , Gll^Fmf     , Gs          , Gs          , Gs          , Gs          , Gs          , Gs^Fms      , Gg          , Gs          , Gs          , Gs          , Gg          , Gs^Fms      , Gg          , Gll^Fmf     , Gs          , Gg          , Gg          , Gg          , Gs          , Gg          
Gs          , Gs          , Gs^Fms      , Gs^Fms      , Gs^Fms      , Gg^Fet      , Gll^Fmf     , Gll^Fmf     , Gs          , Gs          , Gs          , Gs          , Gs          , Gg          , Rp          , Rp          , Rr          , Rp          , Gs          , Gs          , Gg          , Gs^Fms      , Gs^Fms      , Gg          , Gg          , Hhd^Fmf     , Hh^Fms      , Hh^Fms      , Gs^Fms      , Gll^Fmf     , Gs^Fms      , Gs          , Gs          , Gg          , Gll^Fmf     , Gg          , Gs^Fms      , Gs          , Gs          , Gs          , Gg          , Gs          , Gs          , Gs          , Gs          , Gs^Fms      , Gs          , Gll^Fmf     , Gg          , Gll^Fmf     , Gll^Fmf     , Gs^Fms      , Gs^Fms      , Gg          , Gg          
Gg          , Gs          , Gg          , Gll^Fmf     , Gg          , Gg          , Gs          , Gs          , Gs^Fms      , Gs          , Gll^Fmf     , Gg          , Gs          , Gg          , Rr          , Rp          , Rp          , Rp          , Gg          , Gs          , Gg          , Gll^Fmf     , Gll^Fmf     , Gll^Fmf     , Gg          , Hh^Fms      , Gg          , Hh          , Gs          , Gs^Fms      , Gg          , Gs          , Gs          , Gs          , Gg          , Gll^Fmf     , Gll^Fmf     , Gs          , Gs          , Gs          , Gs          , Gs          , Gg          , Gs          , Gs          , Gs          , Gs          , Gs          , Gs          , Gg          , Gll^Fmf     , Gs^Fms      , Gs^Fms      , Gg          , Gg          
Gs          , Gg          , Gs          , Gg          , Gs          , Gs          , Gs^Es       , Gg          , Gs^Fms      , Gs^Vl       , Gs^Fms      , Gll^Fmf     , Gs          , Gs          , Rp          , Rp          , Rp          , Rr          , Gg          , Gs          , Gs          , Gg          , Gs          , Gg          , Gll^Fmf     , Gg          , Gg          , Gs          , Gs          , Gg          , Hh^Fms      , Hh^Fms      , Gg          , Gs          , Gs          , Gg          , Gs          , Gs^Efm      , Gs^Efm      , Gs          , Gs^Fms      , Gg          , Gll^Fmf     , Gg          , Gs          , Gg          , Gs          , Gs^Fms      , Gll^Fmf     , Gll^Fmf     , Gg          , Gg          , Gs          , Gg          , Gg          
Gs          , Gs          , Gs          , Gs          , Gs          , Gs          , Gg          , Gg          , Gg          , Gs^Fms      , Gll^Fmf     , Gg          , Gs          , Gs          , Rp          , Rp          , Rp          , Rr          , Gg          , Gg          , Gs          , Gs          , Gs          , Gg          , Gll^Fmf     , Gs^Fms      , Gg          , Gs          , Gs^Es       , Hhd^Fmf     , Hhd^Fmf     , Hhd^Fmf     , Gll^Fmf     , Gg          , Gs          , Gs          , Gs          , Gg^Efm      , Gs^Efm      , Gs          , Gs^Fms      , Gll^Fmf     , Gs^Fms      , Gs^Fms      , Gs          , Gs^Fms      , Gs          , Gg          , Gs^Fms      , Gs^Fms      , Gll^Fmf     , Gs^Fms      , Gg          , Gs          , Gg          
Gg          , Gg          , Gg          , Gg          , Gs^Fms      , Gs          , Gs          , Gll^Fmf     , Gll^Fmf     , Gg          , Gll^Fmf     , Gg          , Gs          , Gs          , Rp          , Rp          , Rr          , Rr          , Gg          , Gs          , Gs          , Gs^Es       , Gg          , Gs          , Gll^Fmf     , Gll^Fmf     , Gs          , Gs          , Gs          , Gll^Fmf     , Gll^Fmf     , Gg          , Gg          , Gg          , Gs          , Gg          , Gs          , Gg          , Gs          , Gs          , Gs^Fms      , Gll^Fmf     , Gll^Fmf     , Gg          , Gs          , Gg          , Gs          , Gs          , Gg          , Gll^Fmf     , Gs^Fms      , Gs^Fms      , Gs          , Gs          , Gs          
Gg          , Gg          , Gs          , Gs^Fms      , Gg          , Gs          , Gs          , Gll^Fmf     , Gs          , Gg          , Gg          , Gll^Fmf     , Gs^Fms      , Gs          , Rr          , Rp          , Rp          , Rp          , Rr          , Gs          , Gg          , Gs          , Gs          , Gs          , Gs          , Gs          , Gs          , Gs          , Gs          , Gs^Fms      , Gs          , Gg          , Gs          , Gs          , Gs          , Gg          , Gs^Fms      , Gs          , Gll^Fmf     , Gs          , Gll^Fmf     , Gll^Fmf     , Gg          , Gll^Fmf     , Gs^Fms      , Gs          , Gs          , Gs^Efm      , Gs          , Gs          , Gs          , Gs^Efm      , Gs^Efm      , Gs^Efm      , Gs          
Gg          , Gs          , Gg          , Gs^Fms      , Gs^Fms      , Gg          , Gs          , Gs          , Gg          , Gs          , Gs^Fms      , Gs^Fms      , Gg          , Gs^Fms      , Gg          , Rr          , Rp          , Rp          , Rp          , Rr          , Rr          , Gs          , Gs          , Gs          , Gs          , Gg          , Gs          , Gg          , Gs          , Gs          , Gg          , Gs          , Gs          , Gs          , Gg          , Gll^Fmf     , Gll^Fmf     , Gll^Fmf     , Gg          , Gll^Fmf     , Gg          , Gs^Fms      , Gg          , Gs^Fms      , Gg          , Gs^Fms      , Gg^Efm      , Gs^Efm      , Gg          , Gs          , Gs^Fms      , Gg          , Gs^Fms      , Gg          , Gs          
Gg          , Gs          , Gg          , Gll^Fmf     , Gs^Fms      , Gs          , Gs          , Gg          , Gll^Fmf     , Gg          , Gs^Fms      , Gs^Fms      , Gs^Fms      , Gg          , Gg          , Gg          , Gg          , 1 Rp        , Rr          , Rp          , Rp          , Rp          , Rr          , Gs          , Gs          , Gs          , Gs          , Gs          , Gg          , Gg          , Gg          , Gs          , Gs          , Gs          , Gs          , Gg          , Gs          , Gs          , Gs          , Gs          , Gs          , Gs          , Gs^Efm      , Gg          , Gs^Efm      , Gs^Efm      , Gs          , Gg          , Gs^Fms      , Gll^Fmf     , Gg          , Gg          , Gs^Efm      , Gg^Efm      , Gg          
Gg          , Gg          , Gs^Fms      , Gg          , Gs^Fms      , Gs          , Gs^Es       , Gll^Fmf     , Gll^Fmf     , Gg          , Gs          , Gg          , Gg          , Gs          , Gs          , Gs          , Gs          , Gg          , Gg          , Rp          , Rp          , Rp          , Rp          , Rr          , Rr          , Gs^Es       , Gg          , Gll^Fmf     , Gll^Fmf     , Gs^Fms      , Gg          , Gs          , Gs          , Gs          , Gg          , Gs          , Gs          , Gs          , Gs^Fms      , Gg          , Gs          , Gs^Efm      , Gs^Efm      , Gs^Efm      , Gs^Efm      , Gs^Efm      , Gg          , Gg          , Gg          , Gll^Fmf     , Gs^Fms      , Gs          , Gs          , Gs          , Gs          
Gg          , Gs^Fms      , Gs^Fms      , Gg          , Gg          , Gs          , Gg          , Gg          , Gs          , Gs          , Gg          , Gg          , Gll^Fmf     , Gs^Fms      , Gs^Fms      , Gg          , Gs          , Gg          , Gll^Fmf     , Gg          , Gg          , Rp          , Rp          , Rp          , Rp          , Rr          , Rr          , Gll^Fmf     , Gll^Fmf     , Gs^Fms      , Gs          , Gs          , Gs^Fms      , Gs^Fms      , Gg          , Gs^Fms      , Gs          , Gs          , Gll^Fmf     , Gs^Fms      , Gg          , Gs          , Gs          , Gs^Efm      , Gs          , Gs          , Gg          , Gs^Fms      , Gs^Fms      , Gg          , Gll^Fmf     , Gll^Fmf     , Gs          , Gs          , Gs          
Gg          , Gg          , Gs^Fms      , Gs^Fms      , Gs^Fms      , Gs^Fms      , Gs          , Gs          , Gs^Fms      , Gs^Fms      , Gs^Fms      , Gs^Fms      , Gll^Fmf     , Gll^Fmf     , Gs^Fms      , Gs^Fms      , Gs          , Gll^Fmf     , Gll^Fmf     , Gll^Fmf     , Gll^Fmf     , Gs^Fms      , Gg          , Rp          , Rr          , Rp          , Rp          , Rr          , Rp          , Gg          , Gg          , Gs          , Gll^Fmf     , Gll^Fmf     , Gll^Fmf     , Gs^Fms      , Gs          , Gs          , Gs^Fms      , Gll^Fmf     , Gll^Fmf     , Gg          , Gs          , Gg          , Gll^Fmf     , Gll^Fmf     , Gll^Fmf     , Gs^Fms      , Gg          , Gll^Fmf     , Gs          , Gs          , Gg^Efm      , Gg^Efm      , Gs          
Gg          , Gg          , Gg          , Gg          , Gg^Efm      , Gs          , Gs^Efm      , Gs^Fms      , Gg          , Gg          , Gll^Fmf     , Gs^Vl       , Gs^Fms      , Gll^Fmf     , Gll^Fmf     , Gs^Fms      , Gs          , Gll^Fmf     , Gll^Fmf     , Gs^Fms      , Gs          , Gs          , Gg          , Gs^Vh       , Gg          , Rr          , Rp          , Rp          , Rp          , Rr          , Rp^Es       , Gg          , Gg          , Gg          , Gs          , Gs          , Gs          , Gg          , Gg          , Gs^Fms      , Gs^Fms      , Gs          , Gs          , Gs          , Gll^Fmf     , Gs^Fms      , Gs^Fms      , Gll^Fmf     , Gs          , Gs          , Gs^Fms      , Gg          , Gg          , Gg^Efm      , Gs          
Gg          , Gg^Efm      , Gg^Efm      , Gg^Efm      , Gg          , Gg^Efm      , Gs^Efm      , Gs^Efm      , Gs^Efm      , Gg          , Gll^Fmf     , Gs^Fms      , Gll^Fmf     , Gll^Fmf     , Gg          , Gg          , Gs          , Gg          , Gs          , Gs          , Gll^Fmf     , Gg          , Gs^Fms      , Gs^Fms      , Gs^Fms      , Gs          , Gg          , Rr^Es       , Rp          , Rp          , Rp          , Rp          , Gg          , Gs          , Gs          , Gs          , Gll^Fmf     , Gs^Fms      , Gll^Fmf     , Gs^Fms      , Gs^Fms      , Gg          , Gs^Efm      , Gs          , Gg          , Gll^Fmf     , Gs          , Gs          , Gs          , Gll^Fmf     , Gll^Fmf     , Gll^Fmf     , Gg          , Gs^Efm      , Gs          
Gg          , Gg          , Gs^Fms      , Gs^Fms      , Gs^Fms      , Gs^Fms      , Gg          , Gg^Efm      , Gs^Efm      , Gs          , Gs^Fms      , Gll^Fmf     , Gg          , Gll^Fmf     , Gs^Fms      , Gs          , Gs          , Gg          , Gg          , Gs^Fms      , Gs^Fms      , Gll^Fmf     , Gs^Fms      , Gg          , Gs^Fms      , Gs          , Gs          , Gg          , Rr          , Rp          , Rp          , Rp          , Gg          , Gs          , Gs          , Gs^Fms      , Gll^Fmf     , Gll^Fmf     , Gll^Fmf     , Gg          , Gs^Efm      , Gs^Efm      , Gg^Efm      , Gs          , Gs          , Gs          , Gs          , Gs^Efm      , Gs^Efm      , Gg          , Gg          , Gg          , Gs^Efm      , Gs^Efm      , Gg          
Gg          , Gs^Fms      , Gg          , Gg          , Gs^Fms      , Gll^Fmf     , Gs^Fms      , Gs^Fms      , Gs^Efm      , Gs^Efm      , Gg^Efm      , Gg          , Gg          , Gg          , Gs^Fms      , Gg          , Gs          , Gs          , Gll^Fmf     , Gs^Fms      , Gs^Fms      , Gll^Fmf     , Gg          , Gs^Fms      , Gg          , Gs^Fms      , Gs          , Gs          , Rr          , Rp          , Rr          , Rr^Es       , Rp          , Gs          , Gg          , Gs^Fms      , Gs^Fms      , Gs^Fms      , Gs^Fms      , Gs          , Gs^Efm      , Gs^Efm      , Gs          , Gs          , Gg          , Gg          , Gs^Fms      , Gs          , Gg          , Gs^Efm      , Gs^Efm      , Gg^Efm      , Gs^Efm      , Gs^Efm      , Gg          
Gg          , Gs^Fms      , Gg          , Gg          , Gs^Fms      , Gll^Fmf     , Gg          , Gg          , Gs^Efm      , Gs^Efm      , Gs^Efm      , Gs^Efm      , Gg          , Gg          , Gs^Fms      , Gg          , Gs          , Gg          , Gs          , Gs^Fms      , Gll^Fmf     , Gs^Fms      , Gs^Fms      , Gs^Fms      , Gs^Fms      , Gs^Fms      , Gs          , Gs          , Gs          , Rp          , Rr          , Rr          , Rr          , Rr          , Rp          , Gg          , Gg          , Gg          , Gg^Efm      , Gs^Efm      , Gs^Efm      , Gs          , Gll^Fmf     , Gll^Fmf     , Gs^Fms      , Gll^Fmf     , Gs^Fms      , Gs^Fms      , Gll^Fmf     , Gll^Fmf     , Gll^Fmf     , Gs^Fms      , Gs          , Gs^Efm      , Gg          
Gg          , Gg          , Gs^Fms      , Gll^Fmf     , Gs^Fms      , Gs^Fms      , Gg          , Gs          , Gg          , Gg          , Gs^Fms      , Gs^Fms      , Gs^Fms      , Gs^Fms      , Gs          , Gs^Fms      , Gs          , Gg          , Gs^Fms      , Gs          , Gs          , Gll^Fmf     , Gs          , Gll^Fmf     , Gs          , Gs          , Gs^Fms      , Gs^Fms      , Gs          , Gg          , Gs^Vh       , Rr          , Rp          , Rp          , Rp          , Rp          , Rr          , Gg          , Gs^Efm      , Gs^Efm      , Gs^Efm      , Gs          , Gs^Fms      , Gll^Fmf     , Gll^Fmf     , Gg          , Gg          , Gll^Fmf     , Gll^Fmf     , Gg          , Gll^Fmf     , Gg          , Gs^Efm      , Gs^Efm      , Gg          
Gs^Fms      , Gg          , Gs^Fms      , Gll^Fmf     , Gll^Fmf     , Gs^Fms      , Gll^Fmf     , Gs^Fms      , Gg          , Gs^Fms      , Gs          , Gg          , Gs          , Gs          , Gs^Fms      , Gs          , Gs          , Gs          , Gs^Fms      , Gs          , Gg          , Gs          , Gs          , Gs          , Gs^Fms      , Gs          , Gs^Fms      , Gs^Fms      , Gs          , Gg          , Gs^Fms      , Gs^Fms      , Gg          , Rp          , Rr          , Rr          , Rr          , Rp          , Gs          , Gs          , Gs          , Gs          , Gg          , Gg          , Gg^Efm      , Gg^Efm      , Gg^Efm      , Gs^Fms      , Gll^Fmf     , Gll^Fmf     , Gg          , Gs          , Gs          , Gs^Efm      , Gg          
Gs^Fms      , Gs^Fms      , Gg          , Gll^Fmf     , Gll^Fmf     , Gs^Vl       , Gll^Fmf     , Gg          , Gs^Fms      , Gs          , Gll^Fmf     , Gs^Es       , Gll^Fmf     , Gg          , Gs^Fms      , Gs          , Gs          , Gg          , Gll^Fmf     , Gs          , Gs^Fms      , Gs^Fms      , Gll^Fmf     , Gs^Fms      , Gs^Fms      , Gs          , Gs          , Gs          , Gg          , Gs^Fms      , Gs^Fms      , Gs^Fms      , Gll^Fmf     , Gs          , Gs          , Rp          , Rp          , Rr          , Rr          , Gs          , Rr          , Gg          , Gs          , Gs          , Gs^Efm      , Gs^Efm      , Gs          , Gg          , Gg          , Gll^Fmf     , Gs^Fms      , Gs          , Gs          , Gs          , Gg          
Gg          , Gs^Fms      , Gg          , Gs^Fms      , Gll^Fmf     , Gll^Fmf     , Gll^Fmf     , Gg          , Gll^Fmf     , Gs          , Gg          , Gg          , Gs^Fms      , Gll^Fmf     , Gg          , Gg          , Gs          , Gs          , Gll^Fmf     , Gs          , Gs          , Gll^Fmf     , Gs^Fms      , Gll^Fmf     , Gll^Fmf     , Gs          , Gg          , Gs          , Gs          , Gg          , Gll^Fmf     , Gg          , Gll^Fmf     , Gs^Fms      , Gs^Fms      , Gs^Es       , Gs          , Rp          , Rp          , Rp          , Rr          , Rr          , Rr          , Gg          , Gs          , Gs          , Gs^Fms      , Gs^Fms      , Gll^Fmf     , Gg          , Gg          , Gg          , Gll^Fmf     , Gg          , Gg          
Gg          , Gg          , Gs          , Gs^Fms      , Gs          , Gs^Fms      , Gg          , Gg          , Gs^Fms      , Gs          , Gll^Fmf     , Gs^Fms      , Gs^Fms      , Gs^Fms      , Gs^Fms      , Gs^Fms      , Gs          , Gg          , Gll^Fmf     , Gll^Fmf     , Gs          , Gg          , Gs          , Gg          , Gs          , Gs          , Gs          , Gs          , Gs^Fms      , Gs^Fms      , Gll^Fmf     , Gs          , Gll^Fmf     , Gll^Fmf     , Gll^Fmf     , Gs          , Gs          , Gg          , Gg          , Rp          , Rp          , Rr          , Rp          , Gg          , Gs          , Gs^Fms      , Gs^Fms      , Gll^Fmf     , Gll^Fmf     , Gll^Fmf     , Gll^Fmf     , Gs^Fms      , Gll^Fmf     , Gs^Fms      , Gg          
Gg          , Gg          , Gs^Fms      , Gs          , Gs^Fms      , Gs          , Gs^Es       , Gll^Fmf     , Gg          , Gs^Fms      , Gll^Fmf     , Gll^Fmf     , Gll^Fmf     , Gg          , Gs^Fms      , Gs          , Gs          , Gg          , Gll^Fmf     , Gs^Fms      , Gs^Fms      , Gs          , Gs          , Gs          , Gll^Fmf     , Gs^Fms      , Gs^Fms      , Gs          , Gs          , Gs^Fms      , Gll^Fmf     , Gs          , Gs          , Gll^Fmf     , Gll^Fmf     , Gg          , Gll^Fmf     , Gll^Fmf     , Gg          , Rp          , Rp          , Rp          , Rp          , Gg          , Gs          , Gg          , Gg          , Gg          , Gs^Fms      , Gll^Fmf     , Gg          , Gg          , Gs^Fms      , Gs^Fms      , Gg          
Gg          , Gs^Fms      , Gll^Fmf     , Gll^Fmf     , Gll^Fmf     , Gg          , Gs          , Gll^Fmf     , Gll^Fmf     , Gll^Fmf     , Gg          , Gll^Fmf     , Gll^Fmf     , Gll^Fmf     , Gs          , Gs          , Gg          , Gll^Fmf     , Gll^Fmf     , Gs^Fms      , Gg          , Gs          , Gs^Fms      , Gll^Fmf     , Gll^Fmf     , Gll^Fmf     , Gg          , Gg          , Gs          , Gll^Fmf     , Gll^Fmf     , Gs          , Gs^Fms      , Gs          , Gs          , Gll^Fmf     , Gs^Fms      , Gs^Fms      , Gg          , Rr          , Rp          , Rr          , Rr          , Rr          , Rr          , Gs          , Gs^Vh       , Gg          , Gs          , Gll^Fmf     , Gll^Fmf     , Gll^Fmf     , Gs^Fms      , Gg          , Gg          
Gg          , Gg          , Gll^Fmf     , Gg          , Gll^Fmf     , Gs          , Gg          , Gs^Fms      , Gs^Fms      , Gll^Fmf     , Gll^Fmf     , Gg          , Gs^Fms      , Gs          , Gs          , Gg          , Gg          , Gs^Fms      , Gs^Fms      , Gll^Fmf     , Gs^Fms      , Gs          , Gs          , Gll^Fmf     , Gll^Fmf     , Gg          , Gs^Fms      , Gll^Fmf     , Gll^Fmf     , Gll^Fmf     , Gll^Fmf     , Gll^Fmf     , Gll^Fmf     , Gll^Fmf     , Gll^Fmf     , Gs          , Gs          , Gll^Fmf     , Gll^Fmf     , Gs          , Gs          , Rp          , Rr          , Rr          , Rr          , Rr          , Rr          , Gg          , Gs          , Gs          , Gg          , Gll^Fmf     , Gs^Fms      , Gg          , Gg          
Gg          , Gg          , Gll^Fmf     , Gg          , Gs          , Gs          , Gs          , Gg          , Gll^Fmf     , Gll^Fmf     , Gll^Fmf     , Gs^Fms      , Gs          , Gs          , Gs          , Gs^Fms      , Gs^Fms      , Gs          , Gs^Efm      , Gs          , Gg          , Gs^Es       , Gs          , Gll^Fmf     , Gll^Fmf     , Gs^Fms      , Gs^Fms      , Gs^Fms      , Gll^Fmf     , Gs^Fms      , Gg          , Gs^Fms      , Gll^Fmf     , Gll^Fmf     , Gll^Fmf     , Gg          , Gs          , Gll^Fmf     , Gll^Fmf     , Gll^Fmf     , Gll^Fmf     , Gs          , Gs          , Rp          , Rr          , Rr          , Rp          , Rp          , Rr          , Gs^Efm      , Gs^Efm      , Gll^Fmf     , Gs^Fms      , Gs^Fms      , Gg          
Gg          , Gs^Fms      , Gs^Fms      , Gs          , Gll^Fmf     , Gs          , Gs          , Gll^Fmf     , Gll^Fmf     , Gs^Fms      , Gs          , Gs          , Gg          , Gg          , Gs          , Gs^Vl       , Gs          , Gg          , Gs^Efm      , Gs          , Gs^Fms      , Gs^Fms      , Gs          , Gll^Fmf     , Gll^Fmf     , Gll^Fmf     , Gll^Fmf     , Gg          , Gll^Fmf     , Gg          , Gs          , Gs          , Gs          , Gs^Fms      , Gll^Fmf     , Gll^Fmf     , Gs          , Gg          , Gll^Fmf     , Gg          , Gg          , Gs^Fms      , Gs^Fms      , Gg          , Gg          , Rp          , Rr          , Rr          , Rr          , Gs^Efm      , Gs^Efm      , Gg^Efm      , Gs^Efm      , Gg          , Gg          
Gg          , Gll^Fmf     , Gll^Fmf     , Gll^Fmf     , Gll^Fmf     , Gs          , Gs^Efm      , Gs          , Gs^Efm      , Gs          , Gg          , Gg          , Gll^Fmf     , Gs^Fms      , Gs          , Gs          , Gs^Efm      , Gs^Efm      , Gll^Fmf     , Gll^Fmf     , Gll^Fmf     , Gg          , Gs          , Gs^Fms      , Gs^Fms      , Gs^Fms      , Gg          , Gll^Fmf     , Gs^Fms      , Gs          , Gs^Fms      , Gs^Fms      , Gs          , Gs          , Gs          , Gll^Fmf     , Gll^Fmf     , Gg          , Gll^Fmf     , Gs^Fms      , Gs^Fms      , Gs^Fms      , Gg          , Gs          , Gg          , Rr          , Rr          , Rr          , Rp          , Gs          , Gs          , Gg^Efm      , Gs          , Gs^Efm      , Gs          
Gg          , Gs^Fms      , Gs^Fms      , Gs^Fms      , Gg          , Gs          , Gg^Es       , Gs^Efm      , Gs^Fms      , Gs          , Gs          , Gs^Fms      , Gll^Fmf     , Gll^Fmf     , Gll^Fmf     , Gs          , Gg          , Gll^Fmf     , Gll^Fmf     , Gll^Fmf     , Gg          , Gs^Fms      , Gs          , Gs^Fms      , Gs^Efm      , Gg          , Gs          , Gll^Fmf     , Gg          , Gs          , Gs^Fms      , Gs^Fms      , Gg          , Gs          , Gs          , Gll^Fmf     , Gll^Fmf     , Gll^Fmf     , Gs          , Gs^Fms      , Gs^Fms      , Gs^Fms      , Gg          , Gs          , Gs          , Rr          , Rr          , Rp          , Rp          , Rr          , Rr          , Gs          , Gg          , Gs          , Gs          
Gg          , Gg          , Gg          , Gll^Fmf     , Gs^Fms      , Gs          , Gs^Efm      , Gg          , Gs^Fms      , Gs          , Gs^Efm      , Gs^Fms      , Gs^Es       , Gs          , Gll^Fmf     , Gs          , Gg          , Gll^Fmf     , Gs^Fms      , Gs^Fms      , Gg          , Gs^Fms      , Gg          , Gs^Efm      , Gs^Efm      , Gs          , Gs^Fms      , Gs          , Gs^Es       , Gs          , Gs^Fms      , Gll^Fmf     , Gll^Fmf     , Gs^Fms      , Gs^Fms      , Gs          , Gll^Fmf     , Gll^Fmf     , Gll^Fmf     , Gs          , Gll^Fmf     , Gll^Fmf     , Gll^Fmf     , Gs          , Gg          , Gg          , Gs          , Rp          , Rp          , Rr          , Rr          , Rp          , Rr          , Gs          , Gg          
Gs^Fms      , Gs^Fms      , Gs^Fms      , Gll^Fmf     , Gg          , Gs^Fms      , Gs^Efm      , Gs          , Gs^Efm      , Gs^Efm      , Gs          , Gs          , Gll^Fmf     , Gg          , Gs^Fms      , Gs          , Gs^Fms      , Gs^Fms      , Gs^Fms      , Gg          , Gs          , Gs^Fms      , Gs^Efm      , Gs^Efm      , Gg          , Gs^Fms      , Gs^Fms      , Gs^Es       , Gs          , Gs          , Gg          , Gll^Fmf     , Gs^Fms      , Gg          , Gs^Fms      , Gs          , Gs          , Gll^Fmf     , Gll^Fmf     , Gs          , Gs          , Gll^Fmf     , Gll^Fmf     , Gll^Fmf     , Gs^Fms      , Gg          , Gg          , Gg          , Gs^Vh       , Rr          , Rr          , Rp          , Rr          , Rr          , Gg          
Gg          , Gs^Fms      , Gll^Fmf     , Gs^Fms      , Gs          , Gs          , Gg^Efm      , Gs^Efm      , Ce          , Gll^Fmf     , Ce          , Gll^Fmf     , Gg          , Gll^Fmf     , Gll^Fmf     , Gs          , Gs          , Gg          , Gll^Fmf     , Gs^Fms      , Gs          , Gs          , Gs^Efm      , Gs^Es       , Gs^Fms      , Gll^Fmf     , Gg          , Gs          , Gs^Fms      , Gs^Fms      , Gs^Fms      , Gll^Fmf     , Gll^Fmf     , Gs^Fms      , Gg          , Gs          , Gs          , Gll^Fmf     , Gll^Fmf     , Gs^Fms      , Gs^Fms      , Gs^Fms      , Gll^Fmf     , Gll^Fmf     , Gll^Fmf     , Gs^Fms      , Gll^Fmf     , Gs^Fms      , Gs^Fms      , Gg          , Gg          , Rr          , Rr          , Rr          , Gg          
Gg          , Gg          , Gll^Fmf     , Gll^Fmf     , Gs          , Gs^Es       , Gs^Fms      , Gll^Fmf     , Ce          , Ce          , 2 Ke        , Ce          , Gll^Fmf     , Gll^Fmf     , Gg          , Gs          , Gll^Fmf     , Gg          , Gs^Fms      , Gll^Fmf     , Gll^Fmf     , Gg          , Gg          , Gs^Efm      , Gs          , Gll^Fmf     , Gll^Fmf     , Gs          , Gs^Fms      , Gll^Fmf     , Gll^Fmf     , Gll^Fmf     , Gg          , Gg          , Gs          , Gs^Es       , Gs          , Gll^Fmf     , Gs          , Gg          , Gs          , Gs          , Gll^Fmf     , Gg          , Gg          , Gll^Fmf     , Gll^Fmf     , Gs^Fms      , Gg          , Gs          , Gs          , Rp          , Rr          , Rr          , Gg          
Gg          , Gs^Fms      , Gll^Fmf     , Gll^Fmf     , Gs          , Gs          , Gs^Fms      , Gg          , Gll^Fmf     , Ce          , Gll^Fmf     , Gg          , Gs^Fms      , Gg          , Gs          , Gs          , Gll^Fmf     , Gs^Fms      , Gg          , Gll^Fmf     , Gll^Fmf     , Gg          , Gs^Fms      , Gs          , Gs          , Gll^Fmf     , Gs^Fms      , Gs          , Gs          , Gg          , Gg          , Gll^Fmf     , Gll^Fmf     , Gs          , Gs^Fms      , Gs          , Gs          , Gs          , Gs^Fms      , Gs          , Gs^Fms      , Gs^Fms      , Gll^Fmf     , Gll^Fmf     , Gg          , Gg          , Gll^Fmf     , Gs^Fms      , Gs^Fms      , Gs          , Gs          , Rr          , Rp          , Rp          , Gg          
Gg          , Gs^Fms      , Gll^Fmf     , Gg          , Gll^Fmf     , Gs          , Gll^Fmf     , Gll^Fmf     , Gs^Fms      , Gs^Fms      , Gll^Fmf     , Gll^Fmf     , Gll^Fmf     , Gg          , Gg          , Gs          , Gll^Fmf     , Gll^Fmf     , Gs          , Gg          , Gll^Fmf     , Gll^Fmf     , Gll^Fmf     , Gs          , Gs          , Gll^Fmf     , Gll^Fmf     , Gs^Fms      , Gs          , Gs^Es       , Gs          , Gll^Fmf     , Gll^Fmf     , Gll^Fmf     , Gll^Fmf     , Gll^Fmf     , Gll^Fmf     , Gs^Fms      , Gll^Fmf     , Gll^Fmf     , Gs^Fms      , Gg          , Gg          , Gll^Fmf     , Gs^Fms      , Gg          , Gs          , Gg          , Gs^Efm      , Gs^Efm      , Gg          , Rr          , Rp          , Rp          , Gg          
Gg          , Gg          , Gg          , Gll^Fmf     , Gg          , Gll^Fmf     , Gg          , Gg          , Gg          , Gg          , Gg          , Gll^Fmf     , Gll^Fmf     , Gg          , Gg          , Gg          , Gg          , Gs^Fms      , Gg          , Gg          , Gg          , Gll^Fmf     , Gg          , Gg          , Gg          , Gll^Fmf     , Gg          , Gs^Fms      , Gg          , Gs          , Gg          , Gs          , Gg          , Gs^Fms      , Gs^Fms      , Gs^Fms      , Gg          , Gll^Fmf     , Gg          , Gll^Fmf     , Gg          , Gg          , Gg          , Gg          , Gg          , Gg          , Gg          , Gs          , Gs          , Gs^Efm      , Gg          , Rp          , Rp          , Rp          , Gg          
